******************************************************************************
                  MSP430 Linker PC v21.6.0                     
******************************************************************************
>> Linked Sat Jun 25 18:50:47 2022

OUTPUT FILE NAME:   <Exercise_[4]_[Altinordu].out>
ENTRY POINT SYMBOL: "_c_int00_noargs"  address: 0000cebc


MEMORY CONFIGURATION

         name            origin    length      used     unused   attr    fill
----------------------  --------  ---------  --------  --------  ----  --------
  SFR                   00000000   00000010  00000000  00000010  RWIX
  PERIPHERALS_8BIT      00000010   000000f0  00000000  000000f0  RWIX
  PERIPHERALS_16BIT     00000100   00000100  00000000  00000100  RWIX
  RAM                   00000200   00000200  00000100  00000100  RWIX
  INFOD                 00001000   00000040  00000000  00000040  RWIX
  INFOC                 00001040   00000040  00000000  00000040  RWIX
  INFOB                 00001080   00000040  00000000  00000040  RWIX
  INFOA                 000010c0   00000040  00000000  00000040  RWIX
  FLASH                 0000c000   00003fde  000010d4  00002f0a  RWIX
  BSLSIGNATURE          0000ffde   00000002  00000002  00000000  RWIX  ffff 
  INT00                 0000ffe0   00000002  00000002  00000000  RWIX
  INT01                 0000ffe2   00000002  00000000  00000002  RWIX
  INT02                 0000ffe4   00000002  00000002  00000000  RWIX
  INT03                 0000ffe6   00000002  00000002  00000000  RWIX
  INT04                 0000ffe8   00000002  00000000  00000002  RWIX
  INT05                 0000ffea   00000002  00000002  00000000  RWIX
  INT06                 0000ffec   00000002  00000002  00000000  RWIX
  INT07                 0000ffee   00000002  00000002  00000000  RWIX
  INT08                 0000fff0   00000002  00000002  00000000  RWIX
  INT09                 0000fff2   00000002  00000002  00000000  RWIX
  INT10                 0000fff4   00000002  00000002  00000000  RWIX
  INT11                 0000fff6   00000002  00000002  00000000  RWIX
  INT12                 0000fff8   00000002  00000002  00000000  RWIX
  INT13                 0000fffa   00000002  00000002  00000000  RWIX
  INT14                 0000fffc   00000002  00000002  00000000  RWIX
  RESET                 0000fffe   00000002  00000002  00000000  RWIX


SECTION ALLOCATION MAP

 output                                  attributes/
section   page    origin      length       input sections
--------  ----  ----------  ----------   ----------------
.data      0    00000200    0000007d     UNINITIALIZED
                  00000200    0000001b     main.obj (.data:ALPHABET)
                  0000021b    00000001     LCD.obj (.data)
                  0000021c    00000014     spi.obj (.data:SPI_DUMMY)
                  00000230    00000014     spi.obj (.data:SPI_RX_BUFF)
                  00000244    00000014     spi.obj (.data:SPI_TX_BUFF)
                  00000258    00000010     main.obj (.data:LETTR_MEM)
                  00000268    00000004     main.obj (.data)
                  0000026c    00000004     spi.obj (.data)
                  00000270    00000001     flash.obj (.data:PP)
                  00000271    00000001     --HOLE--
                  00000272    00000001     flash.obj (.data:READ)
                  00000273    00000001     --HOLE--
                  00000274    00000001     flash.obj (.data:SE)
                  00000275    00000001     --HOLE--
                  00000276    00000001     flash.obj (.data:WRDI)
                  00000277    00000001     --HOLE--
                  00000278    00000001     flash.obj (.data:WREN)
                  00000279    00000001     --HOLE--
                  0000027a    00000001     flash.obj (.data:WRSR)
                  0000027b    00000001     --HOLE--
                  0000027c    00000001     adac.obj (.data:config)

.bss       0    0000027e    00000033     UNINITIALIZED
                  0000027e    00000010     (.common:WELCOME)
                  0000028e    0000000e     i2c.obj (.bss)
                  0000029c    00000004     (.common:AX)
                  000002a0    00000004     (.common:JOY_RD_ALL)
                  000002a4    00000002     (.common:JOY_READ_AX)
                  000002a6    00000002     (.common:USCIAB0_I2C_RX)
                  000002a8    00000002     (.common:USCIAB0_I2C_TX)
                  000002aa    00000002     (.common:USCIAB0_SPI_RX)
                  000002ac    00000002     (.common:USCIAB0_SPI_TX)
                  000002ae    00000001     (.common:SPI_COPY_IDX)
                  000002af    00000001     (.common:i)
                  000002b0    00000001     (.common:letter)

.stack     0    000003b0    00000050     UNINITIALIZED
                  000003b0    00000002     rts430_eabi.lib : boot.c.obj (.stack)
                  000003b2    0000004e     --HOLE--

.text      0    0000c000    0000107c     
                  0000c000    0000013a     flash.obj (.text:flash_write_status)
                  0000c13a    0000012a     main.obj (.text:change_position)
                  0000c264    000000fc     main.obj (.text:choose_letter)
                  0000c360    000000e2     main.obj (.text:main)
                  0000c442    000000aa     flash.obj (.text:flash_SE)
                  0000c4ec    0000009e     flash.obj (.text:flash_write)
                  0000c58a    00000080     i2c.obj (.text:I2C_TX)
                  0000c60a    00000080     LCD.obj (.text:lcd_init)
                  0000c68a    0000007c     joy.obj (.text:JOY_READ_ALL)
                  0000c706    0000007c     rts430_eabi.lib : copy_decompress_lzss.c.obj (.text:decompress:lzss:__TI_decompress_lzss)
                  0000c782    00000078     i2c.obj (.text:i2c_init)
                  0000c7fa    00000078     main.obj (.text:issue_letter)
                  0000c872    00000072     flash.obj (.text:flash_read)
                  0000c8e4    00000070     LCD.obj (.text:lcd_SendNibble)
                  0000c954    00000062     spi.obj (.text:spi_init)
                  0000c9b6    00000058     rts430_eabi.lib : div32u.asm.obj (.text)
                  0000ca0e    00000056     USCIAB0.obj (.text:USCIAB0_InterruptEnable)
                  0000ca64    0000004c     rts430_eabi.lib : lsr16.asm.obj (.text)
                  0000cab0    00000046     LCD.obj (.text:lcd_func_set)
                  0000caf6    00000042     rts430_eabi.lib : autoinit.c.obj (.text:__TI_auto_init_nobinit_nopinit:__TI_auto_init_nobinit_nopinit)
                  0000cb38    00000042     spi.obj (.text:spi_read)
                  0000cb7a    00000040     rts430_eabi.lib : div32s.asm.obj (.text)
                  0000cbba    0000003e     i2c.obj (.text:i2c_read)
                  0000cbf8    0000003c     adac.obj (.text:adac_write)
                  0000cc34    00000038     LCD.obj (.text:lcd_putText)
                  0000cc6c    00000036     spi.obj (.text:SPI_RX)
                  0000cca2    00000032     LCD.obj (.text:lcd_cursorSet)
                  0000ccd4    0000002e     USCIAB0.obj (.text:USCIAB0RX_ISR)
                  0000cd02    0000002e     USCIAB0.obj (.text:USCIAB0TX_ISR)
                  0000cd30    0000002e     i2c.obj (.text:i2c_write)
                  0000cd5e    0000002c     spi.obj (.text:SPI_TX)
                  0000cd8a    0000002c     rts430_eabi.lib : asr16.asm.obj (.text)
                  0000cdb6    0000002c                     : lsl16.asm.obj (.text)
                  0000cde2    0000002c     spi.obj (.text:spi_write)
                  0000ce0e    0000002a     LCD.obj (.text:lcd_SendByte)
                  0000ce38    00000026     templateEMP.obj (.text:initMSP)
                  0000ce5e    00000020     USCIAB0.obj (.text:USCIAB0_InterruptDisable)
                  0000ce7e    00000020     LCD.obj (.text:lcd_pindir)
                  0000ce9e    0000001e     i2c.obj (.text:I2C_RX)
                  0000cebc    0000001c     rts430_eabi.lib : boot.c.obj (.text:_c_int00_noargs)
                  0000ced8    0000001a     joy.obj (.text:JOY_READ_B)
                  0000cef2    0000001a     joy.obj (.text:JOY_READ_X)
                  0000cf0c    0000001a     joy.obj (.text:JOY_READ_Y)
                  0000cf26    0000001a     adac.obj (.text:adac_read)
                  0000cf40    0000001a     LCD.obj (.text:lcd_cursorBlink)
                  0000cf5a    0000001a     LCD.obj (.text:lcd_display_ctl)
                  0000cf74    00000018     LCD.obj (.text:lcd_cursorShow)
                  0000cf8c    00000016     adac.obj (.text:adac_init)
                  0000cfa2    00000014     rts430_eabi.lib : copy_zero_init.c.obj (.text:decompress:ZI:__TI_zero_init_nomemset:__TI_zero_init_nomemset)
                  0000cfb6    00000014     LCD.obj (.text:lcd_enable)
                  0000cfca    00000012     rts430_eabi.lib : copy_decompress_none.c.obj (.text:decompress:none:__TI_decompress_none)
                  0000cfdc    00000012                     : memcpy.c.obj (.text:memcpy)
                  0000cfee    00000012     LCD.obj (.text:str_len)
                  0000d000    00000010     flash.obj (.text:flash_init)
                  0000d010    00000010     rts430_eabi.lib : lsl32.asm.obj (.text:l_lsl)
                  0000d020    00000010                     : epilog.asm.obj (.text)
                  0000d030    0000000e     LCD.obj (.text:lcd_putChar)
                  0000d03e    0000000c     LCD.obj (.text:lcd_entry_mode)
                  0000d04a    0000000a     LCD.obj (.text:lcd_clear)
                  0000d054    00000008     rts430_eabi.lib : isr_trap.asm.obj (.text:_isr:__TI_ISR_TRAP)
                  0000d05c    00000008     spi.obj (.text:spi_busy)
                  0000d064    00000006     rts430_eabi.lib : exit.c.obj (.text:abort)
                  0000d06a    00000006     i2c.obj (.text:i2c_busy)
                  0000d070    00000006     i2c.obj (.text:i2c_nack_received)
                  0000d076    00000004     rts430_eabi.lib : pre_init.c.obj (.text:_system_pre_init)
                  0000d07a    00000002                     : startup.c.obj (.text:_system_post_cinit)

.const     0    0000d07c    0000000c     
                  0000d07c    0000000a     main.obj (.const:.string)
                  0000d086    00000002     adac.obj (.const:.string:$P$T0$1)

.cinit     0    0000d088    0000004c     
                  0000d088    0000003a     (.cinit..data.load) [load image, compression = lzss]
                  0000d0c2    00000006     (__TI_handler_table)
                  0000d0c8    00000004     (.cinit..bss.load) [load image, compression = zero_init]
                  0000d0cc    00000008     (__TI_cinit_table)

.binit     0    0000c000    00000000     

.init_array 
*          0    0000c000    00000000     UNINITIALIZED

TRAPINT    0    0000ffe0    00000002     
                  0000ffe0    00000002     rts430_eabi.lib : int00.asm.obj (.int00)

PORT1      0    0000ffe4    00000002     
                  0000ffe4    00000002     rts430_eabi.lib : int02.asm.obj (.int02)

PORT2      0    0000ffe6    00000002     
                  0000ffe6    00000002     rts430_eabi.lib : int03.asm.obj (.int03)

ADC10      0    0000ffea    00000002     
                  0000ffea    00000002     rts430_eabi.lib : int05.asm.obj (.int05)

USCIAB0TX 
*          0    0000ffec    00000002     
                  0000ffec    00000002     USCIAB0.obj (.int06)

USCIAB0RX 
*          0    0000ffee    00000002     
                  0000ffee    00000002     USCIAB0.obj (.int07)

TIMER0_A1 
*          0    0000fff0    00000002     
                  0000fff0    00000002     rts430_eabi.lib : int08.asm.obj (.int08)

TIMER0_A0 
*          0    0000fff2    00000002     
                  0000fff2    00000002     rts430_eabi.lib : int09.asm.obj (.int09)

WDT        0    0000fff4    00000002     
                  0000fff4    00000002     rts430_eabi.lib : int10.asm.obj (.int10)

COMPARATORA 
*          0    0000fff6    00000002     
                  0000fff6    00000002     rts430_eabi.lib : int11.asm.obj (.int11)

TIMER1_A1 
*          0    0000fff8    00000002     
                  0000fff8    00000002     rts430_eabi.lib : int12.asm.obj (.int12)

TIMER1_A0 
*          0    0000fffa    00000002     
                  0000fffa    00000002     rts430_eabi.lib : int13.asm.obj (.int13)

NMI        0    0000fffc    00000002     
                  0000fffc    00000002     rts430_eabi.lib : int14.asm.obj (.int14)

.reset     0    0000fffe    00000002     
                  0000fffe    00000002     rts430_eabi.lib : boot.c.obj (.reset)

$fill000   0    0000ffde    00000002     
                  0000ffde    00000002     --HOLE-- [fill = ffff]

MODULE SUMMARY

       Module                       code   ro data   rw data
       ------                       ----   -------   -------
    .\
       main.obj                     896    10        69     
    +--+----------------------------+------+---------+---------+
       Total:                       896    10        69     
                                                            
    .\libs\
       flash.obj                    772    0         6      
       LCD.obj                      640    0         1      
       i2c.obj                      398    0         14     
       spi.obj                      314    0         65     
       USCIAB0.obj                  210    4         8      
       joy.obj                      202    0         6      
       adac.obj                     108    2         1      
       templateEMP.obj              38     0         0      
    +--+----------------------------+------+---------+---------+
       Total:                       2682   6         101    
                                                            
    C:\ti\ccs1100\ccs\tools\compiler\ti-cgt-msp430_21.6.0.LTS\lib\rts430_eabi.lib
       copy_decompress_lzss.c.obj   124    0         0      
       div32u.asm.obj               88     0         0      
       lsr16.asm.obj                76     0         0      
       autoinit.c.obj               66     0         0      
       div32s.asm.obj               64     0         0      
       asr16.asm.obj                44     0         0      
       lsl16.asm.obj                44     0         0      
       boot.c.obj                   28     2         0      
       copy_zero_init.c.obj         20     0         0      
       copy_decompress_none.c.obj   18     0         0      
       memcpy.c.obj                 18     0         0      
       epilog.asm.obj               16     0         0      
       lsl32.asm.obj                16     0         0      
       isr_trap.asm.obj             8      0         0      
       exit.c.obj                   6      0         0      
       pre_init.c.obj               4      0         0      
       int00.asm.obj                0      2         0      
       int02.asm.obj                0      2         0      
       int03.asm.obj                0      2         0      
       int05.asm.obj                0      2         0      
       int08.asm.obj                0      2         0      
       int09.asm.obj                0      2         0      
       int10.asm.obj                0      2         0      
       int11.asm.obj                0      2         0      
       int12.asm.obj                0      2         0      
       int13.asm.obj                0      2         0      
       int14.asm.obj                0      2         0      
       startup.c.obj                2      0         0      
    +--+----------------------------+------+---------+---------+
       Total:                       642    24        0      
                                                            
       Stack:                       0      0         80     
       Linker Generated:            0      76        0      
    +--+----------------------------+------+---------+---------+
       Grand Total:                 4220   116       250    


LINKER GENERATED COPY TABLES

__TI_cinit_table @ 0000d0cc records: 2, size/record: 4, table size: 8
	.data: load addr=0000d088, load size=0000003a bytes, run addr=00000200, run size=0000007d bytes, compression=lzss
	.bss: load addr=0000d0c8, load size=00000004 bytes, run addr=0000027e, run size=00000033 bytes, compression=zero_init


LINKER GENERATED HANDLER TABLE

__TI_handler_table @ 0000d0c2 records: 3, size/record: 2, table size: 6
	index: 0, handler: __TI_zero_init
	index: 1, handler: __TI_decompress_lzss
	index: 2, handler: __TI_decompress_none


GLOBAL SYMBOLS: SORTED ALPHABETICALLY BY Name 

address   name                          
-------   ----                          
0000004a  ADC10AE0                      
000001b0  ADC10CTL0                     
000001b2  ADC10CTL1                     
00000048  ADC10DTC0                     
00000049  ADC10DTC1                     
000001b4  ADC10MEM                      
000001bc  ADC10SA                       
00000200  ALPHABET                      
0000029c  AX                            
00000057  BCSCTL1                       
00000058  BCSCTL2                       
00000053  BCSCTL3                       
0000d064  C$$EXIT                       
00000059  CACTL1                        
0000005a  CACTL2                        
000010fb  CALBC1_12MHZ                  
000010f9  CALBC1_16MHZ                  
000010ff  CALBC1_1MHZ                   
000010fd  CALBC1_8MHZ                   
000010fa  CALDCO_12MHZ                  
000010f8  CALDCO_16MHZ                  
000010fe  CALDCO_1MHZ                   
000010fc  CALDCO_8MHZ                   
0000005b  CAPD                          
00000056  DCOCTL                        
00000128  FCTL1                         
0000012a  FCTL2                         
0000012c  FCTL3                         
0000ce9e  I2C_RX                        
0000c58a  I2C_TX                        
00000000  IE1                           
00000001  IE2                           
00000002  IFG1                          
00000003  IFG2                          
000002a0  JOY_RD_ALL                    
0000c68a  JOY_READ_ALL                  
000002a4  JOY_READ_AX                   
0000ced8  JOY_READ_B                    
0000cef2  JOY_READ_X                    
0000cf0c  JOY_READ_Y                    
00000258  LETTR_MEM                     
00000269  LTR_IX                        
0000026a  MEM_IX                        
00000022  P1DIR                         
00000025  P1IE                          
00000024  P1IES                         
00000023  P1IFG                         
00000020  P1IN                          
00000021  P1OUT                         
00000027  P1REN                         
00000026  P1SEL                         
00000041  P1SEL2                        
0000002a  P2DIR                         
0000002d  P2IE                          
0000002c  P2IES                         
0000002b  P2IFG                         
00000028  P2IN                          
00000029  P2OUT                         
0000002f  P2REN                         
0000002e  P2SEL                         
00000042  P2SEL2                        
0000001a  P3DIR                         
00000018  P3IN                          
00000019  P3OUT                         
00000010  P3REN                         
0000001b  P3SEL                         
00000043  P3SEL2                        
00000270  PP                            
00000272  READ                          
00000274  SE                            
000002ae  SPI_COPY_IDX                  
0000021c  SPI_DUMMY                     
0000cc6c  SPI_RX                        
00000230  SPI_RX_BUFF                   
0000026c  SPI_RX_CTR                    
0000026d  SPI_RX_IDX                    
0000cd5e  SPI_TX                        
00000244  SPI_TX_BUFF                   
0000026f  SPI_TX_CTR                    
0000026e  SPI_TX_IDX                    
00000172  TA0CCR0                       
00000174  TA0CCR1                       
00000176  TA0CCR2                       
00000162  TA0CCTL0                      
00000164  TA0CCTL1                      
00000166  TA0CCTL2                      
00000160  TA0CTL                        
0000012e  TA0IV                         
00000170  TA0R                          
00000192  TA1CCR0                       
00000194  TA1CCR1                       
00000196  TA1CCR2                       
00000182  TA1CCTL0                      
00000184  TA1CCTL1                      
00000186  TA1CCTL2                      
00000180  TA1CTL                        
0000011e  TA1IV                         
00000190  TA1R                          
000010db  TLV_ADC10_1_LEN               
000010da  TLV_ADC10_1_TAG               
000010c0  TLV_CHECKSUM                  
000010f7  TLV_DCO_30_LEN                
000010f6  TLV_DCO_30_TAG                
0000005d  UCA0ABCTL                     
00000062  UCA0BR0                       
00000063  UCA0BR1                       
00000060  UCA0CTL0                      
00000061  UCA0CTL1                      
0000005f  UCA0IRRCTL                    
0000005e  UCA0IRTCTL                    
00000064  UCA0MCTL                      
00000066  UCA0RXBUF                     
00000065  UCA0STAT                      
00000067  UCA0TXBUF                     
0000006a  UCB0BR0                       
0000006b  UCB0BR1                       
00000068  UCB0CTL0                      
00000069  UCB0CTL1                      
0000006c  UCB0I2CIE                     
00000118  UCB0I2COA                     
0000011a  UCB0I2CSA                     
0000006e  UCB0RXBUF                     
0000006d  UCB0STAT                      
0000006f  UCB0TXBUF                     
0000ccd4  USCIAB0RX_ISR                 
0000cd02  USCIAB0TX_ISR                 
000002a6  USCIAB0_I2C_RX                
000002a8  USCIAB0_I2C_TX                
0000ce5e  USCIAB0_InterruptDisable      
0000ca0e  USCIAB0_InterruptEnable       
000002aa  USCIAB0_SPI_RX                
000002ac  USCIAB0_SPI_TX                
00000120  WDTCTL                        
0000027e  WELCOME                       
00000276  WRDI                          
00000278  WREN                          
0000027a  WRSR                          
00000400  __STACK_END                   
00000050  __STACK_SIZE                  
0000d0cc  __TI_CINIT_Base               
0000d0d4  __TI_CINIT_Limit              
0000d0d4  __TI_CINIT_Warm               
0000d0c2  __TI_Handler_Table_Base       
0000d0c8  __TI_Handler_Table_Limit      
0000d054  __TI_ISR_TRAP                 
0000caf6  __TI_auto_init_nobinit_nopinit
0000c706  __TI_decompress_lzss          
0000cfca  __TI_decompress_none          
0000ffe0  __TI_int00                    
0000ffe4  __TI_int02                    
0000ffe6  __TI_int03                    
0000ffea  __TI_int05                    
0000ffec  __TI_int06                    
0000ffee  __TI_int07                    
0000fff0  __TI_int08                    
0000fff2  __TI_int09                    
0000fff4  __TI_int10                    
0000fff6  __TI_int11                    
0000fff8  __TI_int12                    
0000fffa  __TI_int13                    
0000fffc  __TI_int14                    
ffffffff  __TI_pprof_out_hndl           
ffffffff  __TI_prof_data_size           
ffffffff  __TI_prof_data_start          
0000cfa2  __TI_zero_init_nomemset       
ffffffff  __c_args__                    
0000cb7a  __mspabi_divli                
0000c9b6  __mspabi_divul                
0000d02c  __mspabi_func_epilog_1        
0000d02a  __mspabi_func_epilog_2        
0000d028  __mspabi_func_epilog_3        
0000d026  __mspabi_func_epilog_4        
0000d024  __mspabi_func_epilog_5        
0000d022  __mspabi_func_epilog_6        
0000d020  __mspabi_func_epilog_7        
0000cb7a  __mspabi_remli                
0000c9b6  __mspabi_remul                
0000cdb6  __mspabi_slli                 
0000cdde  __mspabi_slli_1               
0000cdcc  __mspabi_slli_10              
0000cdca  __mspabi_slli_11              
0000cdc8  __mspabi_slli_12              
0000cdc6  __mspabi_slli_13              
0000cdc4  __mspabi_slli_14              
0000cdc2  __mspabi_slli_15              
0000cddc  __mspabi_slli_2               
0000cdda  __mspabi_slli_3               
0000cdd8  __mspabi_slli_4               
0000cdd6  __mspabi_slli_5               
0000cdd4  __mspabi_slli_6               
0000cdd2  __mspabi_slli_7               
0000cdd0  __mspabi_slli_8               
0000cdce  __mspabi_slli_9               
0000d010  __mspabi_slll                 
0000cd8a  __mspabi_srai                 
0000cdb2  __mspabi_srai_1               
0000cda0  __mspabi_srai_10              
0000cd9e  __mspabi_srai_11              
0000cd9c  __mspabi_srai_12              
0000cd9a  __mspabi_srai_13              
0000cd98  __mspabi_srai_14              
0000cd96  __mspabi_srai_15              
0000cdb0  __mspabi_srai_2               
0000cdae  __mspabi_srai_3               
0000cdac  __mspabi_srai_4               
0000cdaa  __mspabi_srai_5               
0000cda8  __mspabi_srai_6               
0000cda6  __mspabi_srai_7               
0000cda4  __mspabi_srai_8               
0000cda2  __mspabi_srai_9               
0000ca64  __mspabi_srli                 
0000caaa  __mspabi_srli_1               
0000ca86  __mspabi_srli_10              
0000ca82  __mspabi_srli_11              
0000ca7e  __mspabi_srli_12              
0000ca7a  __mspabi_srli_13              
0000ca76  __mspabi_srli_14              
0000ca72  __mspabi_srli_15              
0000caa6  __mspabi_srli_2               
0000caa2  __mspabi_srli_3               
0000ca9e  __mspabi_srli_4               
0000ca9a  __mspabi_srli_5               
0000ca96  __mspabi_srli_6               
0000ca92  __mspabi_srli_7               
0000ca8e  __mspabi_srli_8               
0000ca8a  __mspabi_srli_9               
0000cebc  _c_int00_noargs               
0000fffe  _reset_vector                 
000003b0  _stack                        
0000d07a  _system_post_cinit            
0000d076  _system_pre_init              
0000d064  abort                         
0000cf8c  adac_init                     
0000cf26  adac_read                     
0000cbf8  adac_write                    
00000268  address                       
0000c13a  change_position               
0000c264  choose_letter                 
0000027c  config                        
0000021b  disp_state                    
0000c442  flash_SE                      
0000d000  flash_init                    
0000c872  flash_read                    
0000c4ec  flash_write                   
0000c000  flash_write_status            
000002af  i                             
0000d06a  i2c_busy                      
0000c782  i2c_init                      
0000d070  i2c_nack_received             
0000cbba  i2c_read                      
0000cd30  i2c_write                     
0000ce38  initMSP                       
0000c7fa  issue_letter                  
0000ce0e  lcd_SendByte                  
0000c8e4  lcd_SendNibble                
0000d04a  lcd_clear                     
0000cf40  lcd_cursorBlink               
0000cca2  lcd_cursorSet                 
0000cf74  lcd_cursorShow                
0000cf5a  lcd_display_ctl               
0000cfb6  lcd_enable                    
0000d03e  lcd_entry_mode                
0000cab0  lcd_func_set                  
0000c60a  lcd_init                      
0000ce7e  lcd_pindir                    
0000d030  lcd_putChar                   
0000cc34  lcd_putText                   
000002b0  letter                        
0000c360  main                          
0000cfdc  memcpy                        
0000d05c  spi_busy                      
0000c954  spi_init                      
0000cb38  spi_read                      
0000cde2  spi_write                     
0000cfee  str_len                       
0000026b  sum                           


GLOBAL SYMBOLS: SORTED BY Symbol Address 

address   name                          
-------   ----                          
00000000  IE1                           
00000001  IE2                           
00000002  IFG1                          
00000003  IFG2                          
00000010  P3REN                         
00000018  P3IN                          
00000019  P3OUT                         
0000001a  P3DIR                         
0000001b  P3SEL                         
00000020  P1IN                          
00000021  P1OUT                         
00000022  P1DIR                         
00000023  P1IFG                         
00000024  P1IES                         
00000025  P1IE                          
00000026  P1SEL                         
00000027  P1REN                         
00000028  P2IN                          
00000029  P2OUT                         
0000002a  P2DIR                         
0000002b  P2IFG                         
0000002c  P2IES                         
0000002d  P2IE                          
0000002e  P2SEL                         
0000002f  P2REN                         
00000041  P1SEL2                        
00000042  P2SEL2                        
00000043  P3SEL2                        
00000048  ADC10DTC0                     
00000049  ADC10DTC1                     
0000004a  ADC10AE0                      
00000050  __STACK_SIZE                  
00000053  BCSCTL3                       
00000056  DCOCTL                        
00000057  BCSCTL1                       
00000058  BCSCTL2                       
00000059  CACTL1                        
0000005a  CACTL2                        
0000005b  CAPD                          
0000005d  UCA0ABCTL                     
0000005e  UCA0IRTCTL                    
0000005f  UCA0IRRCTL                    
00000060  UCA0CTL0                      
00000061  UCA0CTL1                      
00000062  UCA0BR0                       
00000063  UCA0BR1                       
00000064  UCA0MCTL                      
00000065  UCA0STAT                      
00000066  UCA0RXBUF                     
00000067  UCA0TXBUF                     
00000068  UCB0CTL0                      
00000069  UCB0CTL1                      
0000006a  UCB0BR0                       
0000006b  UCB0BR1                       
0000006c  UCB0I2CIE                     
0000006d  UCB0STAT                      
0000006e  UCB0RXBUF                     
0000006f  UCB0TXBUF                     
00000118  UCB0I2COA                     
0000011a  UCB0I2CSA                     
0000011e  TA1IV                         
00000120  WDTCTL                        
00000128  FCTL1                         
0000012a  FCTL2                         
0000012c  FCTL3                         
0000012e  TA0IV                         
00000160  TA0CTL                        
00000162  TA0CCTL0                      
00000164  TA0CCTL1                      
00000166  TA0CCTL2                      
00000170  TA0R                          
00000172  TA0CCR0                       
00000174  TA0CCR1                       
00000176  TA0CCR2                       
00000180  TA1CTL                        
00000182  TA1CCTL0                      
00000184  TA1CCTL1                      
00000186  TA1CCTL2                      
00000190  TA1R                          
00000192  TA1CCR0                       
00000194  TA1CCR1                       
00000196  TA1CCR2                       
000001b0  ADC10CTL0                     
000001b2  ADC10CTL1                     
000001b4  ADC10MEM                      
000001bc  ADC10SA                       
00000200  ALPHABET                      
0000021b  disp_state                    
0000021c  SPI_DUMMY                     
00000230  SPI_RX_BUFF                   
00000244  SPI_TX_BUFF                   
00000258  LETTR_MEM                     
00000268  address                       
00000269  LTR_IX                        
0000026a  MEM_IX                        
0000026b  sum                           
0000026c  SPI_RX_CTR                    
0000026d  SPI_RX_IDX                    
0000026e  SPI_TX_IDX                    
0000026f  SPI_TX_CTR                    
00000270  PP                            
00000272  READ                          
00000274  SE                            
00000276  WRDI                          
00000278  WREN                          
0000027a  WRSR                          
0000027c  config                        
0000027e  WELCOME                       
0000029c  AX                            
000002a0  JOY_RD_ALL                    
000002a4  JOY_READ_AX                   
000002a6  USCIAB0_I2C_RX                
000002a8  USCIAB0_I2C_TX                
000002aa  USCIAB0_SPI_RX                
000002ac  USCIAB0_SPI_TX                
000002ae  SPI_COPY_IDX                  
000002af  i                             
000002b0  letter                        
000003b0  _stack                        
00000400  __STACK_END                   
000010c0  TLV_CHECKSUM                  
000010da  TLV_ADC10_1_TAG               
000010db  TLV_ADC10_1_LEN               
000010f6  TLV_DCO_30_TAG                
000010f7  TLV_DCO_30_LEN                
000010f8  CALDCO_16MHZ                  
000010f9  CALBC1_16MHZ                  
000010fa  CALDCO_12MHZ                  
000010fb  CALBC1_12MHZ                  
000010fc  CALDCO_8MHZ                   
000010fd  CALBC1_8MHZ                   
000010fe  CALDCO_1MHZ                   
000010ff  CALBC1_1MHZ                   
0000c000  flash_write_status            
0000c13a  change_position               
0000c264  choose_letter                 
0000c360  main                          
0000c442  flash_SE                      
0000c4ec  flash_write                   
0000c58a  I2C_TX                        
0000c60a  lcd_init                      
0000c68a  JOY_READ_ALL                  
0000c706  __TI_decompress_lzss          
0000c782  i2c_init                      
0000c7fa  issue_letter                  
0000c872  flash_read                    
0000c8e4  lcd_SendNibble                
0000c954  spi_init                      
0000c9b6  __mspabi_divul                
0000c9b6  __mspabi_remul                
0000ca0e  USCIAB0_InterruptEnable       
0000ca64  __mspabi_srli                 
0000ca72  __mspabi_srli_15              
0000ca76  __mspabi_srli_14              
0000ca7a  __mspabi_srli_13              
0000ca7e  __mspabi_srli_12              
0000ca82  __mspabi_srli_11              
0000ca86  __mspabi_srli_10              
0000ca8a  __mspabi_srli_9               
0000ca8e  __mspabi_srli_8               
0000ca92  __mspabi_srli_7               
0000ca96  __mspabi_srli_6               
0000ca9a  __mspabi_srli_5               
0000ca9e  __mspabi_srli_4               
0000caa2  __mspabi_srli_3               
0000caa6  __mspabi_srli_2               
0000caaa  __mspabi_srli_1               
0000cab0  lcd_func_set                  
0000caf6  __TI_auto_init_nobinit_nopinit
0000cb38  spi_read                      
0000cb7a  __mspabi_divli                
0000cb7a  __mspabi_remli                
0000cbba  i2c_read                      
0000cbf8  adac_write                    
0000cc34  lcd_putText                   
0000cc6c  SPI_RX                        
0000cca2  lcd_cursorSet                 
0000ccd4  USCIAB0RX_ISR                 
0000cd02  USCIAB0TX_ISR                 
0000cd30  i2c_write                     
0000cd5e  SPI_TX                        
0000cd8a  __mspabi_srai                 
0000cd96  __mspabi_srai_15              
0000cd98  __mspabi_srai_14              
0000cd9a  __mspabi_srai_13              
0000cd9c  __mspabi_srai_12              
0000cd9e  __mspabi_srai_11              
0000cda0  __mspabi_srai_10              
0000cda2  __mspabi_srai_9               
0000cda4  __mspabi_srai_8               
0000cda6  __mspabi_srai_7               
0000cda8  __mspabi_srai_6               
0000cdaa  __mspabi_srai_5               
0000cdac  __mspabi_srai_4               
0000cdae  __mspabi_srai_3               
0000cdb0  __mspabi_srai_2               
0000cdb2  __mspabi_srai_1               
0000cdb6  __mspabi_slli                 
0000cdc2  __mspabi_slli_15              
0000cdc4  __mspabi_slli_14              
0000cdc6  __mspabi_slli_13              
0000cdc8  __mspabi_slli_12              
0000cdca  __mspabi_slli_11              
0000cdcc  __mspabi_slli_10              
0000cdce  __mspabi_slli_9               
0000cdd0  __mspabi_slli_8               
0000cdd2  __mspabi_slli_7               
0000cdd4  __mspabi_slli_6               
0000cdd6  __mspabi_slli_5               
0000cdd8  __mspabi_slli_4               
0000cdda  __mspabi_slli_3               
0000cddc  __mspabi_slli_2               
0000cdde  __mspabi_slli_1               
0000cde2  spi_write                     
0000ce0e  lcd_SendByte                  
0000ce38  initMSP                       
0000ce5e  USCIAB0_InterruptDisable      
0000ce7e  lcd_pindir                    
0000ce9e  I2C_RX                        
0000cebc  _c_int00_noargs               
0000ced8  JOY_READ_B                    
0000cef2  JOY_READ_X                    
0000cf0c  JOY_READ_Y                    
0000cf26  adac_read                     
0000cf40  lcd_cursorBlink               
0000cf5a  lcd_display_ctl               
0000cf74  lcd_cursorShow                
0000cf8c  adac_init                     
0000cfa2  __TI_zero_init_nomemset       
0000cfb6  lcd_enable                    
0000cfca  __TI_decompress_none          
0000cfdc  memcpy                        
0000cfee  str_len                       
0000d000  flash_init                    
0000d010  __mspabi_slll                 
0000d020  __mspabi_func_epilog_7        
0000d022  __mspabi_func_epilog_6        
0000d024  __mspabi_func_epilog_5        
0000d026  __mspabi_func_epilog_4        
0000d028  __mspabi_func_epilog_3        
0000d02a  __mspabi_func_epilog_2        
0000d02c  __mspabi_func_epilog_1        
0000d030  lcd_putChar                   
0000d03e  lcd_entry_mode                
0000d04a  lcd_clear                     
0000d054  __TI_ISR_TRAP                 
0000d05c  spi_busy                      
0000d064  C$$EXIT                       
0000d064  abort                         
0000d06a  i2c_busy                      
0000d070  i2c_nack_received             
0000d076  _system_pre_init              
0000d07a  _system_post_cinit            
0000d0c2  __TI_Handler_Table_Base       
0000d0c8  __TI_Handler_Table_Limit      
0000d0cc  __TI_CINIT_Base               
0000d0d4  __TI_CINIT_Limit              
0000d0d4  __TI_CINIT_Warm               
0000ffe0  __TI_int00                    
0000ffe4  __TI_int02                    
0000ffe6  __TI_int03                    
0000ffea  __TI_int05                    
0000ffec  __TI_int06                    
0000ffee  __TI_int07                    
0000fff0  __TI_int08                    
0000fff2  __TI_int09                    
0000fff4  __TI_int10                    
0000fff6  __TI_int11                    
0000fff8  __TI_int12                    
0000fffa  __TI_int13                    
0000fffc  __TI_int14                    
0000fffe  _reset_vector                 
ffffffff  __TI_pprof_out_hndl           
ffffffff  __TI_prof_data_size           
ffffffff  __TI_prof_data_start          
ffffffff  __c_args__                    

[276 symbols]
