******************************************************************************
                  MSP430 Linker PC v21.6.0                     
******************************************************************************
>> Linked Tue May 10 15:26:48 2022

OUTPUT FILE NAME:   <Exercise_1.out>
ENTRY POINT SYMBOL: "_c_int00_noargs"  address: 0000cb56


MEMORY CONFIGURATION

         name            origin    length      used     unused   attr    fill
----------------------  --------  ---------  --------  --------  ----  --------
  SFR                   00000000   00000010  00000000  00000010  RWIX
  PERIPHERALS_8BIT      00000010   000000f0  00000000  000000f0  RWIX
  PERIPHERALS_16BIT     00000100   00000100  00000000  00000100  RWIX
  RAM                   00000200   00000200  00000075  0000018b  RWIX
  INFOD                 00001000   00000040  00000000  00000040  RWIX
  INFOC                 00001040   00000040  00000000  00000040  RWIX
  INFOB                 00001080   00000040  00000000  00000040  RWIX
  INFOA                 000010c0   00000040  00000000  00000040  RWIX
  FLASH                 0000c000   00003fde  00000d34  000032aa  RWIX
  BSLSIGNATURE          0000ffde   00000002  00000002  00000000  RWIX  ffff 
  INT00                 0000ffe0   00000002  00000002  00000000  RWIX
  INT01                 0000ffe2   00000002  00000000  00000002  RWIX
  INT02                 0000ffe4   00000002  00000002  00000000  RWIX
  INT03                 0000ffe6   00000002  00000002  00000000  RWIX
  INT04                 0000ffe8   00000002  00000000  00000002  RWIX
  INT05                 0000ffea   00000002  00000002  00000000  RWIX
  INT06                 0000ffec   00000002  00000002  00000000  RWIX
  INT07                 0000ffee   00000002  00000002  00000000  RWIX
  INT08                 0000fff0   00000002  00000002  00000000  RWIX
  INT09                 0000fff2   00000002  00000002  00000000  RWIX
  INT10                 0000fff4   00000002  00000002  00000000  RWIX
  INT11                 0000fff6   00000002  00000002  00000000  RWIX
  INT12                 0000fff8   00000002  00000002  00000000  RWIX
  INT13                 0000fffa   00000002  00000002  00000000  RWIX
  INT14                 0000fffc   00000002  00000002  00000000  RWIX
  RESET                 0000fffe   00000002  00000002  00000000  RWIX


SECTION ALLOCATION MAP

 output                                  attributes/
section   page    origin      length       input sections
--------  ----  ----------  ----------   ----------------
.data      0    00000200    00000025     UNINITIALIZED
                  00000200    00000023     templateEMP.obj (.data:ringBuffer)
                  00000223    00000001     LCD.obj (.data)
                  00000224    00000001     templateEMP.obj (.data)

.stack     0    000003b0    00000050     UNINITIALIZED
                  000003b0    00000002     rts430_eabi.lib : boot.c.obj (.stack)
                  000003b2    0000004e     --HOLE--

.text      0    0000c000    00000c9c     
                  0000c000    000006b6     LCD.obj (.text:lcd_funky)
                  0000c6b6    00000080     LCD.obj (.text:lcd_init)
                  0000c736    0000007c     rts430_eabi.lib : copy_decompress_lzss.c.obj (.text:decompress:lzss:__TI_decompress_lzss)
                  0000c7b2    00000070     LCD.obj (.text:lcd_SendNibble)
                  0000c822    0000005e     templateEMP.obj (.text:initMSP)
                  0000c880    0000005e     LCD.obj (.text:lcd_putNumber)
                  0000c8de    0000004c     rts430_eabi.lib : lsr16.asm.obj (.text)
                  0000c92a    00000046     LCD.obj (.text:lcd_func_set)
                  0000c970    00000042     templateEMP.obj (.text:USCI0RX_ISR)
                  0000c9b2    00000042     rts430_eabi.lib : autoinit.c.obj (.text:__TI_auto_init_nobinit_nopinit:__TI_auto_init_nobinit_nopinit)
                  0000c9f4    00000038     LCD.obj (.text:lcd_putText)
                  0000ca2c    00000032     LCD.obj (.text:lcd_cursorSet)
                  0000ca5e    0000002c     rts430_eabi.lib : asr16.asm.obj (.text)
                  0000ca8a    0000002c                     : div16s.asm.obj (.text)
                  0000cab6    0000002c                     : lsl16.asm.obj (.text)
                  0000cae2    0000002a     LCD.obj (.text:lcd_SendByte)
                  0000cb0c    0000002a     templateEMP.obj (.text:serialPrint)
                  0000cb36    00000020     LCD.obj (.text:lcd_pindir)
                  0000cb56    0000001c     rts430_eabi.lib : boot.c.obj (.text:_c_int00_noargs)
                  0000cb72    0000001a     LCD.obj (.text:lcd_cursorBlink)
                  0000cb8c    0000001a     LCD.obj (.text:lcd_display_ctl)
                  0000cba6    00000018     LCD.obj (.text:lcd_cursorShow)
                  0000cbbe    00000016     rts430_eabi.lib : div16u.asm.obj (.text)
                  0000cbd4    00000016     templateEMP.obj (.text:serialPrintln)
                  0000cbea    00000014     LCD.obj (.text:lcd_enable)
                  0000cbfe    00000012     rts430_eabi.lib : copy_decompress_none.c.obj (.text:decompress:none:__TI_decompress_none)
                  0000cc10    00000012                     : memcpy.c.obj (.text:memcpy)
                  0000cc22    00000012     templateEMP.obj (.text:serialWrite)
                  0000cc34    00000012     LCD.obj (.text:str_len)
                  0000cc46    00000010     rts430_eabi.lib : epilog.asm.obj (.text)
                  0000cc56    0000000e     LCD.obj (.text:lcd_putChar)
                  0000cc64    0000000e     main.obj (.text:main)
                  0000cc72    0000000c     LCD.obj (.text:lcd_entry_mode)
                  0000cc7e    0000000a     LCD.obj (.text:lcd_clear)
                  0000cc88    00000008     rts430_eabi.lib : isr_trap.asm.obj (.text:_isr:__TI_ISR_TRAP)
                  0000cc90    00000006                     : exit.c.obj (.text:abort)
                  0000cc96    00000004                     : pre_init.c.obj (.text:_system_pre_init)
                  0000cc9a    00000002                     : startup.c.obj (.text:_system_post_cinit)

.const     0    0000cc9c    00000088     
                  0000cc9c    00000076     LCD.obj (.const:.string)
                  0000cd12    00000012     templateEMP.obj (.const:.string)

.cinit     0    0000cd24    00000010     
                  0000cd24    00000008     (.cinit..data.load) [load image, compression = lzss]
                  0000cd2c    00000004     (__TI_handler_table)
                  0000cd30    00000004     (__TI_cinit_table)

.binit     0    0000c000    00000000     

.init_array 
*          0    0000c000    00000000     UNINITIALIZED

TRAPINT    0    0000ffe0    00000002     
                  0000ffe0    00000002     rts430_eabi.lib : int00.asm.obj (.int00)

PORT1      0    0000ffe4    00000002     
                  0000ffe4    00000002     rts430_eabi.lib : int02.asm.obj (.int02)

PORT2      0    0000ffe6    00000002     
                  0000ffe6    00000002     rts430_eabi.lib : int03.asm.obj (.int03)

ADC10      0    0000ffea    00000002     
                  0000ffea    00000002     rts430_eabi.lib : int05.asm.obj (.int05)

USCIAB0TX 
*          0    0000ffec    00000002     
                  0000ffec    00000002     rts430_eabi.lib : int06.asm.obj (.int06)

USCIAB0RX 
*          0    0000ffee    00000002     
                  0000ffee    00000002     templateEMP.obj (.int07)

TIMER0_A1 
*          0    0000fff0    00000002     
                  0000fff0    00000002     rts430_eabi.lib : int08.asm.obj (.int08)

TIMER0_A0 
*          0    0000fff2    00000002     
                  0000fff2    00000002     rts430_eabi.lib : int09.asm.obj (.int09)

WDT        0    0000fff4    00000002     
                  0000fff4    00000002     rts430_eabi.lib : int10.asm.obj (.int10)

COMPARATORA 
*          0    0000fff6    00000002     
                  0000fff6    00000002     rts430_eabi.lib : int11.asm.obj (.int11)

TIMER1_A1 
*          0    0000fff8    00000002     
                  0000fff8    00000002     rts430_eabi.lib : int12.asm.obj (.int12)

TIMER1_A0 
*          0    0000fffa    00000002     
                  0000fffa    00000002     rts430_eabi.lib : int13.asm.obj (.int13)

NMI        0    0000fffc    00000002     
                  0000fffc    00000002     rts430_eabi.lib : int14.asm.obj (.int14)

.reset     0    0000fffe    00000002     
                  0000fffe    00000002     rts430_eabi.lib : boot.c.obj (.reset)

$fill000   0    0000ffde    00000002     
                  0000ffde    00000002     --HOLE-- [fill = ffff]

MODULE SUMMARY

       Module                       code   ro data   rw data
       ------                       ----   -------   -------
    .\
       main.obj                     14     0         0      
    +--+----------------------------+------+---------+---------+
       Total:                       14     0         0      
                                                            
    .\libs\
       LCD.obj                      2452   118       1      
       templateEMP.obj              242    20        36     
    +--+----------------------------+------+---------+---------+
       Total:                       2694   138       37     
                                                            
    C:\ti\ccs1100\ccs\tools\compiler\ti-cgt-msp430_21.6.0.LTS\lib\rts430_eabi.lib
       copy_decompress_lzss.c.obj   124    0         0      
       lsr16.asm.obj                76     0         0      
       autoinit.c.obj               66     0         0      
       asr16.asm.obj                44     0         0      
       div16s.asm.obj               44     0         0      
       lsl16.asm.obj                44     0         0      
       boot.c.obj                   28     2         0      
       div16u.asm.obj               22     0         0      
       copy_decompress_none.c.obj   18     0         0      
       memcpy.c.obj                 18     0         0      
       epilog.asm.obj               16     0         0      
       isr_trap.asm.obj             8      0         0      
       exit.c.obj                   6      0         0      
       pre_init.c.obj               4      0         0      
       int00.asm.obj                0      2         0      
       int02.asm.obj                0      2         0      
       int03.asm.obj                0      2         0      
       int05.asm.obj                0      2         0      
       int06.asm.obj                0      2         0      
       int08.asm.obj                0      2         0      
       int09.asm.obj                0      2         0      
       int10.asm.obj                0      2         0      
       int11.asm.obj                0      2         0      
       int12.asm.obj                0      2         0      
       int13.asm.obj                0      2         0      
       int14.asm.obj                0      2         0      
       startup.c.obj                2      0         0      
    +--+----------------------------+------+---------+---------+
       Total:                       520    26        0      
                                                            
       Stack:                       0      0         80     
       Linker Generated:            0      16        0      
    +--+----------------------------+------+---------+---------+
       Grand Total:                 3228   180       117    


LINKER GENERATED COPY TABLES

__TI_cinit_table @ 0000cd30 records: 1, size/record: 4, table size: 4
	.data: load addr=0000cd24, load size=00000008 bytes, run addr=00000200, run size=00000025 bytes, compression=lzss


LINKER GENERATED HANDLER TABLE

__TI_handler_table @ 0000cd2c records: 2, size/record: 2, table size: 4
	index: 0, handler: __TI_decompress_lzss
	index: 1, handler: __TI_decompress_none


GLOBAL SYMBOLS: SORTED ALPHABETICALLY BY Name 

address   name                          
-------   ----                          
0000004a  ADC10AE0                      
000001b0  ADC10CTL0                     
000001b2  ADC10CTL1                     
00000048  ADC10DTC0                     
00000049  ADC10DTC1                     
000001b4  ADC10MEM                      
000001bc  ADC10SA                       
00000057  BCSCTL1                       
00000058  BCSCTL2                       
00000053  BCSCTL3                       
0000cc90  C$$EXIT                       
00000059  CACTL1                        
0000005a  CACTL2                        
000010fb  CALBC1_12MHZ                  
000010f9  CALBC1_16MHZ                  
000010ff  CALBC1_1MHZ                   
000010fd  CALBC1_8MHZ                   
000010fa  CALDCO_12MHZ                  
000010f8  CALDCO_16MHZ                  
000010fe  CALDCO_1MHZ                   
000010fc  CALDCO_8MHZ                   
0000005b  CAPD                          
00000056  DCOCTL                        
00000128  FCTL1                         
0000012a  FCTL2                         
0000012c  FCTL3                         
00000000  IE1                           
00000001  IE2                           
00000002  IFG1                          
00000003  IFG2                          
00000022  P1DIR                         
00000025  P1IE                          
00000024  P1IES                         
00000023  P1IFG                         
00000020  P1IN                          
00000021  P1OUT                         
00000027  P1REN                         
00000026  P1SEL                         
00000041  P1SEL2                        
0000002a  P2DIR                         
0000002d  P2IE                          
0000002c  P2IES                         
0000002b  P2IFG                         
00000028  P2IN                          
00000029  P2OUT                         
0000002f  P2REN                         
0000002e  P2SEL                         
00000042  P2SEL2                        
0000001a  P3DIR                         
00000018  P3IN                          
00000019  P3OUT                         
00000010  P3REN                         
0000001b  P3SEL                         
00000043  P3SEL2                        
00000172  TA0CCR0                       
00000174  TA0CCR1                       
00000176  TA0CCR2                       
00000162  TA0CCTL0                      
00000164  TA0CCTL1                      
00000166  TA0CCTL2                      
00000160  TA0CTL                        
0000012e  TA0IV                         
00000170  TA0R                          
00000192  TA1CCR0                       
00000194  TA1CCR1                       
00000196  TA1CCR2                       
00000182  TA1CCTL0                      
00000184  TA1CCTL1                      
00000186  TA1CCTL2                      
00000180  TA1CTL                        
0000011e  TA1IV                         
00000190  TA1R                          
000010db  TLV_ADC10_1_LEN               
000010da  TLV_ADC10_1_TAG               
000010c0  TLV_CHECKSUM                  
000010f7  TLV_DCO_30_LEN                
000010f6  TLV_DCO_30_TAG                
0000005d  UCA0ABCTL                     
00000062  UCA0BR0                       
00000063  UCA0BR1                       
00000060  UCA0CTL0                      
00000061  UCA0CTL1                      
0000005f  UCA0IRRCTL                    
0000005e  UCA0IRTCTL                    
00000064  UCA0MCTL                      
00000066  UCA0RXBUF                     
00000065  UCA0STAT                      
00000067  UCA0TXBUF                     
0000006a  UCB0BR0                       
0000006b  UCB0BR1                       
00000068  UCB0CTL0                      
00000069  UCB0CTL1                      
0000006c  UCB0I2CIE                     
00000118  UCB0I2COA                     
0000011a  UCB0I2CSA                     
0000006e  UCB0RXBUF                     
0000006d  UCB0STAT                      
0000006f  UCB0TXBUF                     
0000c970  USCI0RX_ISR                   
00000120  WDTCTL                        
00000400  __STACK_END                   
00000050  __STACK_SIZE                  
0000cd30  __TI_CINIT_Base               
0000cd34  __TI_CINIT_Limit              
0000cd34  __TI_CINIT_Warm               
0000cd2c  __TI_Handler_Table_Base       
0000cd30  __TI_Handler_Table_Limit      
0000cc88  __TI_ISR_TRAP                 
0000c9b2  __TI_auto_init_nobinit_nopinit
0000c736  __TI_decompress_lzss          
0000cbfe  __TI_decompress_none          
0000ffe0  __TI_int00                    
0000ffe4  __TI_int02                    
0000ffe6  __TI_int03                    
0000ffea  __TI_int05                    
0000ffec  __TI_int06                    
0000ffee  __TI_int07                    
0000fff0  __TI_int08                    
0000fff2  __TI_int09                    
0000fff4  __TI_int10                    
0000fff6  __TI_int11                    
0000fff8  __TI_int12                    
0000fffa  __TI_int13                    
0000fffc  __TI_int14                    
ffffffff  __TI_pprof_out_hndl           
ffffffff  __TI_prof_data_size           
ffffffff  __TI_prof_data_start          
ffffffff  __c_args__                    
0000ca8a  __mspabi_divi                 
0000cbbe  __mspabi_divu                 
0000cc52  __mspabi_func_epilog_1        
0000cc50  __mspabi_func_epilog_2        
0000cc4e  __mspabi_func_epilog_3        
0000cc4c  __mspabi_func_epilog_4        
0000cc4a  __mspabi_func_epilog_5        
0000cc48  __mspabi_func_epilog_6        
0000cc46  __mspabi_func_epilog_7        
0000ca8a  __mspabi_remi                 
0000cbbe  __mspabi_remu                 
0000cab6  __mspabi_slli                 
0000cade  __mspabi_slli_1               
0000cacc  __mspabi_slli_10              
0000caca  __mspabi_slli_11              
0000cac8  __mspabi_slli_12              
0000cac6  __mspabi_slli_13              
0000cac4  __mspabi_slli_14              
0000cac2  __mspabi_slli_15              
0000cadc  __mspabi_slli_2               
0000cada  __mspabi_slli_3               
0000cad8  __mspabi_slli_4               
0000cad6  __mspabi_slli_5               
0000cad4  __mspabi_slli_6               
0000cad2  __mspabi_slli_7               
0000cad0  __mspabi_slli_8               
0000cace  __mspabi_slli_9               
0000ca5e  __mspabi_srai                 
0000ca86  __mspabi_srai_1               
0000ca74  __mspabi_srai_10              
0000ca72  __mspabi_srai_11              
0000ca70  __mspabi_srai_12              
0000ca6e  __mspabi_srai_13              
0000ca6c  __mspabi_srai_14              
0000ca6a  __mspabi_srai_15              
0000ca84  __mspabi_srai_2               
0000ca82  __mspabi_srai_3               
0000ca80  __mspabi_srai_4               
0000ca7e  __mspabi_srai_5               
0000ca7c  __mspabi_srai_6               
0000ca7a  __mspabi_srai_7               
0000ca78  __mspabi_srai_8               
0000ca76  __mspabi_srai_9               
0000c8de  __mspabi_srli                 
0000c924  __mspabi_srli_1               
0000c900  __mspabi_srli_10              
0000c8fc  __mspabi_srli_11              
0000c8f8  __mspabi_srli_12              
0000c8f4  __mspabi_srli_13              
0000c8f0  __mspabi_srli_14              
0000c8ec  __mspabi_srli_15              
0000c920  __mspabi_srli_2               
0000c91c  __mspabi_srli_3               
0000c918  __mspabi_srli_4               
0000c914  __mspabi_srli_5               
0000c910  __mspabi_srli_6               
0000c90c  __mspabi_srli_7               
0000c908  __mspabi_srli_8               
0000c904  __mspabi_srli_9               
0000cb56  _c_int00_noargs               
0000fffe  _reset_vector                 
000003b0  _stack                        
0000cc9a  _system_post_cinit            
0000cc96  _system_pre_init              
0000cc90  abort                         
00000223  disp_state                    
00000224  echoBack                      
0000c822  initMSP                       
0000cae2  lcd_SendByte                  
0000c7b2  lcd_SendNibble                
0000cc7e  lcd_clear                     
0000cb72  lcd_cursorBlink               
0000ca2c  lcd_cursorSet                 
0000cba6  lcd_cursorShow                
0000cb8c  lcd_display_ctl               
0000cbea  lcd_enable                    
0000cc72  lcd_entry_mode                
0000c92a  lcd_func_set                  
0000c000  lcd_funky                     
0000c6b6  lcd_init                      
0000cb36  lcd_pindir                    
0000cc56  lcd_putChar                   
0000c880  lcd_putNumber                 
0000c9f4  lcd_putText                   
0000cc64  main                          
0000cc10  memcpy                        
00000200  ringBuffer                    
0000cb0c  serialPrint                   
0000cbd4  serialPrintln                 
0000cc22  serialWrite                   
0000cc34  str_len                       


GLOBAL SYMBOLS: SORTED BY Symbol Address 

address   name                          
-------   ----                          
00000000  IE1                           
00000001  IE2                           
00000002  IFG1                          
00000003  IFG2                          
00000010  P3REN                         
00000018  P3IN                          
00000019  P3OUT                         
0000001a  P3DIR                         
0000001b  P3SEL                         
00000020  P1IN                          
00000021  P1OUT                         
00000022  P1DIR                         
00000023  P1IFG                         
00000024  P1IES                         
00000025  P1IE                          
00000026  P1SEL                         
00000027  P1REN                         
00000028  P2IN                          
00000029  P2OUT                         
0000002a  P2DIR                         
0000002b  P2IFG                         
0000002c  P2IES                         
0000002d  P2IE                          
0000002e  P2SEL                         
0000002f  P2REN                         
00000041  P1SEL2                        
00000042  P2SEL2                        
00000043  P3SEL2                        
00000048  ADC10DTC0                     
00000049  ADC10DTC1                     
0000004a  ADC10AE0                      
00000050  __STACK_SIZE                  
00000053  BCSCTL3                       
00000056  DCOCTL                        
00000057  BCSCTL1                       
00000058  BCSCTL2                       
00000059  CACTL1                        
0000005a  CACTL2                        
0000005b  CAPD                          
0000005d  UCA0ABCTL                     
0000005e  UCA0IRTCTL                    
0000005f  UCA0IRRCTL                    
00000060  UCA0CTL0                      
00000061  UCA0CTL1                      
00000062  UCA0BR0                       
00000063  UCA0BR1                       
00000064  UCA0MCTL                      
00000065  UCA0STAT                      
00000066  UCA0RXBUF                     
00000067  UCA0TXBUF                     
00000068  UCB0CTL0                      
00000069  UCB0CTL1                      
0000006a  UCB0BR0                       
0000006b  UCB0BR1                       
0000006c  UCB0I2CIE                     
0000006d  UCB0STAT                      
0000006e  UCB0RXBUF                     
0000006f  UCB0TXBUF                     
00000118  UCB0I2COA                     
0000011a  UCB0I2CSA                     
0000011e  TA1IV                         
00000120  WDTCTL                        
00000128  FCTL1                         
0000012a  FCTL2                         
0000012c  FCTL3                         
0000012e  TA0IV                         
00000160  TA0CTL                        
00000162  TA0CCTL0                      
00000164  TA0CCTL1                      
00000166  TA0CCTL2                      
00000170  TA0R                          
00000172  TA0CCR0                       
00000174  TA0CCR1                       
00000176  TA0CCR2                       
00000180  TA1CTL                        
00000182  TA1CCTL0                      
00000184  TA1CCTL1                      
00000186  TA1CCTL2                      
00000190  TA1R                          
00000192  TA1CCR0                       
00000194  TA1CCR1                       
00000196  TA1CCR2                       
000001b0  ADC10CTL0                     
000001b2  ADC10CTL1                     
000001b4  ADC10MEM                      
000001bc  ADC10SA                       
00000200  ringBuffer                    
00000223  disp_state                    
00000224  echoBack                      
000003b0  _stack                        
00000400  __STACK_END                   
000010c0  TLV_CHECKSUM                  
000010da  TLV_ADC10_1_TAG               
000010db  TLV_ADC10_1_LEN               
000010f6  TLV_DCO_30_TAG                
000010f7  TLV_DCO_30_LEN                
000010f8  CALDCO_16MHZ                  
000010f9  CALBC1_16MHZ                  
000010fa  CALDCO_12MHZ                  
000010fb  CALBC1_12MHZ                  
000010fc  CALDCO_8MHZ                   
000010fd  CALBC1_8MHZ                   
000010fe  CALDCO_1MHZ                   
000010ff  CALBC1_1MHZ                   
0000c000  lcd_funky                     
0000c6b6  lcd_init                      
0000c736  __TI_decompress_lzss          
0000c7b2  lcd_SendNibble                
0000c822  initMSP                       
0000c880  lcd_putNumber                 
0000c8de  __mspabi_srli                 
0000c8ec  __mspabi_srli_15              
0000c8f0  __mspabi_srli_14              
0000c8f4  __mspabi_srli_13              
0000c8f8  __mspabi_srli_12              
0000c8fc  __mspabi_srli_11              
0000c900  __mspabi_srli_10              
0000c904  __mspabi_srli_9               
0000c908  __mspabi_srli_8               
0000c90c  __mspabi_srli_7               
0000c910  __mspabi_srli_6               
0000c914  __mspabi_srli_5               
0000c918  __mspabi_srli_4               
0000c91c  __mspabi_srli_3               
0000c920  __mspabi_srli_2               
0000c924  __mspabi_srli_1               
0000c92a  lcd_func_set                  
0000c970  USCI0RX_ISR                   
0000c9b2  __TI_auto_init_nobinit_nopinit
0000c9f4  lcd_putText                   
0000ca2c  lcd_cursorSet                 
0000ca5e  __mspabi_srai                 
0000ca6a  __mspabi_srai_15              
0000ca6c  __mspabi_srai_14              
0000ca6e  __mspabi_srai_13              
0000ca70  __mspabi_srai_12              
0000ca72  __mspabi_srai_11              
0000ca74  __mspabi_srai_10              
0000ca76  __mspabi_srai_9               
0000ca78  __mspabi_srai_8               
0000ca7a  __mspabi_srai_7               
0000ca7c  __mspabi_srai_6               
0000ca7e  __mspabi_srai_5               
0000ca80  __mspabi_srai_4               
0000ca82  __mspabi_srai_3               
0000ca84  __mspabi_srai_2               
0000ca86  __mspabi_srai_1               
0000ca8a  __mspabi_divi                 
0000ca8a  __mspabi_remi                 
0000cab6  __mspabi_slli                 
0000cac2  __mspabi_slli_15              
0000cac4  __mspabi_slli_14              
0000cac6  __mspabi_slli_13              
0000cac8  __mspabi_slli_12              
0000caca  __mspabi_slli_11              
0000cacc  __mspabi_slli_10              
0000cace  __mspabi_slli_9               
0000cad0  __mspabi_slli_8               
0000cad2  __mspabi_slli_7               
0000cad4  __mspabi_slli_6               
0000cad6  __mspabi_slli_5               
0000cad8  __mspabi_slli_4               
0000cada  __mspabi_slli_3               
0000cadc  __mspabi_slli_2               
0000cade  __mspabi_slli_1               
0000cae2  lcd_SendByte                  
0000cb0c  serialPrint                   
0000cb36  lcd_pindir                    
0000cb56  _c_int00_noargs               
0000cb72  lcd_cursorBlink               
0000cb8c  lcd_display_ctl               
0000cba6  lcd_cursorShow                
0000cbbe  __mspabi_divu                 
0000cbbe  __mspabi_remu                 
0000cbd4  serialPrintln                 
0000cbea  lcd_enable                    
0000cbfe  __TI_decompress_none          
0000cc10  memcpy                        
0000cc22  serialWrite                   
0000cc34  str_len                       
0000cc46  __mspabi_func_epilog_7        
0000cc48  __mspabi_func_epilog_6        
0000cc4a  __mspabi_func_epilog_5        
0000cc4c  __mspabi_func_epilog_4        
0000cc4e  __mspabi_func_epilog_3        
0000cc50  __mspabi_func_epilog_2        
0000cc52  __mspabi_func_epilog_1        
0000cc56  lcd_putChar                   
0000cc64  main                          
0000cc72  lcd_entry_mode                
0000cc7e  lcd_clear                     
0000cc88  __TI_ISR_TRAP                 
0000cc90  C$$EXIT                       
0000cc90  abort                         
0000cc96  _system_pre_init              
0000cc9a  _system_post_cinit            
0000cd2c  __TI_Handler_Table_Base       
0000cd30  __TI_CINIT_Base               
0000cd30  __TI_Handler_Table_Limit      
0000cd34  __TI_CINIT_Limit              
0000cd34  __TI_CINIT_Warm               
0000ffe0  __TI_int00                    
0000ffe4  __TI_int02                    
0000ffe6  __TI_int03                    
0000ffea  __TI_int05                    
0000ffec  __TI_int06                    
0000ffee  __TI_int07                    
0000fff0  __TI_int08                    
0000fff2  __TI_int09                    
0000fff4  __TI_int10                    
0000fff6  __TI_int11                    
0000fff8  __TI_int12                    
0000fffa  __TI_int13                    
0000fffc  __TI_int14                    
0000fffe  _reset_vector                 
ffffffff  __TI_pprof_out_hndl           
ffffffff  __TI_prof_data_size           
ffffffff  __TI_prof_data_start          
ffffffff  __c_args__                    

[219 symbols]
