******************************************************************************
                  MSP430 Linker PC v21.6.0                     
******************************************************************************
>> Linked Sat Jul 30 21:27:11 2022

OUTPUT FILE NAME:   <Onur_Altinordu_5250773.out>
ENTRY POINT SYMBOL: "_c_int00_noargs"  address: 0000f524


MEMORY CONFIGURATION

         name            origin    length      used     unused   attr    fill
----------------------  --------  ---------  --------  --------  ----  --------
  SFR                   00000000   00000010  00000000  00000010  RWIX
  PERIPHERALS_8BIT      00000010   000000f0  00000000  000000f0  RWIX
  PERIPHERALS_16BIT     00000100   00000100  00000000  00000100  RWIX
  RAM                   00000200   00000200  00000141  000000bf  RWIX
  INFOD                 00001000   00000040  00000000  00000040  RWIX
  INFOC                 00001040   00000040  00000000  00000040  RWIX
  INFOB                 00001080   00000040  00000000  00000040  RWIX
  INFOA                 000010c0   00000040  00000000  00000040  RWIX
  FLASH                 0000c000   00003fde  00003b7e  00000460  RWIX
  BSLSIGNATURE          0000ffde   00000002  00000002  00000000  RWIX  ffff 
  INT00                 0000ffe0   00000002  00000002  00000000  RWIX
  INT01                 0000ffe2   00000002  00000000  00000002  RWIX
  INT02                 0000ffe4   00000002  00000002  00000000  RWIX
  INT03                 0000ffe6   00000002  00000002  00000000  RWIX
  INT04                 0000ffe8   00000002  00000000  00000002  RWIX
  INT05                 0000ffea   00000002  00000002  00000000  RWIX
  INT06                 0000ffec   00000002  00000002  00000000  RWIX
  INT07                 0000ffee   00000002  00000002  00000000  RWIX
  INT08                 0000fff0   00000002  00000002  00000000  RWIX
  INT09                 0000fff2   00000002  00000002  00000000  RWIX
  INT10                 0000fff4   00000002  00000002  00000000  RWIX
  INT11                 0000fff6   00000002  00000002  00000000  RWIX
  INT12                 0000fff8   00000002  00000002  00000000  RWIX
  INT13                 0000fffa   00000002  00000002  00000000  RWIX
  INT14                 0000fffc   00000002  00000002  00000000  RWIX
  RESET                 0000fffe   00000002  00000002  00000000  RWIX


SECTION ALLOCATION MAP

 output                                  attributes/
section   page    origin      length       input sections
--------  ----  ----------  ----------   ----------------
.bss       0    00000200    000000ae     UNINITIALIZED
                  00000200    00000020     (.common:str)
                  00000220    00000020     (.common:strmem_a)
                  00000240    00000020     (.common:strmem_b)
                  00000260    00000018     (.common:mma_ax)
                  00000278    0000000e     i2c.obj (.bss)
                  00000286    00000004     (.common:JOY_RD_ALL)
                  0000028a    00000004     (.common:joy_ax)
                  0000028e    00000002     (.common:JOY_READ_AX)
                  00000290    00000002     (.common:READ_BYTE)
                  00000292    00000002     (.common:READ_TWO_BYTES)
                  00000294    00000002     (.common:SEND_CMD)
                  00000296    00000002     (.common:SEND_REG)
                  00000298    00000002     (.common:USCIAB0_I2C_RX)
                  0000029a    00000002     (.common:USCIAB0_I2C_TX)
                  0000029c    00000002     (.common:USCIAB0_SPI_RX)
                  0000029e    00000002     (.common:USCIAB0_SPI_TX)
                  000002a0    00000002     (.common:USCIAB0_UART_RX)
                  000002a2    00000002     (.common:distance)
                  000002a4    00000002     (.common:i)
                  000002a6    00000002     (.common:ldr)
                  000002a8    00000002     (.common:ntc)
                  000002aa    00000002     (.common:pb)
                  000002ac    00000002     (.common:pot)

.data      0    000002ae    00000043     UNINITIALIZED
                  000002ae    00000023     UART.obj (.data:ringBuffer)
                  000002d1    00000001     LCD.obj (.data)
                  000002d2    0000000c     main.obj (.data)
                  000002de    0000000b     mma.obj (.data)
                  000002e9    00000001     UART.obj (.data)
                  000002ea    00000005     main.obj (.data:led_array)
                  000002ef    00000001     --HOLE--
                  000002f0    00000001     adac.obj (.data:config)

.stack     0    000003b0    00000050     UNINITIALIZED
                  000003b0    00000002     rts430_eabi.lib : boot.c.obj (.stack)
                  000003b2    0000004e     --HOLE--

.text      0    0000c000    00003854     
                  0000c000    00000736     rts430_eabi.lib : addd.c.obj (.text:__mspabi_addd)
                  0000c736    00000532     main.obj (.text:main)
                  0000cc68    00000478     rts430_eabi.lib : frcdivd.c.obj (.text:__TI_frcdivd)
                  0000d0e0    0000037c     actuatorMain.obj (.text:light_lvl)
                  0000d45c    000002c0     rts430_eabi.lib : mpyd.c.obj (.text:__mspabi_mpyd)
                  0000d71c    00000238                     : divd.c.obj (.text:__mspabi_divd)
                  0000d954    0000017c     actuatorMain.obj (.text:led_control)
                  0000dad0    00000172     rts430_eabi.lib : frcmpyd.c.obj (.text:__TI_frcmpyd)
                  0000dc42    00000162     mma.obj (.text:mma_getReal)
                  0000dda4    00000118     UART.obj (.text:serialPrintFloat)
                  0000debc    00000114     rts430_eabi.lib : mult64.asm.obj (.text:__mpyll)
                  0000dfd0    000000de     main.obj (.text:sensorRead)
                  0000e0ae    000000dc     rts430_eabi.lib : cmpd.c.obj (.text:__mspabi_cmpd)
                  0000e18a    000000c4                     : fs_mpy.asm.obj (.text)
                  0000e24e    000000c0     UART.obj (.text:serialPrintInt)
                  0000e30e    000000be     mma.obj (.text:mma_get14)
                  0000e3cc    000000bc     mma.obj (.text:mma_get8)
                  0000e488    000000ba     LCD.obj (.text:lcd_init)
                  0000e542    000000b4     rts430_eabi.lib : cvtdf.c.obj (.text:__mspabi_cvtdf)
                  0000e5f6    000000ac                     : fltlid.c.obj (.text:__mspabi_fltlid)
                  0000e6a2    0000008a     sensorMain.obj (.text:pbRead)
                  0000e72c    00000086     main.obj (.text:read_str)
                  0000e7b2    00000084     USCIAB0.obj (.text:USCIAB0_InterruptEnable)
                  0000e836    00000080     i2c.obj (.text:I2C_TX)
                  0000e8b6    0000007c     rts430_eabi.lib : copy_decompress_lzss.c.obj (.text:decompress:lzss:__TI_decompress_lzss)
                  0000e932    0000007c     joy.obj (.text:joy_read_all)
                  0000e9ae    00000078     i2c.obj (.text:i2c_init)
                  0000ea26    00000076     mma.obj (.text:mma_setRange)
                  0000ea9c    00000070     rts430_eabi.lib : cvtfd.c.obj (.text:__mspabi_cvtfd)
                  0000eb0c    00000070     LCD.obj (.text:lcd_SendNibble)
                  0000eb7c    00000068     rts430_eabi.lib : fs_toi.asm.obj (.text)
                  0000ebe4    00000064     mma.obj (.text:mma_init)
                  0000ec48    0000005c     rts430_eabi.lib : lsr32.asm.obj (.text:l_lsr_const)
                  0000eca4    00000052     mma.obj (.text:mma_setResolution)
                  0000ecf6    0000004c     rts430_eabi.lib : lsr16.asm.obj (.text)
                  0000ed42    0000004a                     : asr64.c.obj (.text:__mspabi_srall)
                  0000ed8c    0000004a                     : fs_cmp.asm.obj (.text)
                  0000edd6    00000048     LCD.obj (.text:lcd_putText)
                  0000ee1e    00000048     sensorMain.obj (.text:sensorMain_init)
                  0000ee66    00000046     rts430_eabi.lib : lsr64.c.obj (.text:__mspabi_srlll)
                  0000eeac    00000046     LCD.obj (.text:lcd_func_set)
                  0000eef2    00000044     rts430_eabi.lib : lsl64.c.obj (.text:__mspabi_sllll)
                  0000ef36    00000042                     : autoinit.c.obj (.text:__TI_auto_init_nobinit_nopinit:__TI_auto_init_nobinit_nopinit)
                  0000ef78    0000003e     i2c.obj (.text:i2c_read)
                  0000efb6    0000003e     rts430_eabi.lib : asr32.asm.obj (.text:l_asr_const)
                  0000eff4    0000003e                     : lsl32.asm.obj (.text:l_lsl_const)
                  0000f032    0000003c     adac.obj (.text:adac_write)
                  0000f06e    0000003c     usonic.obj (.text:usonic_read)
                  0000f0aa    0000003a     UART.obj (.text:UART_RX)
                  0000f0e4    0000003a     USCIAB0.obj (.text:USCIAB0RX_ISR)
                  0000f11e    00000036     UART.obj (.text:UART_init)
                  0000f154    00000036     actuatorMain.obj (.text:actuatorMain_init)
                  0000f18a    00000036     main.obj (.text:initMSP)
                  0000f1c0    00000032     sensorMain.obj (.text:ldrRead)
                  0000f1f2    00000032     sensorMain.obj (.text:ntcRead)
                  0000f224    00000032     sensorMain.obj (.text:potRead)
                  0000f256    0000002e     main.obj (.text:Port_1)
                  0000f284    0000002e     USCIAB0.obj (.text:USCIAB0TX_ISR)
                  0000f2b2    0000002e     i2c.obj (.text:i2c_write)
                  0000f2e0    0000002c     mma.obj (.text:mma8451q_read_two_bytes)
                  0000f30c    0000002c     rts430_eabi.lib : asr16.asm.obj (.text)
                  0000f338    0000002c                     : div16s.asm.obj (.text)
                  0000f364    0000002c                     : lsl16.asm.obj (.text)
                  0000f390    0000002a     USCIAB0.obj (.text:USCIAB0_InterruptDisable)
                  0000f3ba    0000002a     LCD.obj (.text:lcd_SendByte)
                  0000f3e4    0000002a     UART.obj (.text:serialPrint)
                  0000f40e    00000028     mma.obj (.text:mma8451q_read_byte)
                  0000f436    00000028     UART.obj (.text:serialRead)
                  0000f45e    00000026     rts430_eabi.lib : mult32.asm.obj (.text)
                  0000f484    00000022                     : mult1632.asm.obj (.text:__mpyul)
                  0000f4a6    00000022     usonic.obj (.text:usonic_init)
                  0000f4c8    00000020     LCD.obj (.text:lcd_pindir)
                  0000f4e8    0000001e     i2c.obj (.text:I2C_RX)
                  0000f506    0000001e     rts430_eabi.lib : mult3264.asm.obj (.text:__mpyull)
                  0000f524    0000001c                     : boot.c.obj (.text:_c_int00_noargs)
                  0000f540    0000001a     adac.obj (.text:adac_read)
                  0000f55a    0000001a     main.obj (.text:command)
                  0000f574    0000001a     joy.obj (.text:joy_read_B)
                  0000f58e    0000001a     joy.obj (.text:joy_read_X)
                  0000f5a8    0000001a     joy.obj (.text:joy_read_Y)
                  0000f5c2    0000001a     LCD.obj (.text:lcd_cursorBlink)
                  0000f5dc    0000001a     LCD.obj (.text:lcd_display_ctl)
                  0000f5f6    00000018     LCD.obj (.text:lcd_cursorShow)
                  0000f60e    00000018     rts430_eabi.lib : strcmp.c.obj (.text:strcmp)
                  0000f626    00000016     adac.obj (.text:adac_init)
                  0000f63c    00000016     mma.obj (.text:mma8451q_write_cmd)
                  0000f652    00000016     rts430_eabi.lib : div16u.asm.obj (.text)
                  0000f668    00000016     UART.obj (.text:serialPrintln)
                  0000f67e    00000014     main.obj (.text:console_TA1_init)
                  0000f692    00000014     rts430_eabi.lib : copy_zero_init.c.obj (.text:decompress:ZI:__TI_zero_init_nomemset:__TI_zero_init_nomemset)
                  0000f6a6    00000014     LCD.obj (.text:lcd_enable)
                  0000f6ba    00000014     rts430_eabi.lib : memset.c.obj (.text:memset)
                  0000f6ce    00000014                     : mult16.asm.obj (.text)
                  0000f6e2    00000012     main.obj (.text:TA1CCR0_ISR)
                  0000f6f4    00000012     rts430_eabi.lib : copy_decompress_none.c.obj (.text:decompress:none:__TI_decompress_none)
                  0000f706    00000012                     : memcpy.c.obj (.text:memcpy)
                  0000f718    00000012     UART.obj (.text:serialWrite)
                  0000f72a    00000012     LCD.obj (.text:str_len)
                  0000f73c    00000012     usonic.obj (.text:usonic_TA0_init)
                  0000f74e    00000010     rts430_eabi.lib : epilog.asm.obj (.text)
                  0000f75e    00000010                     : strcpy.c.obj (.text:strcpy)
                  0000f76e    0000000e     LCD.obj (.text:lcd_putChar)
                  0000f77c    0000000e     UART.obj (.text:serialAvailable)
                  0000f78a    0000000e     UART.obj (.text:serialEchoBack)
                  0000f798    0000000e     rts430_eabi.lib : strlen.c.obj (.text:strlen)
                  0000f7a6    0000000c                     : fltid.c.obj (.text:__mspabi_fltid)
                  0000f7b2    0000000c     LCD.obj (.text:lcd_entry_mode)
                  0000f7be    0000000a     rts430_eabi.lib : abs.c.obj (.text:abs)
                  0000f7c8    0000000a     LCD.obj (.text:lcd_clear)
                  0000f7d2    0000000a     mma.obj (.text:mma_get14Y)
                  0000f7dc    0000000a     mma.obj (.text:mma_get14Z)
                  0000f7e6    0000000a     mma.obj (.text:mma_get8Y)
                  0000f7f0    0000000a     mma.obj (.text:mma_get8Z)
                  0000f7fa    0000000a     rts430_eabi.lib : fs_neg.asm.obj (.text)
                  0000f804    00000008                     : isr_trap.asm.obj (.text:_isr:__TI_ISR_TRAP)
                  0000f80c    00000008     mma.obj (.text:mma_get14X)
                  0000f814    00000008     mma.obj (.text:mma_get8X)
                  0000f81c    00000008     mma.obj (.text:mma_getRealX)
                  0000f824    00000008     mma.obj (.text:mma_getRealY)
                  0000f82c    00000008     mma.obj (.text:mma_getRealZ)
                  0000f834    00000008     UART.obj (.text:serialFlush)
                  0000f83c    00000006     rts430_eabi.lib : exit.c.obj (.text:abort)
                  0000f842    00000006     i2c.obj (.text:i2c_busy)
                  0000f848    00000006     i2c.obj (.text:i2c_nack_received)
                  0000f84e    00000004     rts430_eabi.lib : pre_init.c.obj (.text:_system_pre_init)
                  0000f852    00000002                     : startup.c.obj (.text:_system_post_cinit)

.const     0    0000f854    00000302     
                  0000f854    000002a0     main.obj (.const:.string)
                  0000faf4    00000060     actuatorMain.obj (.const:.string)
                  0000fb54    00000002     adac.obj (.const:.string:$P$T0$1)

.cinit     0    0000fb56    00000028     
                  0000fb56    00000016     (.cinit..data.load) [load image, compression = lzss]
                  0000fb6c    00000006     (__TI_handler_table)
                  0000fb72    00000004     (.cinit..bss.load) [load image, compression = zero_init]
                  0000fb76    00000008     (__TI_cinit_table)

.binit     0    0000c000    00000000     

.init_array 
*          0    0000c000    00000000     UNINITIALIZED

TRAPINT    0    0000ffe0    00000002     
                  0000ffe0    00000002     rts430_eabi.lib : int00.asm.obj (.int00)

PORT1      0    0000ffe4    00000002     
                  0000ffe4    00000002     main.obj (.int02)

PORT2      0    0000ffe6    00000002     
                  0000ffe6    00000002     rts430_eabi.lib : int03.asm.obj (.int03)

ADC10      0    0000ffea    00000002     
                  0000ffea    00000002     rts430_eabi.lib : int05.asm.obj (.int05)

USCIAB0TX 
*          0    0000ffec    00000002     
                  0000ffec    00000002     USCIAB0.obj (.int06)

USCIAB0RX 
*          0    0000ffee    00000002     
                  0000ffee    00000002     USCIAB0.obj (.int07)

TIMER0_A1 
*          0    0000fff0    00000002     
                  0000fff0    00000002     rts430_eabi.lib : int08.asm.obj (.int08)

TIMER0_A0 
*          0    0000fff2    00000002     
                  0000fff2    00000002     rts430_eabi.lib : int09.asm.obj (.int09)

WDT        0    0000fff4    00000002     
                  0000fff4    00000002     rts430_eabi.lib : int10.asm.obj (.int10)

COMPARATORA 
*          0    0000fff6    00000002     
                  0000fff6    00000002     rts430_eabi.lib : int11.asm.obj (.int11)

TIMER1_A1 
*          0    0000fff8    00000002     
                  0000fff8    00000002     rts430_eabi.lib : int12.asm.obj (.int12)

TIMER1_A0 
*          0    0000fffa    00000002     
                  0000fffa    00000002     main.obj (.int13)

NMI        0    0000fffc    00000002     
                  0000fffc    00000002     rts430_eabi.lib : int14.asm.obj (.int14)

.reset     0    0000fffe    00000002     
                  0000fffe    00000002     rts430_eabi.lib : boot.c.obj (.reset)

$fill000   0    0000ffde    00000002     
                  0000ffde    00000002     --HOLE-- [fill = ffff]

MODULE SUMMARY

       Module                       code    ro data   rw data
       ------                       ----    -------   -------
    .\
       main.obj                     1850    676       153    
    +--+----------------------------+-------+---------+---------+
       Total:                       1850    676       153    
                                                             
    .\libs\
       actuatorMain.obj             1326    96        0      
       mma.obj                      1218    0         19     
       UART.obj                     742     0         36     
       LCD.obj                      664     0         1      
       i2c.obj                      398     0         14     
       sensorMain.obj               360     0         0      
       USCIAB0.obj                  278     4         10     
       joy.obj                      202     0         6      
       usonic.obj                   112     0         0      
       adac.obj                     108     2         1      
    +--+----------------------------+-------+---------+---------+
       Total:                       5408    102       87     
                                                             
    C:\ti\ccs1100\ccs\tools\compiler\ti-cgt-msp430_21.6.0.LTS\lib\rts430_eabi.lib
       addd.c.obj                   1846    0         0      
       frcdivd.c.obj                1144    0         0      
       mpyd.c.obj                   704     0         0      
       divd.c.obj                   568     0         0      
       frcmpyd.c.obj                370     0         0      
       mult64.asm.obj               276     0         0      
       cmpd.c.obj                   220     0         0      
       fs_mpy.asm.obj               196     0         0      
       cvtdf.c.obj                  180     0         0      
       fltlid.c.obj                 172     0         0      
       copy_decompress_lzss.c.obj   124     0         0      
       cvtfd.c.obj                  112     0         0      
       fs_toi.asm.obj               104     0         0      
       lsr32.asm.obj                92      0         0      
       lsr16.asm.obj                76      0         0      
       asr64.c.obj                  74      0         0      
       fs_cmp.asm.obj               74      0         0      
       lsr64.c.obj                  70      0         0      
       lsl64.c.obj                  68      0         0      
       autoinit.c.obj               66      0         0      
       asr32.asm.obj                62      0         0      
       lsl32.asm.obj                62      0         0      
       asr16.asm.obj                44      0         0      
       div16s.asm.obj               44      0         0      
       lsl16.asm.obj                44      0         0      
       mult32.asm.obj               38      0         0      
       mult1632.asm.obj             34      0         0      
       boot.c.obj                   28      2         0      
       mult3264.asm.obj             30      0         0      
       strcmp.c.obj                 24      0         0      
       div16u.asm.obj               22      0         0      
       copy_zero_init.c.obj         20      0         0      
       memset.c.obj                 20      0         0      
       mult16.asm.obj               20      0         0      
       copy_decompress_none.c.obj   18      0         0      
       memcpy.c.obj                 18      0         0      
       epilog.asm.obj               16      0         0      
       strcpy.c.obj                 16      0         0      
       strlen.c.obj                 14      0         0      
       fltid.c.obj                  12      0         0      
       abs.c.obj                    10      0         0      
       fs_neg.asm.obj               10      0         0      
       isr_trap.asm.obj             8       0         0      
       exit.c.obj                   6       0         0      
       pre_init.c.obj               4       0         0      
       int00.asm.obj                0       2         0      
       int03.asm.obj                0       2         0      
       int05.asm.obj                0       2         0      
       int08.asm.obj                0       2         0      
       int09.asm.obj                0       2         0      
       int10.asm.obj                0       2         0      
       int11.asm.obj                0       2         0      
       int12.asm.obj                0       2         0      
       int14.asm.obj                0       2         0      
       startup.c.obj                2       0         0      
    +--+----------------------------+-------+---------+---------+
       Total:                       7162    20        0      
                                                             
       Stack:                       0       0         80     
       Linker Generated:            0       40        0      
    +--+----------------------------+-------+---------+---------+
       Grand Total:                 14420   838       320    


LINKER GENERATED COPY TABLES

__TI_cinit_table @ 0000fb76 records: 2, size/record: 4, table size: 8
	.data: load addr=0000fb56, load size=00000016 bytes, run addr=000002ae, run size=00000043 bytes, compression=lzss
	.bss: load addr=0000fb72, load size=00000004 bytes, run addr=00000200, run size=000000ae bytes, compression=zero_init


LINKER GENERATED HANDLER TABLE

__TI_handler_table @ 0000fb6c records: 3, size/record: 2, table size: 6
	index: 0, handler: __TI_zero_init
	index: 1, handler: __TI_decompress_lzss
	index: 2, handler: __TI_decompress_none


GLOBAL SYMBOLS: SORTED ALPHABETICALLY BY Name 

address   name                          
-------   ----                          
0000004a  ADC10AE0                      
000001b0  ADC10CTL0                     
000001b2  ADC10CTL1                     
00000048  ADC10DTC0                     
00000049  ADC10DTC1                     
000001b4  ADC10MEM                      
000001bc  ADC10SA                       
00000057  BCSCTL1                       
00000058  BCSCTL2                       
00000053  BCSCTL3                       
0000f83c  C$$EXIT                       
00000059  CACTL1                        
0000005a  CACTL2                        
000010fb  CALBC1_12MHZ                  
000010f9  CALBC1_16MHZ                  
000010ff  CALBC1_1MHZ                   
000010fd  CALBC1_8MHZ                   
000010fa  CALDCO_12MHZ                  
000010f8  CALDCO_16MHZ                  
000010fe  CALDCO_1MHZ                   
000010fc  CALDCO_8MHZ                   
0000005b  CAPD                          
000002de  CMD_CTRL_REG1                 
000002df  CMD_CTRL_REG2                 
000002e2  CMD_CTRL_REG3                 
000002e3  CMD_CTRL_REG4                 
000002e4  CMD_CTRL_REG5                 
000002e1  CMD_PULSE_CFG                 
000002e5  CMD_PULSE_LTCY                
000002e6  CMD_PULSE_THSZ                
000002e7  CMD_PULSE_TMLT                
000002e8  CMD_PULSE_WIND                
000002e0  CMD_XYZ_DATA_CFG              
00000056  DCOCTL                        
00000128  FCTL1                         
0000012a  FCTL2                         
0000012c  FCTL3                         
0000f4e8  I2C_RX                        
0000e836  I2C_TX                        
00000000  IE1                           
00000001  IE2                           
00000002  IFG1                          
00000003  IFG2                          
00000286  JOY_RD_ALL                    
0000028e  JOY_READ_AX                   
00000022  P1DIR                         
00000025  P1IE                          
00000024  P1IES                         
00000023  P1IFG                         
00000020  P1IN                          
00000021  P1OUT                         
00000027  P1REN                         
00000026  P1SEL                         
00000041  P1SEL2                        
0000002a  P2DIR                         
0000002d  P2IE                          
0000002c  P2IES                         
0000002b  P2IFG                         
00000028  P2IN                          
00000029  P2OUT                         
0000002f  P2REN                         
0000002e  P2SEL                         
00000042  P2SEL2                        
0000001a  P3DIR                         
00000018  P3IN                          
00000019  P3OUT                         
00000010  P3REN                         
0000001b  P3SEL                         
00000043  P3SEL2                        
0000f256  Port_1                        
00000290  READ_BYTE                     
00000292  READ_TWO_BYTES                
00000294  SEND_CMD                      
00000296  SEND_REG                      
00000172  TA0CCR0                       
00000174  TA0CCR1                       
00000176  TA0CCR2                       
00000162  TA0CCTL0                      
00000164  TA0CCTL1                      
00000166  TA0CCTL2                      
00000160  TA0CTL                        
0000012e  TA0IV                         
00000170  TA0R                          
00000192  TA1CCR0                       
0000f6e2  TA1CCR0_ISR                   
00000194  TA1CCR1                       
00000196  TA1CCR2                       
00000182  TA1CCTL0                      
00000184  TA1CCTL1                      
00000186  TA1CCTL2                      
00000180  TA1CTL                        
0000011e  TA1IV                         
00000190  TA1R                          
000010db  TLV_ADC10_1_LEN               
000010da  TLV_ADC10_1_TAG               
000010c0  TLV_CHECKSUM                  
000010f7  TLV_DCO_30_LEN                
000010f6  TLV_DCO_30_TAG                
0000f0aa  UART_RX                       
0000f11e  UART_init                     
0000005d  UCA0ABCTL                     
00000062  UCA0BR0                       
00000063  UCA0BR1                       
00000060  UCA0CTL0                      
00000061  UCA0CTL1                      
0000005f  UCA0IRRCTL                    
0000005e  UCA0IRTCTL                    
00000064  UCA0MCTL                      
00000066  UCA0RXBUF                     
00000065  UCA0STAT                      
00000067  UCA0TXBUF                     
0000006a  UCB0BR0                       
0000006b  UCB0BR1                       
00000068  UCB0CTL0                      
00000069  UCB0CTL1                      
0000006c  UCB0I2CIE                     
00000118  UCB0I2COA                     
0000011a  UCB0I2CSA                     
0000006e  UCB0RXBUF                     
0000006d  UCB0STAT                      
0000006f  UCB0TXBUF                     
0000f0e4  USCIAB0RX_ISR                 
0000f284  USCIAB0TX_ISR                 
00000298  USCIAB0_I2C_RX                
0000029a  USCIAB0_I2C_TX                
0000f390  USCIAB0_InterruptDisable      
0000e7b2  USCIAB0_InterruptEnable       
0000029c  USCIAB0_SPI_RX                
0000029e  USCIAB0_SPI_TX                
000002a0  USCIAB0_UART_RX               
00000120  WDTCTL                        
00000400  __STACK_END                   
00000050  __STACK_SIZE                  
0000fb76  __TI_CINIT_Base               
0000fb7e  __TI_CINIT_Limit              
0000fb7e  __TI_CINIT_Warm               
0000fb6c  __TI_Handler_Table_Base       
0000fb72  __TI_Handler_Table_Limit      
0000f804  __TI_ISR_TRAP                 
0000ef36  __TI_auto_init_nobinit_nopinit
0000e8b6  __TI_decompress_lzss          
0000f6f4  __TI_decompress_none          
0000cc68  __TI_frcdivd                  
0000dad0  __TI_frcmpyd                  
0000ffe0  __TI_int00                    
0000ffe4  __TI_int02                    
0000ffe6  __TI_int03                    
0000ffea  __TI_int05                    
0000ffec  __TI_int06                    
0000ffee  __TI_int07                    
0000fff0  __TI_int08                    
0000fff2  __TI_int09                    
0000fff4  __TI_int10                    
0000fff6  __TI_int11                    
0000fff8  __TI_int12                    
0000fffa  __TI_int13                    
0000fffc  __TI_int14                    
ffffffff  __TI_pprof_out_hndl           
ffffffff  __TI_prof_data_size           
ffffffff  __TI_prof_data_start          
0000f692  __TI_zero_init_nomemset       
ffffffff  __c_args__                    
0000c000  __mspabi_addd                 
0000e0ae  __mspabi_cmpd                 
0000ed8c  __mspabi_cmpf                 
0000e542  __mspabi_cvtdf                
0000ea9c  __mspabi_cvtfd                
0000d71c  __mspabi_divd                 
0000f338  __mspabi_divi                 
0000f652  __mspabi_divu                 
0000eb7c  __mspabi_fixfi                
0000f7a6  __mspabi_fltid                
0000e5f6  __mspabi_fltlid               
0000f75a  __mspabi_func_epilog_1        
0000f758  __mspabi_func_epilog_2        
0000f756  __mspabi_func_epilog_3        
0000f754  __mspabi_func_epilog_4        
0000f752  __mspabi_func_epilog_5        
0000f750  __mspabi_func_epilog_6        
0000f74e  __mspabi_func_epilog_7        
0000d45c  __mspabi_mpyd                 
0000e18a  __mspabi_mpyf                 
0000f6ce  __mspabi_mpyi                 
0000f6ce  __mspabi_mpyi_sw              
0000f45e  __mspabi_mpyl                 
0000f45e  __mspabi_mpyl_sw              
0000debc  __mspabi_mpyll                
0000debc  __mspabi_mpyll_sw             
0000f484  __mspabi_mpyul                
0000f484  __mspabi_mpyul_sw             
0000f506  __mspabi_mpyull               
0000f506  __mspabi_mpyull_sw            
0000f7fa  __mspabi_negf                 
0000f338  __mspabi_remi                 
0000f652  __mspabi_remu                 
0000f364  __mspabi_slli                 
0000f38c  __mspabi_slli_1               
0000f37a  __mspabi_slli_10              
0000f378  __mspabi_slli_11              
0000f376  __mspabi_slli_12              
0000f374  __mspabi_slli_13              
0000f372  __mspabi_slli_14              
0000f370  __mspabi_slli_15              
0000f38a  __mspabi_slli_2               
0000f388  __mspabi_slli_3               
0000f386  __mspabi_slli_4               
0000f384  __mspabi_slli_5               
0000f382  __mspabi_slli_6               
0000f380  __mspabi_slli_7               
0000f37e  __mspabi_slli_8               
0000f37c  __mspabi_slli_9               
0000f02c  __mspabi_slll_1               
0000f008  __mspabi_slll_10              
0000f004  __mspabi_slll_11              
0000f000  __mspabi_slll_12              
0000effc  __mspabi_slll_13              
0000eff8  __mspabi_slll_14              
0000eff4  __mspabi_slll_15              
0000f028  __mspabi_slll_2               
0000f024  __mspabi_slll_3               
0000f020  __mspabi_slll_4               
0000f01c  __mspabi_slll_5               
0000f018  __mspabi_slll_6               
0000f014  __mspabi_slll_7               
0000f010  __mspabi_slll_8               
0000f00c  __mspabi_slll_9               
0000eef2  __mspabi_sllll                
0000f30c  __mspabi_srai                 
0000f334  __mspabi_srai_1               
0000f322  __mspabi_srai_10              
0000f320  __mspabi_srai_11              
0000f31e  __mspabi_srai_12              
0000f31c  __mspabi_srai_13              
0000f31a  __mspabi_srai_14              
0000f318  __mspabi_srai_15              
0000f332  __mspabi_srai_2               
0000f330  __mspabi_srai_3               
0000f32e  __mspabi_srai_4               
0000f32c  __mspabi_srai_5               
0000f32a  __mspabi_srai_6               
0000f328  __mspabi_srai_7               
0000f326  __mspabi_srai_8               
0000f324  __mspabi_srai_9               
0000efee  __mspabi_sral_1               
0000efca  __mspabi_sral_10              
0000efc6  __mspabi_sral_11              
0000efc2  __mspabi_sral_12              
0000efbe  __mspabi_sral_13              
0000efba  __mspabi_sral_14              
0000efb6  __mspabi_sral_15              
0000efea  __mspabi_sral_2               
0000efe6  __mspabi_sral_3               
0000efe2  __mspabi_sral_4               
0000efde  __mspabi_sral_5               
0000efda  __mspabi_sral_6               
0000efd6  __mspabi_sral_7               
0000efd2  __mspabi_sral_8               
0000efce  __mspabi_sral_9               
0000ed42  __mspabi_srall                
0000ecf6  __mspabi_srli                 
0000ed3c  __mspabi_srli_1               
0000ed18  __mspabi_srli_10              
0000ed14  __mspabi_srli_11              
0000ed10  __mspabi_srli_12              
0000ed0c  __mspabi_srli_13              
0000ed08  __mspabi_srli_14              
0000ed04  __mspabi_srli_15              
0000ed38  __mspabi_srli_2               
0000ed34  __mspabi_srli_3               
0000ed30  __mspabi_srli_4               
0000ed2c  __mspabi_srli_5               
0000ed28  __mspabi_srli_6               
0000ed24  __mspabi_srli_7               
0000ed20  __mspabi_srli_8               
0000ed1c  __mspabi_srli_9               
0000ec9c  __mspabi_srll_1               
0000ec66  __mspabi_srll_10              
0000ec60  __mspabi_srll_11              
0000ec5a  __mspabi_srll_12              
0000ec54  __mspabi_srll_13              
0000ec4e  __mspabi_srll_14              
0000ec48  __mspabi_srll_15              
0000ec96  __mspabi_srll_2               
0000ec90  __mspabi_srll_3               
0000ec8a  __mspabi_srll_4               
0000ec84  __mspabi_srll_5               
0000ec7e  __mspabi_srll_6               
0000ec78  __mspabi_srll_7               
0000ec72  __mspabi_srll_8               
0000ec6c  __mspabi_srll_9               
0000ee66  __mspabi_srlll                
0000f524  _c_int00_noargs               
0000fffe  _reset_vector                 
000003b0  _stack                        
0000f852  _system_post_cinit            
0000f84e  _system_pre_init              
0000f83c  abort                         
0000f7be  abs                           
0000f154  actuatorMain_init             
0000f626  adac_init                     
0000f540  adac_read                     
0000f032  adac_write                    
000002d7  cmd_on                        
0000f55a  command                       
000002f0  config                        
0000f67e  console_TA1_init              
000002d1  disp_state                    
000002a2  distance                      
000002e9  echoBack                      
000002dc  flag_1                        
000002da  flag_2                        
000002d6  func_on                       
000002a4  i                             
0000f842  i2c_busy                      
0000e9ae  i2c_init                      
0000f848  i2c_nack_received             
0000ef78  i2c_read                      
0000f2b2  i2c_write                     
0000f18a  initMSP                       
0000028a  joy_ax                        
0000f626  joy_init                      
0000f574  joy_read_B                    
0000f58e  joy_read_X                    
0000f5a8  joy_read_Y                    
0000e932  joy_read_all                  
0000f3ba  lcd_SendByte                  
0000eb0c  lcd_SendNibble                
0000f7c8  lcd_clear                     
0000f5c2  lcd_cursorBlink               
0000f5f6  lcd_cursorShow                
0000f5dc  lcd_display_ctl               
0000f6a6  lcd_enable                    
0000f7b2  lcd_entry_mode                
0000eeac  lcd_func_set                  
0000e488  lcd_init                      
0000f4c8  lcd_pindir                    
0000f76e  lcd_putChar                   
0000edd6  lcd_putText                   
000002a6  ldr                           
0000f1c0  ldrRead                       
000002ea  led_array                     
0000d954  led_control                   
0000d0e0  light_lvl                     
0000c736  main                          
0000f706  memcpy                        
0000f6ba  memset                        
000002d2  milisecond                    
0000f40e  mma8451q_read_byte            
0000f2e0  mma8451q_read_two_bytes       
0000f63c  mma8451q_write_cmd            
00000260  mma_ax                        
0000e30e  mma_get14                     
0000f80c  mma_get14X                    
0000f7d2  mma_get14Y                    
0000f7dc  mma_get14Z                    
0000e3cc  mma_get8                      
0000f814  mma_get8X                     
0000f7e6  mma_get8Y                     
0000f7f0  mma_get8Z                     
0000dc42  mma_getReal                   
0000f81c  mma_getRealX                  
0000f824  mma_getRealY                  
0000f82c  mma_getRealZ                  
0000ebe4  mma_init                      
0000ea26  mma_setRange                  
0000eca4  mma_setResolution             
000002a8  ntc                           
0000f1f2  ntcRead                       
000002aa  pb                            
0000e6a2  pbRead                        
000002ac  pot                           
0000f224  potRead                       
000002d4  pulse_count                   
0000e72c  read_str                      
000002ae  ringBuffer                    
0000ee1e  sensorMain_init               
0000dfd0  sensorRead                    
0000f77c  serialAvailable               
0000f78a  serialEchoBack                
0000f834  serialFlush                   
0000f3e4  serialPrint                   
0000dda4  serialPrintFloat              
0000e24e  serialPrintInt                
0000f668  serialPrintln                 
0000f436  serialRead                    
0000f718  serialWrite                   
00000200  str                           
0000f72a  str_len                       
0000f60e  strcmp                        
0000f75e  strcpy                        
0000f798  strlen                        
00000220  strmem_a                      
00000240  strmem_b                      
0000f73c  usonic_TA0_init               
0000f4a6  usonic_init                   
0000f06e  usonic_read                   
000002d8  x                             


GLOBAL SYMBOLS: SORTED BY Symbol Address 

address   name                          
-------   ----                          
00000000  IE1                           
00000001  IE2                           
00000002  IFG1                          
00000003  IFG2                          
00000010  P3REN                         
00000018  P3IN                          
00000019  P3OUT                         
0000001a  P3DIR                         
0000001b  P3SEL                         
00000020  P1IN                          
00000021  P1OUT                         
00000022  P1DIR                         
00000023  P1IFG                         
00000024  P1IES                         
00000025  P1IE                          
00000026  P1SEL                         
00000027  P1REN                         
00000028  P2IN                          
00000029  P2OUT                         
0000002a  P2DIR                         
0000002b  P2IFG                         
0000002c  P2IES                         
0000002d  P2IE                          
0000002e  P2SEL                         
0000002f  P2REN                         
00000041  P1SEL2                        
00000042  P2SEL2                        
00000043  P3SEL2                        
00000048  ADC10DTC0                     
00000049  ADC10DTC1                     
0000004a  ADC10AE0                      
00000050  __STACK_SIZE                  
00000053  BCSCTL3                       
00000056  DCOCTL                        
00000057  BCSCTL1                       
00000058  BCSCTL2                       
00000059  CACTL1                        
0000005a  CACTL2                        
0000005b  CAPD                          
0000005d  UCA0ABCTL                     
0000005e  UCA0IRTCTL                    
0000005f  UCA0IRRCTL                    
00000060  UCA0CTL0                      
00000061  UCA0CTL1                      
00000062  UCA0BR0                       
00000063  UCA0BR1                       
00000064  UCA0MCTL                      
00000065  UCA0STAT                      
00000066  UCA0RXBUF                     
00000067  UCA0TXBUF                     
00000068  UCB0CTL0                      
00000069  UCB0CTL1                      
0000006a  UCB0BR0                       
0000006b  UCB0BR1                       
0000006c  UCB0I2CIE                     
0000006d  UCB0STAT                      
0000006e  UCB0RXBUF                     
0000006f  UCB0TXBUF                     
00000118  UCB0I2COA                     
0000011a  UCB0I2CSA                     
0000011e  TA1IV                         
00000120  WDTCTL                        
00000128  FCTL1                         
0000012a  FCTL2                         
0000012c  FCTL3                         
0000012e  TA0IV                         
00000160  TA0CTL                        
00000162  TA0CCTL0                      
00000164  TA0CCTL1                      
00000166  TA0CCTL2                      
00000170  TA0R                          
00000172  TA0CCR0                       
00000174  TA0CCR1                       
00000176  TA0CCR2                       
00000180  TA1CTL                        
00000182  TA1CCTL0                      
00000184  TA1CCTL1                      
00000186  TA1CCTL2                      
00000190  TA1R                          
00000192  TA1CCR0                       
00000194  TA1CCR1                       
00000196  TA1CCR2                       
000001b0  ADC10CTL0                     
000001b2  ADC10CTL1                     
000001b4  ADC10MEM                      
000001bc  ADC10SA                       
00000200  str                           
00000220  strmem_a                      
00000240  strmem_b                      
00000260  mma_ax                        
00000286  JOY_RD_ALL                    
0000028a  joy_ax                        
0000028e  JOY_READ_AX                   
00000290  READ_BYTE                     
00000292  READ_TWO_BYTES                
00000294  SEND_CMD                      
00000296  SEND_REG                      
00000298  USCIAB0_I2C_RX                
0000029a  USCIAB0_I2C_TX                
0000029c  USCIAB0_SPI_RX                
0000029e  USCIAB0_SPI_TX                
000002a0  USCIAB0_UART_RX               
000002a2  distance                      
000002a4  i                             
000002a6  ldr                           
000002a8  ntc                           
000002aa  pb                            
000002ac  pot                           
000002ae  ringBuffer                    
000002d1  disp_state                    
000002d2  milisecond                    
000002d4  pulse_count                   
000002d6  func_on                       
000002d7  cmd_on                        
000002d8  x                             
000002da  flag_2                        
000002dc  flag_1                        
000002de  CMD_CTRL_REG1                 
000002df  CMD_CTRL_REG2                 
000002e0  CMD_XYZ_DATA_CFG              
000002e1  CMD_PULSE_CFG                 
000002e2  CMD_CTRL_REG3                 
000002e3  CMD_CTRL_REG4                 
000002e4  CMD_CTRL_REG5                 
000002e5  CMD_PULSE_LTCY                
000002e6  CMD_PULSE_THSZ                
000002e7  CMD_PULSE_TMLT                
000002e8  CMD_PULSE_WIND                
000002e9  echoBack                      
000002ea  led_array                     
000002f0  config                        
000003b0  _stack                        
00000400  __STACK_END                   
000010c0  TLV_CHECKSUM                  
000010da  TLV_ADC10_1_TAG               
000010db  TLV_ADC10_1_LEN               
000010f6  TLV_DCO_30_TAG                
000010f7  TLV_DCO_30_LEN                
000010f8  CALDCO_16MHZ                  
000010f9  CALBC1_16MHZ                  
000010fa  CALDCO_12MHZ                  
000010fb  CALBC1_12MHZ                  
000010fc  CALDCO_8MHZ                   
000010fd  CALBC1_8MHZ                   
000010fe  CALDCO_1MHZ                   
000010ff  CALBC1_1MHZ                   
0000c000  __mspabi_addd                 
0000c736  main                          
0000cc68  __TI_frcdivd                  
0000d0e0  light_lvl                     
0000d45c  __mspabi_mpyd                 
0000d71c  __mspabi_divd                 
0000d954  led_control                   
0000dad0  __TI_frcmpyd                  
0000dc42  mma_getReal                   
0000dda4  serialPrintFloat              
0000debc  __mspabi_mpyll                
0000debc  __mspabi_mpyll_sw             
0000dfd0  sensorRead                    
0000e0ae  __mspabi_cmpd                 
0000e18a  __mspabi_mpyf                 
0000e24e  serialPrintInt                
0000e30e  mma_get14                     
0000e3cc  mma_get8                      
0000e488  lcd_init                      
0000e542  __mspabi_cvtdf                
0000e5f6  __mspabi_fltlid               
0000e6a2  pbRead                        
0000e72c  read_str                      
0000e7b2  USCIAB0_InterruptEnable       
0000e836  I2C_TX                        
0000e8b6  __TI_decompress_lzss          
0000e932  joy_read_all                  
0000e9ae  i2c_init                      
0000ea26  mma_setRange                  
0000ea9c  __mspabi_cvtfd                
0000eb0c  lcd_SendNibble                
0000eb7c  __mspabi_fixfi                
0000ebe4  mma_init                      
0000ec48  __mspabi_srll_15              
0000ec4e  __mspabi_srll_14              
0000ec54  __mspabi_srll_13              
0000ec5a  __mspabi_srll_12              
0000ec60  __mspabi_srll_11              
0000ec66  __mspabi_srll_10              
0000ec6c  __mspabi_srll_9               
0000ec72  __mspabi_srll_8               
0000ec78  __mspabi_srll_7               
0000ec7e  __mspabi_srll_6               
0000ec84  __mspabi_srll_5               
0000ec8a  __mspabi_srll_4               
0000ec90  __mspabi_srll_3               
0000ec96  __mspabi_srll_2               
0000ec9c  __mspabi_srll_1               
0000eca4  mma_setResolution             
0000ecf6  __mspabi_srli                 
0000ed04  __mspabi_srli_15              
0000ed08  __mspabi_srli_14              
0000ed0c  __mspabi_srli_13              
0000ed10  __mspabi_srli_12              
0000ed14  __mspabi_srli_11              
0000ed18  __mspabi_srli_10              
0000ed1c  __mspabi_srli_9               
0000ed20  __mspabi_srli_8               
0000ed24  __mspabi_srli_7               
0000ed28  __mspabi_srli_6               
0000ed2c  __mspabi_srli_5               
0000ed30  __mspabi_srli_4               
0000ed34  __mspabi_srli_3               
0000ed38  __mspabi_srli_2               
0000ed3c  __mspabi_srli_1               
0000ed42  __mspabi_srall                
0000ed8c  __mspabi_cmpf                 
0000edd6  lcd_putText                   
0000ee1e  sensorMain_init               
0000ee66  __mspabi_srlll                
0000eeac  lcd_func_set                  
0000eef2  __mspabi_sllll                
0000ef36  __TI_auto_init_nobinit_nopinit
0000ef78  i2c_read                      
0000efb6  __mspabi_sral_15              
0000efba  __mspabi_sral_14              
0000efbe  __mspabi_sral_13              
0000efc2  __mspabi_sral_12              
0000efc6  __mspabi_sral_11              
0000efca  __mspabi_sral_10              
0000efce  __mspabi_sral_9               
0000efd2  __mspabi_sral_8               
0000efd6  __mspabi_sral_7               
0000efda  __mspabi_sral_6               
0000efde  __mspabi_sral_5               
0000efe2  __mspabi_sral_4               
0000efe6  __mspabi_sral_3               
0000efea  __mspabi_sral_2               
0000efee  __mspabi_sral_1               
0000eff4  __mspabi_slll_15              
0000eff8  __mspabi_slll_14              
0000effc  __mspabi_slll_13              
0000f000  __mspabi_slll_12              
0000f004  __mspabi_slll_11              
0000f008  __mspabi_slll_10              
0000f00c  __mspabi_slll_9               
0000f010  __mspabi_slll_8               
0000f014  __mspabi_slll_7               
0000f018  __mspabi_slll_6               
0000f01c  __mspabi_slll_5               
0000f020  __mspabi_slll_4               
0000f024  __mspabi_slll_3               
0000f028  __mspabi_slll_2               
0000f02c  __mspabi_slll_1               
0000f032  adac_write                    
0000f06e  usonic_read                   
0000f0aa  UART_RX                       
0000f0e4  USCIAB0RX_ISR                 
0000f11e  UART_init                     
0000f154  actuatorMain_init             
0000f18a  initMSP                       
0000f1c0  ldrRead                       
0000f1f2  ntcRead                       
0000f224  potRead                       
0000f256  Port_1                        
0000f284  USCIAB0TX_ISR                 
0000f2b2  i2c_write                     
0000f2e0  mma8451q_read_two_bytes       
0000f30c  __mspabi_srai                 
0000f318  __mspabi_srai_15              
0000f31a  __mspabi_srai_14              
0000f31c  __mspabi_srai_13              
0000f31e  __mspabi_srai_12              
0000f320  __mspabi_srai_11              
0000f322  __mspabi_srai_10              
0000f324  __mspabi_srai_9               
0000f326  __mspabi_srai_8               
0000f328  __mspabi_srai_7               
0000f32a  __mspabi_srai_6               
0000f32c  __mspabi_srai_5               
0000f32e  __mspabi_srai_4               
0000f330  __mspabi_srai_3               
0000f332  __mspabi_srai_2               
0000f334  __mspabi_srai_1               
0000f338  __mspabi_divi                 
0000f338  __mspabi_remi                 
0000f364  __mspabi_slli                 
0000f370  __mspabi_slli_15              
0000f372  __mspabi_slli_14              
0000f374  __mspabi_slli_13              
0000f376  __mspabi_slli_12              
0000f378  __mspabi_slli_11              
0000f37a  __mspabi_slli_10              
0000f37c  __mspabi_slli_9               
0000f37e  __mspabi_slli_8               
0000f380  __mspabi_slli_7               
0000f382  __mspabi_slli_6               
0000f384  __mspabi_slli_5               
0000f386  __mspabi_slli_4               
0000f388  __mspabi_slli_3               
0000f38a  __mspabi_slli_2               
0000f38c  __mspabi_slli_1               
0000f390  USCIAB0_InterruptDisable      
0000f3ba  lcd_SendByte                  
0000f3e4  serialPrint                   
0000f40e  mma8451q_read_byte            
0000f436  serialRead                    
0000f45e  __mspabi_mpyl                 
0000f45e  __mspabi_mpyl_sw              
0000f484  __mspabi_mpyul                
0000f484  __mspabi_mpyul_sw             
0000f4a6  usonic_init                   
0000f4c8  lcd_pindir                    
0000f4e8  I2C_RX                        
0000f506  __mspabi_mpyull               
0000f506  __mspabi_mpyull_sw            
0000f524  _c_int00_noargs               
0000f540  adac_read                     
0000f55a  command                       
0000f574  joy_read_B                    
0000f58e  joy_read_X                    
0000f5a8  joy_read_Y                    
0000f5c2  lcd_cursorBlink               
0000f5dc  lcd_display_ctl               
0000f5f6  lcd_cursorShow                
0000f60e  strcmp                        
0000f626  adac_init                     
0000f626  joy_init                      
0000f63c  mma8451q_write_cmd            
0000f652  __mspabi_divu                 
0000f652  __mspabi_remu                 
0000f668  serialPrintln                 
0000f67e  console_TA1_init              
0000f692  __TI_zero_init_nomemset       
0000f6a6  lcd_enable                    
0000f6ba  memset                        
0000f6ce  __mspabi_mpyi                 
0000f6ce  __mspabi_mpyi_sw              
0000f6e2  TA1CCR0_ISR                   
0000f6f4  __TI_decompress_none          
0000f706  memcpy                        
0000f718  serialWrite                   
0000f72a  str_len                       
0000f73c  usonic_TA0_init               
0000f74e  __mspabi_func_epilog_7        
0000f750  __mspabi_func_epilog_6        
0000f752  __mspabi_func_epilog_5        
0000f754  __mspabi_func_epilog_4        
0000f756  __mspabi_func_epilog_3        
0000f758  __mspabi_func_epilog_2        
0000f75a  __mspabi_func_epilog_1        
0000f75e  strcpy                        
0000f76e  lcd_putChar                   
0000f77c  serialAvailable               
0000f78a  serialEchoBack                
0000f798  strlen                        
0000f7a6  __mspabi_fltid                
0000f7b2  lcd_entry_mode                
0000f7be  abs                           
0000f7c8  lcd_clear                     
0000f7d2  mma_get14Y                    
0000f7dc  mma_get14Z                    
0000f7e6  mma_get8Y                     
0000f7f0  mma_get8Z                     
0000f7fa  __mspabi_negf                 
0000f804  __TI_ISR_TRAP                 
0000f80c  mma_get14X                    
0000f814  mma_get8X                     
0000f81c  mma_getRealX                  
0000f824  mma_getRealY                  
0000f82c  mma_getRealZ                  
0000f834  serialFlush                   
0000f83c  C$$EXIT                       
0000f83c  abort                         
0000f842  i2c_busy                      
0000f848  i2c_nack_received             
0000f84e  _system_pre_init              
0000f852  _system_post_cinit            
0000fb6c  __TI_Handler_Table_Base       
0000fb72  __TI_Handler_Table_Limit      
0000fb76  __TI_CINIT_Base               
0000fb7e  __TI_CINIT_Limit              
0000fb7e  __TI_CINIT_Warm               
0000ffe0  __TI_int00                    
0000ffe4  __TI_int02                    
0000ffe6  __TI_int03                    
0000ffea  __TI_int05                    
0000ffec  __TI_int06                    
0000ffee  __TI_int07                    
0000fff0  __TI_int08                    
0000fff2  __TI_int09                    
0000fff4  __TI_int10                    
0000fff6  __TI_int11                    
0000fff8  __TI_int12                    
0000fffa  __TI_int13                    
0000fffc  __TI_int14                    
0000fffe  _reset_vector                 
ffffffff  __TI_pprof_out_hndl           
ffffffff  __TI_prof_data_size           
ffffffff  __TI_prof_data_start          
ffffffff  __c_args__                    

[397 symbols]
