<?xml version="1.0" encoding="ISO-8859-1" ?>
<link_info>
   <banner>MSP430 Linker PC v21.6.0.LTS</banner>
   <copyright>Copyright (c) 2003-2018 Texas Instruments Incorporated</copyright>
   <link_time>0x62e5860f</link_time>
   <link_errors>0x0</link_errors>
   <output_file>Onur_Altinordu_5250773.out</output_file>
   <entry_point>
      <name>_c_int00_noargs</name>
      <address>0xf524</address>
   </entry_point>
   <input_file_list>
      <input_file id="fl-2">
         <path>.\</path>
         <kind>object</kind>
         <file>main.obj</file>
         <name>main.obj</name>
      </input_file>
      <input_file id="fl-3">
         <path>.\libs\</path>
         <kind>object</kind>
         <file>LCD.obj</file>
         <name>LCD.obj</name>
      </input_file>
      <input_file id="fl-4">
         <path>.\libs\</path>
         <kind>object</kind>
         <file>UART.obj</file>
         <name>UART.obj</name>
      </input_file>
      <input_file id="fl-5">
         <path>.\libs\</path>
         <kind>object</kind>
         <file>USCIAB0.obj</file>
         <name>USCIAB0.obj</name>
      </input_file>
      <input_file id="fl-6">
         <path>.\libs\</path>
         <kind>object</kind>
         <file>actuatorMain.obj</file>
         <name>actuatorMain.obj</name>
      </input_file>
      <input_file id="fl-7">
         <path>.\libs\</path>
         <kind>object</kind>
         <file>adac.obj</file>
         <name>adac.obj</name>
      </input_file>
      <input_file id="fl-8">
         <path>.\libs\</path>
         <kind>object</kind>
         <file>flash.obj</file>
         <name>flash.obj</name>
      </input_file>
      <input_file id="fl-9">
         <path>.\libs\</path>
         <kind>object</kind>
         <file>i2c.obj</file>
         <name>i2c.obj</name>
      </input_file>
      <input_file id="fl-a">
         <path>.\libs\</path>
         <kind>object</kind>
         <file>joy.obj</file>
         <name>joy.obj</name>
      </input_file>
      <input_file id="fl-b">
         <path>.\libs\</path>
         <kind>object</kind>
         <file>mma.obj</file>
         <name>mma.obj</name>
      </input_file>
      <input_file id="fl-c">
         <path>.\libs\</path>
         <kind>object</kind>
         <file>sensorMain.obj</file>
         <name>sensorMain.obj</name>
      </input_file>
      <input_file id="fl-d">
         <path>.\libs\</path>
         <kind>object</kind>
         <file>spi.obj</file>
         <name>spi.obj</name>
      </input_file>
      <input_file id="fl-e">
         <path>.\libs\</path>
         <kind>object</kind>
         <file>usonic.obj</file>
         <name>usonic.obj</name>
      </input_file>
      <input_file id="fl-13">
         <kind>object</kind>
         <file>&lt;internal&gt;</file>
         <name>&lt;internal&gt;</name>
      </input_file>
      <input_file id="fl-29">
         <path>C:\ti\ccs1100\ccs\tools\compiler\ti-cgt-msp430_21.6.0.LTS\lib\</path>
         <kind>archive</kind>
         <file>rts430_eabi.lib</file>
         <name>asr16.asm.obj</name>
      </input_file>
      <input_file id="fl-2a">
         <path>C:\ti\ccs1100\ccs\tools\compiler\ti-cgt-msp430_21.6.0.LTS\lib\</path>
         <kind>archive</kind>
         <file>rts430_eabi.lib</file>
         <name>div16s.asm.obj</name>
      </input_file>
      <input_file id="fl-2b">
         <path>C:\ti\ccs1100\ccs\tools\compiler\ti-cgt-msp430_21.6.0.LTS\lib\</path>
         <kind>archive</kind>
         <file>rts430_eabi.lib</file>
         <name>div16u.asm.obj</name>
      </input_file>
      <input_file id="fl-2c">
         <path>C:\ti\ccs1100\ccs\tools\compiler\ti-cgt-msp430_21.6.0.LTS\lib\</path>
         <kind>archive</kind>
         <file>rts430_eabi.lib</file>
         <name>div32s.asm.obj</name>
      </input_file>
      <input_file id="fl-2d">
         <path>C:\ti\ccs1100\ccs\tools\compiler\ti-cgt-msp430_21.6.0.LTS\lib\</path>
         <kind>archive</kind>
         <file>rts430_eabi.lib</file>
         <name>div32u.asm.obj</name>
      </input_file>
      <input_file id="fl-2e">
         <path>C:\ti\ccs1100\ccs\tools\compiler\ti-cgt-msp430_21.6.0.LTS\lib\</path>
         <kind>archive</kind>
         <file>rts430_eabi.lib</file>
         <name>epilog.asm.obj</name>
      </input_file>
      <input_file id="fl-2f">
         <path>C:\ti\ccs1100\ccs\tools\compiler\ti-cgt-msp430_21.6.0.LTS\lib\</path>
         <kind>archive</kind>
         <file>rts430_eabi.lib</file>
         <name>fs_cmp.asm.obj</name>
      </input_file>
      <input_file id="fl-30">
         <path>C:\ti\ccs1100\ccs\tools\compiler\ti-cgt-msp430_21.6.0.LTS\lib\</path>
         <kind>archive</kind>
         <file>rts430_eabi.lib</file>
         <name>fs_mpy.asm.obj</name>
      </input_file>
      <input_file id="fl-31">
         <path>C:\ti\ccs1100\ccs\tools\compiler\ti-cgt-msp430_21.6.0.LTS\lib\</path>
         <kind>archive</kind>
         <file>rts430_eabi.lib</file>
         <name>fs_neg.asm.obj</name>
      </input_file>
      <input_file id="fl-32">
         <path>C:\ti\ccs1100\ccs\tools\compiler\ti-cgt-msp430_21.6.0.LTS\lib\</path>
         <kind>archive</kind>
         <file>rts430_eabi.lib</file>
         <name>fs_toi.asm.obj</name>
      </input_file>
      <input_file id="fl-33">
         <path>C:\ti\ccs1100\ccs\tools\compiler\ti-cgt-msp430_21.6.0.LTS\lib\</path>
         <kind>archive</kind>
         <file>rts430_eabi.lib</file>
         <name>int00.asm.obj</name>
      </input_file>
      <input_file id="fl-34">
         <path>C:\ti\ccs1100\ccs\tools\compiler\ti-cgt-msp430_21.6.0.LTS\lib\</path>
         <kind>archive</kind>
         <file>rts430_eabi.lib</file>
         <name>int03.asm.obj</name>
      </input_file>
      <input_file id="fl-35">
         <path>C:\ti\ccs1100\ccs\tools\compiler\ti-cgt-msp430_21.6.0.LTS\lib\</path>
         <kind>archive</kind>
         <file>rts430_eabi.lib</file>
         <name>int05.asm.obj</name>
      </input_file>
      <input_file id="fl-36">
         <path>C:\ti\ccs1100\ccs\tools\compiler\ti-cgt-msp430_21.6.0.LTS\lib\</path>
         <kind>archive</kind>
         <file>rts430_eabi.lib</file>
         <name>int08.asm.obj</name>
      </input_file>
      <input_file id="fl-37">
         <path>C:\ti\ccs1100\ccs\tools\compiler\ti-cgt-msp430_21.6.0.LTS\lib\</path>
         <kind>archive</kind>
         <file>rts430_eabi.lib</file>
         <name>int09.asm.obj</name>
      </input_file>
      <input_file id="fl-38">
         <path>C:\ti\ccs1100\ccs\tools\compiler\ti-cgt-msp430_21.6.0.LTS\lib\</path>
         <kind>archive</kind>
         <file>rts430_eabi.lib</file>
         <name>int10.asm.obj</name>
      </input_file>
      <input_file id="fl-39">
         <path>C:\ti\ccs1100\ccs\tools\compiler\ti-cgt-msp430_21.6.0.LTS\lib\</path>
         <kind>archive</kind>
         <file>rts430_eabi.lib</file>
         <name>int11.asm.obj</name>
      </input_file>
      <input_file id="fl-3a">
         <path>C:\ti\ccs1100\ccs\tools\compiler\ti-cgt-msp430_21.6.0.LTS\lib\</path>
         <kind>archive</kind>
         <file>rts430_eabi.lib</file>
         <name>int12.asm.obj</name>
      </input_file>
      <input_file id="fl-3b">
         <path>C:\ti\ccs1100\ccs\tools\compiler\ti-cgt-msp430_21.6.0.LTS\lib\</path>
         <kind>archive</kind>
         <file>rts430_eabi.lib</file>
         <name>int14.asm.obj</name>
      </input_file>
      <input_file id="fl-3c">
         <path>C:\ti\ccs1100\ccs\tools\compiler\ti-cgt-msp430_21.6.0.LTS\lib\</path>
         <kind>archive</kind>
         <file>rts430_eabi.lib</file>
         <name>isr_trap.asm.obj</name>
      </input_file>
      <input_file id="fl-3d">
         <path>C:\ti\ccs1100\ccs\tools\compiler\ti-cgt-msp430_21.6.0.LTS\lib\</path>
         <kind>archive</kind>
         <file>rts430_eabi.lib</file>
         <name>lsl16.asm.obj</name>
      </input_file>
      <input_file id="fl-3e">
         <path>C:\ti\ccs1100\ccs\tools\compiler\ti-cgt-msp430_21.6.0.LTS\lib\</path>
         <kind>archive</kind>
         <file>rts430_eabi.lib</file>
         <name>lsl32.asm.obj</name>
      </input_file>
      <input_file id="fl-3f">
         <path>C:\ti\ccs1100\ccs\tools\compiler\ti-cgt-msp430_21.6.0.LTS\lib\</path>
         <kind>archive</kind>
         <file>rts430_eabi.lib</file>
         <name>mult16.asm.obj</name>
      </input_file>
      <input_file id="fl-40">
         <path>C:\ti\ccs1100\ccs\tools\compiler\ti-cgt-msp430_21.6.0.LTS\lib\</path>
         <kind>archive</kind>
         <file>rts430_eabi.lib</file>
         <name>boot.c.obj</name>
      </input_file>
      <input_file id="fl-41">
         <path>C:\ti\ccs1100\ccs\tools\compiler\ti-cgt-msp430_21.6.0.LTS\lib\</path>
         <kind>archive</kind>
         <file>rts430_eabi.lib</file>
         <name>autoinit.c.obj</name>
      </input_file>
      <input_file id="fl-42">
         <path>C:\ti\ccs1100\ccs\tools\compiler\ti-cgt-msp430_21.6.0.LTS\lib\</path>
         <kind>archive</kind>
         <file>rts430_eabi.lib</file>
         <name>copy_zero_init.c.obj</name>
      </input_file>
      <input_file id="fl-43">
         <path>C:\ti\ccs1100\ccs\tools\compiler\ti-cgt-msp430_21.6.0.LTS\lib\</path>
         <kind>archive</kind>
         <file>rts430_eabi.lib</file>
         <name>cpy_tbl.c.obj</name>
      </input_file>
      <input_file id="fl-44">
         <path>C:\ti\ccs1100\ccs\tools\compiler\ti-cgt-msp430_21.6.0.LTS\lib\</path>
         <kind>archive</kind>
         <file>rts430_eabi.lib</file>
         <name>mpu_init.c.obj</name>
      </input_file>
      <input_file id="fl-45">
         <path>C:\ti\ccs1100\ccs\tools\compiler\ti-cgt-msp430_21.6.0.LTS\lib\</path>
         <kind>archive</kind>
         <file>rts430_eabi.lib</file>
         <name>pre_init.c.obj</name>
      </input_file>
      <input_file id="fl-46">
         <path>C:\ti\ccs1100\ccs\tools\compiler\ti-cgt-msp430_21.6.0.LTS\lib\</path>
         <kind>archive</kind>
         <file>rts430_eabi.lib</file>
         <name>startup.c.obj</name>
      </input_file>
      <input_file id="fl-47">
         <path>C:\ti\ccs1100\ccs\tools\compiler\ti-cgt-msp430_21.6.0.LTS\lib\</path>
         <kind>archive</kind>
         <file>rts430_eabi.lib</file>
         <name>copy_decompress_none.c.obj</name>
      </input_file>
      <input_file id="fl-48">
         <path>C:\ti\ccs1100\ccs\tools\compiler\ti-cgt-msp430_21.6.0.LTS\lib\</path>
         <kind>archive</kind>
         <file>rts430_eabi.lib</file>
         <name>copy_decompress_lzss.c.obj</name>
      </input_file>
      <input_file id="fl-49">
         <path>C:\ti\ccs1100\ccs\tools\compiler\ti-cgt-msp430_21.6.0.LTS\lib\</path>
         <kind>archive</kind>
         <file>rts430_eabi.lib</file>
         <name>addd.c.obj</name>
      </input_file>
      <input_file id="fl-4a">
         <path>C:\ti\ccs1100\ccs\tools\compiler\ti-cgt-msp430_21.6.0.LTS\lib\</path>
         <kind>archive</kind>
         <file>rts430_eabi.lib</file>
         <name>cmpd.c.obj</name>
      </input_file>
      <input_file id="fl-4b">
         <path>C:\ti\ccs1100\ccs\tools\compiler\ti-cgt-msp430_21.6.0.LTS\lib\</path>
         <kind>archive</kind>
         <file>rts430_eabi.lib</file>
         <name>cvtfd.c.obj</name>
      </input_file>
      <input_file id="fl-4c">
         <path>C:\ti\ccs1100\ccs\tools\compiler\ti-cgt-msp430_21.6.0.LTS\lib\</path>
         <kind>archive</kind>
         <file>rts430_eabi.lib</file>
         <name>divd.c.obj</name>
      </input_file>
      <input_file id="fl-4d">
         <path>C:\ti\ccs1100\ccs\tools\compiler\ti-cgt-msp430_21.6.0.LTS\lib\</path>
         <kind>archive</kind>
         <file>rts430_eabi.lib</file>
         <name>fltid.c.obj</name>
      </input_file>
      <input_file id="fl-4e">
         <path>C:\ti\ccs1100\ccs\tools\compiler\ti-cgt-msp430_21.6.0.LTS\lib\</path>
         <kind>archive</kind>
         <file>rts430_eabi.lib</file>
         <name>fltlid.c.obj</name>
      </input_file>
      <input_file id="fl-4f">
         <path>C:\ti\ccs1100\ccs\tools\compiler\ti-cgt-msp430_21.6.0.LTS\lib\</path>
         <kind>archive</kind>
         <file>rts430_eabi.lib</file>
         <name>frcdivd.c.obj</name>
      </input_file>
      <input_file id="fl-50">
         <path>C:\ti\ccs1100\ccs\tools\compiler\ti-cgt-msp430_21.6.0.LTS\lib\</path>
         <kind>archive</kind>
         <file>rts430_eabi.lib</file>
         <name>mpyd.c.obj</name>
      </input_file>
      <input_file id="fl-51">
         <path>C:\ti\ccs1100\ccs\tools\compiler\ti-cgt-msp430_21.6.0.LTS\lib\</path>
         <kind>archive</kind>
         <file>rts430_eabi.lib</file>
         <name>cvtdf.c.obj</name>
      </input_file>
      <input_file id="fl-52">
         <path>C:\ti\ccs1100\ccs\tools\compiler\ti-cgt-msp430_21.6.0.LTS\lib\</path>
         <kind>archive</kind>
         <file>rts430_eabi.lib</file>
         <name>exit.c.obj</name>
      </input_file>
      <input_file id="fl-53">
         <path>C:\ti\ccs1100\ccs\tools\compiler\ti-cgt-msp430_21.6.0.LTS\lib\</path>
         <kind>archive</kind>
         <file>rts430_eabi.lib</file>
         <name>_lock.c.obj</name>
      </input_file>
      <input_file id="fl-54">
         <path>C:\ti\ccs1100\ccs\tools\compiler\ti-cgt-msp430_21.6.0.LTS\lib\</path>
         <kind>archive</kind>
         <file>rts430_eabi.lib</file>
         <name>args_main.c.obj</name>
      </input_file>
      <input_file id="fl-55">
         <path>C:\ti\ccs1100\ccs\tools\compiler\ti-cgt-msp430_21.6.0.LTS\lib\</path>
         <kind>archive</kind>
         <file>rts430_eabi.lib</file>
         <name>memcpy.c.obj</name>
      </input_file>
      <input_file id="fl-56">
         <path>C:\ti\ccs1100\ccs\tools\compiler\ti-cgt-msp430_21.6.0.LTS\lib\</path>
         <kind>archive</kind>
         <file>rts430_eabi.lib</file>
         <name>memset.c.obj</name>
      </input_file>
      <input_file id="fl-57">
         <path>C:\ti\ccs1100\ccs\tools\compiler\ti-cgt-msp430_21.6.0.LTS\lib\</path>
         <kind>archive</kind>
         <file>rts430_eabi.lib</file>
         <name>strcmp.c.obj</name>
      </input_file>
      <input_file id="fl-58">
         <path>C:\ti\ccs1100\ccs\tools\compiler\ti-cgt-msp430_21.6.0.LTS\lib\</path>
         <kind>archive</kind>
         <file>rts430_eabi.lib</file>
         <name>strcpy.c.obj</name>
      </input_file>
      <input_file id="fl-59">
         <path>C:\ti\ccs1100\ccs\tools\compiler\ti-cgt-msp430_21.6.0.LTS\lib\</path>
         <kind>archive</kind>
         <file>rts430_eabi.lib</file>
         <name>strlen.c.obj</name>
      </input_file>
      <input_file id="fl-5a">
         <path>C:\ti\ccs1100\ccs\tools\compiler\ti-cgt-msp430_21.6.0.LTS\lib\</path>
         <kind>archive</kind>
         <file>rts430_eabi.lib</file>
         <name>abs.c.obj</name>
      </input_file>
      <input_file id="fl-5b">
         <path>C:\ti\ccs1100\ccs\tools\compiler\ti-cgt-msp430_21.6.0.LTS\lib\</path>
         <kind>archive</kind>
         <file>rts430_eabi.lib</file>
         <name>asr32.asm.obj</name>
      </input_file>
      <input_file id="fl-5c">
         <path>C:\ti\ccs1100\ccs\tools\compiler\ti-cgt-msp430_21.6.0.LTS\lib\</path>
         <kind>archive</kind>
         <file>rts430_eabi.lib</file>
         <name>lsr16.asm.obj</name>
      </input_file>
      <input_file id="fl-5d">
         <path>C:\ti\ccs1100\ccs\tools\compiler\ti-cgt-msp430_21.6.0.LTS\lib\</path>
         <kind>archive</kind>
         <file>rts430_eabi.lib</file>
         <name>lsr32.asm.obj</name>
      </input_file>
      <input_file id="fl-5e">
         <path>C:\ti\ccs1100\ccs\tools\compiler\ti-cgt-msp430_21.6.0.LTS\lib\</path>
         <kind>archive</kind>
         <file>rts430_eabi.lib</file>
         <name>mult32.asm.obj</name>
      </input_file>
      <input_file id="fl-5f">
         <path>C:\ti\ccs1100\ccs\tools\compiler\ti-cgt-msp430_21.6.0.LTS\lib\</path>
         <kind>archive</kind>
         <file>rts430_eabi.lib</file>
         <name>exit_gvars.c.obj</name>
      </input_file>
      <input_file id="fl-60">
         <path>C:\ti\ccs1100\ccs\tools\compiler\ti-cgt-msp430_21.6.0.LTS\lib\</path>
         <kind>archive</kind>
         <file>rts430_eabi.lib</file>
         <name>asr64.c.obj</name>
      </input_file>
      <input_file id="fl-61">
         <path>C:\ti\ccs1100\ccs\tools\compiler\ti-cgt-msp430_21.6.0.LTS\lib\</path>
         <kind>archive</kind>
         <file>rts430_eabi.lib</file>
         <name>lsl64.c.obj</name>
      </input_file>
      <input_file id="fl-62">
         <path>C:\ti\ccs1100\ccs\tools\compiler\ti-cgt-msp430_21.6.0.LTS\lib\</path>
         <kind>archive</kind>
         <file>rts430_eabi.lib</file>
         <name>lsr64.c.obj</name>
      </input_file>
      <input_file id="fl-63">
         <path>C:\ti\ccs1100\ccs\tools\compiler\ti-cgt-msp430_21.6.0.LTS\lib\</path>
         <kind>archive</kind>
         <file>rts430_eabi.lib</file>
         <name>frcmpyd.c.obj</name>
      </input_file>
      <input_file id="fl-64">
         <path>C:\ti\ccs1100\ccs\tools\compiler\ti-cgt-msp430_21.6.0.LTS\lib\</path>
         <kind>archive</kind>
         <file>rts430_eabi.lib</file>
         <name>mult3264.asm.obj</name>
      </input_file>
      <input_file id="fl-65">
         <path>C:\ti\ccs1100\ccs\tools\compiler\ti-cgt-msp430_21.6.0.LTS\lib\</path>
         <kind>archive</kind>
         <file>rts430_eabi.lib</file>
         <name>mult64.asm.obj</name>
      </input_file>
      <input_file id="fl-66">
         <path>C:\ti\ccs1100\ccs\tools\compiler\ti-cgt-msp430_21.6.0.LTS\lib\</path>
         <kind>archive</kind>
         <file>rts430_eabi.lib</file>
         <name>mult1632.asm.obj</name>
      </input_file>
   </input_file_list>
   <object_component_list>
      <object_component id="oc-4be">
         <name>.bss</name>
         <uninitialized>true</uninitialized>
         <run_address>0x278</run_address>
         <size>0xe</size>
         <input_file_ref idref="fl-9"/>
      </object_component>
      <object_component id="oc-14f">
         <name>.common:distance</name>
         <uninitialized>true</uninitialized>
         <run_address>0x2a2</run_address>
         <size>0x2</size>
      </object_component>
      <object_component id="oc-1e5">
         <name>.common:joy_ax</name>
         <uninitialized>true</uninitialized>
         <run_address>0x28a</run_address>
         <size>0x4</size>
      </object_component>
      <object_component id="oc-1f1">
         <name>.common:mma_ax</name>
         <uninitialized>true</uninitialized>
         <run_address>0x260</run_address>
         <size>0x18</size>
      </object_component>
      <object_component id="oc-1ca">
         <name>.common:strmem_a</name>
         <uninitialized>true</uninitialized>
         <run_address>0x220</run_address>
         <size>0x20</size>
      </object_component>
      <object_component id="oc-227">
         <name>.common:strmem_b</name>
         <uninitialized>true</uninitialized>
         <run_address>0x240</run_address>
         <size>0x20</size>
      </object_component>
      <object_component id="oc-1d2">
         <name>.common:str</name>
         <uninitialized>true</uninitialized>
         <run_address>0x200</run_address>
         <size>0x20</size>
      </object_component>
      <object_component id="oc-213">
         <name>.common:i</name>
         <uninitialized>true</uninitialized>
         <run_address>0x2a4</run_address>
         <size>0x2</size>
      </object_component>
      <object_component id="oc-1fe">
         <name>.common:pot</name>
         <uninitialized>true</uninitialized>
         <run_address>0x2ac</run_address>
         <size>0x2</size>
      </object_component>
      <object_component id="oc-1ff">
         <name>.common:ldr</name>
         <uninitialized>true</uninitialized>
         <run_address>0x2a6</run_address>
         <size>0x2</size>
      </object_component>
      <object_component id="oc-200">
         <name>.common:ntc</name>
         <uninitialized>true</uninitialized>
         <run_address>0x2a8</run_address>
         <size>0x2</size>
      </object_component>
      <object_component id="oc-201">
         <name>.common:pb</name>
         <uninitialized>true</uninitialized>
         <run_address>0x2aa</run_address>
         <size>0x2</size>
      </object_component>
      <object_component id="oc-159">
         <name>.common:USCIAB0_SPI_RX</name>
         <uninitialized>true</uninitialized>
         <run_address>0x29c</run_address>
         <size>0x2</size>
      </object_component>
      <object_component id="oc-158">
         <name>.common:USCIAB0_I2C_RX</name>
         <uninitialized>true</uninitialized>
         <run_address>0x298</run_address>
         <size>0x2</size>
      </object_component>
      <object_component id="oc-15a">
         <name>.common:USCIAB0_UART_RX</name>
         <uninitialized>true</uninitialized>
         <run_address>0x2a0</run_address>
         <size>0x2</size>
      </object_component>
      <object_component id="oc-156">
         <name>.common:USCIAB0_SPI_TX</name>
         <uninitialized>true</uninitialized>
         <run_address>0x29e</run_address>
         <size>0x2</size>
      </object_component>
      <object_component id="oc-153">
         <name>.common:USCIAB0_I2C_TX</name>
         <uninitialized>true</uninitialized>
         <run_address>0x29a</run_address>
         <size>0x2</size>
      </object_component>
      <object_component id="oc-4d9">
         <name>.common:JOY_READ_AX</name>
         <uninitialized>true</uninitialized>
         <run_address>0x28e</run_address>
         <size>0x2</size>
      </object_component>
      <object_component id="oc-3f0">
         <name>.common:JOY_RD_ALL</name>
         <uninitialized>true</uninitialized>
         <run_address>0x286</run_address>
         <size>0x4</size>
      </object_component>
      <object_component id="oc-4e6">
         <name>.common:SEND_CMD</name>
         <uninitialized>true</uninitialized>
         <run_address>0x294</run_address>
         <size>0x2</size>
      </object_component>
      <object_component id="oc-4e8">
         <name>.common:SEND_REG</name>
         <uninitialized>true</uninitialized>
         <run_address>0x296</run_address>
         <size>0x2</size>
      </object_component>
      <object_component id="oc-415">
         <name>.common:READ_BYTE</name>
         <uninitialized>true</uninitialized>
         <run_address>0x290</run_address>
         <size>0x2</size>
      </object_component>
      <object_component id="oc-582">
         <name>.common:READ_TWO_BYTES</name>
         <uninitialized>true</uninitialized>
         <run_address>0x292</run_address>
         <size>0x2</size>
      </object_component>
      <object_component id="oc-15c">
         <name>.data</name>
         <load_address>0x2d2</load_address>
         <run_address>0x2d2</run_address>
         <size>0xc</size>
         <input_file_ref idref="fl-2"/>
      </object_component>
      <object_component id="oc-218">
         <name>.data:led_array</name>
         <load_address>0x2ea</load_address>
         <run_address>0x2ea</run_address>
         <size>0x5</size>
         <input_file_ref idref="fl-2"/>
      </object_component>
      <object_component id="oc-470">
         <name>.data</name>
         <load_address>0x2d1</load_address>
         <run_address>0x2d1</run_address>
         <size>0x1</size>
         <input_file_ref idref="fl-3"/>
      </object_component>
      <object_component id="oc-344">
         <name>.data:ringBuffer</name>
         <load_address>0x2ae</load_address>
         <run_address>0x2ae</run_address>
         <size>0x23</size>
         <input_file_ref idref="fl-4"/>
      </object_component>
      <object_component id="oc-28d">
         <name>.data</name>
         <load_address>0x2e9</load_address>
         <run_address>0x2e9</run_address>
         <size>0x1</size>
         <input_file_ref idref="fl-4"/>
      </object_component>
      <object_component id="oc-3e0">
         <name>.data:config</name>
         <load_address>0x2f0</load_address>
         <run_address>0x2f0</run_address>
         <size>0x1</size>
         <input_file_ref idref="fl-7"/>
      </object_component>
      <object_component id="oc-406">
         <name>.data</name>
         <load_address>0x2de</load_address>
         <run_address>0x2de</run_address>
         <size>0xb</size>
         <input_file_ref idref="fl-b"/>
      </object_component>
      <object_component id="oc-b1">
         <name>.stack</name>
         <uninitialized>true</uninitialized>
         <run_address>0x3b0</run_address>
         <size>0x2</size>
         <input_file_ref idref="fl-40"/>
      </object_component>
      <object_component id="oc-5fb">
         <name>.stack</name>
         <uninitialized>true</uninitialized>
         <run_address>0x3b0</run_address>
         <size>0x0</size>
      </object_component>
      <object_component id="oc-331">
         <name>.text:__mspabi_addd</name>
         <load_address>0xc000</load_address>
         <run_address>0xc000</run_address>
         <size>0x736</size>
         <input_file_ref idref="fl-49"/>
      </object_component>
      <object_component id="oc-16e">
         <name>.text:main</name>
         <load_address>0xc736</load_address>
         <run_address>0xc736</run_address>
         <size>0x532</size>
         <input_file_ref idref="fl-2"/>
      </object_component>
      <object_component id="oc-56a">
         <name>.text:__TI_frcdivd</name>
         <load_address>0xcc68</load_address>
         <run_address>0xcc68</run_address>
         <size>0x478</size>
         <input_file_ref idref="fl-4f"/>
      </object_component>
      <object_component id="oc-350">
         <name>.text:light_lvl</name>
         <load_address>0xd0e0</load_address>
         <run_address>0xd0e0</run_address>
         <size>0x37c</size>
         <input_file_ref idref="fl-6"/>
      </object_component>
      <object_component id="oc-522">
         <name>.text:__mspabi_mpyd</name>
         <load_address>0xd45c</load_address>
         <run_address>0xd45c</run_address>
         <size>0x2c0</size>
         <input_file_ref idref="fl-50"/>
      </object_component>
      <object_component id="oc-51c">
         <name>.text:__mspabi_divd</name>
         <load_address>0xd71c</load_address>
         <run_address>0xd71c</run_address>
         <size>0x238</size>
         <input_file_ref idref="fl-4c"/>
      </object_component>
      <object_component id="oc-221">
         <name>.text:led_control</name>
         <load_address>0xd954</load_address>
         <run_address>0xd954</run_address>
         <size>0x17c</size>
         <input_file_ref idref="fl-6"/>
      </object_component>
      <object_component id="oc-572">
         <name>.text:__TI_frcmpyd</name>
         <load_address>0xdad0</load_address>
         <run_address>0xdad0</run_address>
         <size>0x172</size>
         <input_file_ref idref="fl-63"/>
      </object_component>
      <object_component id="oc-423">
         <name>.text:mma_getReal</name>
         <load_address>0xdc42</load_address>
         <run_address>0xdc42</run_address>
         <size>0x162</size>
         <input_file_ref idref="fl-b"/>
      </object_component>
      <object_component id="oc-1f8">
         <name>.text:serialPrintFloat</name>
         <load_address>0xdda4</load_address>
         <run_address>0xdda4</run_address>
         <size>0x118</size>
         <input_file_ref idref="fl-4"/>
      </object_component>
      <object_component id="oc-595">
         <name>.text:__mpyll</name>
         <load_address>0xdebc</load_address>
         <run_address>0xdebc</run_address>
         <size>0x114</size>
         <input_file_ref idref="fl-65"/>
      </object_component>
      <object_component id="oc-1d9">
         <name>.text:sensorRead</name>
         <load_address>0xdfd0</load_address>
         <run_address>0xdfd0</run_address>
         <size>0xde</size>
         <input_file_ref idref="fl-2"/>
      </object_component>
      <object_component id="oc-2e6">
         <name>.text:__mspabi_cmpd</name>
         <load_address>0xe0ae</load_address>
         <run_address>0xe0ae</run_address>
         <size>0xdc</size>
         <input_file_ref idref="fl-4a"/>
      </object_component>
      <object_component id="oc-33c">
         <name>.text</name>
         <load_address>0xe18a</load_address>
         <run_address>0xe18a</run_address>
         <size>0xc4</size>
         <input_file_ref idref="fl-30"/>
      </object_component>
      <object_component id="oc-1e6">
         <name>.text:serialPrintInt</name>
         <load_address>0xe24e</load_address>
         <run_address>0xe24e</run_address>
         <size>0xc0</size>
         <input_file_ref idref="fl-4"/>
      </object_component>
      <object_component id="oc-551">
         <name>.text:mma_get14</name>
         <load_address>0xe30e</load_address>
         <run_address>0xe30e</run_address>
         <size>0xbe</size>
         <input_file_ref idref="fl-b"/>
      </object_component>
      <object_component id="oc-561">
         <name>.text:mma_get8</name>
         <load_address>0xe3cc</load_address>
         <run_address>0xe3cc</run_address>
         <size>0xbc</size>
         <input_file_ref idref="fl-b"/>
      </object_component>
      <object_component id="oc-22e">
         <name>.text:lcd_init</name>
         <load_address>0xe488</load_address>
         <run_address>0xe488</run_address>
         <size>0xba</size>
         <input_file_ref idref="fl-3"/>
      </object_component>
      <object_component id="oc-1f2">
         <name>.text:__mspabi_cvtdf</name>
         <load_address>0xe542</load_address>
         <run_address>0xe542</run_address>
         <size>0xb4</size>
         <input_file_ref idref="fl-51"/>
      </object_component>
      <object_component id="oc-558">
         <name>.text:__mspabi_fltlid</name>
         <load_address>0xe5f6</load_address>
         <run_address>0xe5f6</run_address>
         <size>0xac</size>
         <input_file_ref idref="fl-4e"/>
      </object_component>
      <object_component id="oc-2f2">
         <name>.text:pbRead</name>
         <load_address>0xe6a2</load_address>
         <run_address>0xe6a2</run_address>
         <size>0x8a</size>
         <input_file_ref idref="fl-c"/>
      </object_component>
      <object_component id="oc-1c4">
         <name>.text:read_str</name>
         <load_address>0xe72c</load_address>
         <run_address>0xe72c</run_address>
         <size>0x86</size>
         <input_file_ref idref="fl-2"/>
      </object_component>
      <object_component id="oc-297">
         <name>.text:USCIAB0_InterruptEnable</name>
         <load_address>0xe7b2</load_address>
         <run_address>0xe7b2</run_address>
         <size>0x84</size>
         <input_file_ref idref="fl-5"/>
      </object_component>
      <object_component id="oc-4b8">
         <name>.text:I2C_TX</name>
         <load_address>0xe836</load_address>
         <run_address>0xe836</run_address>
         <size>0x80</size>
         <input_file_ref idref="fl-9"/>
      </object_component>
      <object_component id="oc-34">
         <name>.text:decompress:lzss:__TI_decompress_lzss</name>
         <load_address>0xe8b6</load_address>
         <run_address>0xe8b6</run_address>
         <size>0x7c</size>
         <input_file_ref idref="fl-48"/>
      </object_component>
      <object_component id="oc-2bc">
         <name>.text:joy_read_all</name>
         <load_address>0xe932</load_address>
         <run_address>0xe932</run_address>
         <size>0x7c</size>
         <input_file_ref idref="fl-a"/>
      </object_component>
      <object_component id="oc-3da">
         <name>.text:i2c_init</name>
         <load_address>0xe9ae</load_address>
         <run_address>0xe9ae</run_address>
         <size>0x78</size>
         <input_file_ref idref="fl-9"/>
      </object_component>
      <object_component id="oc-41c">
         <name>.text:mma_setRange</name>
         <load_address>0xea26</load_address>
         <run_address>0xea26</run_address>
         <size>0x76</size>
         <input_file_ref idref="fl-b"/>
      </object_component>
      <object_component id="oc-32b">
         <name>.text:__mspabi_cvtfd</name>
         <load_address>0xea9c</load_address>
         <run_address>0xea9c</run_address>
         <size>0x70</size>
         <input_file_ref idref="fl-4b"/>
      </object_component>
      <object_component id="oc-469">
         <name>.text:lcd_SendNibble</name>
         <load_address>0xeb0c</load_address>
         <run_address>0xeb0c</run_address>
         <size>0x70</size>
         <input_file_ref idref="fl-3"/>
      </object_component>
      <object_component id="oc-337">
         <name>.text</name>
         <load_address>0xeb7c</load_address>
         <run_address>0xeb7c</run_address>
         <size>0x68</size>
         <input_file_ref idref="fl-32"/>
      </object_component>
      <object_component id="oc-2ce">
         <name>.text:mma_init</name>
         <load_address>0xebe4</load_address>
         <run_address>0xebe4</run_address>
         <size>0x64</size>
         <input_file_ref idref="fl-b"/>
      </object_component>
      <object_component id="oc-584">
         <name>.text:l_lsr_const</name>
         <load_address>0xec48</load_address>
         <run_address>0xec48</run_address>
         <size>0x5c</size>
         <input_file_ref idref="fl-5d"/>
      </object_component>
      <object_component id="oc-416">
         <name>.text:mma_setResolution</name>
         <load_address>0xeca4</load_address>
         <run_address>0xeca4</run_address>
         <size>0x52</size>
         <input_file_ref idref="fl-b"/>
      </object_component>
      <object_component id="oc-ba">
         <name>.text</name>
         <load_address>0xecf6</load_address>
         <run_address>0xecf6</run_address>
         <size>0x4c</size>
         <input_file_ref idref="fl-5c"/>
      </object_component>
      <object_component id="oc-44c">
         <name>.text:__mspabi_srall</name>
         <load_address>0xed42</load_address>
         <run_address>0xed42</run_address>
         <size>0x4a</size>
         <input_file_ref idref="fl-60"/>
      </object_component>
      <object_component id="oc-321">
         <name>.text</name>
         <load_address>0xed8c</load_address>
         <run_address>0xed8c</run_address>
         <size>0x4a</size>
         <input_file_ref idref="fl-2f"/>
      </object_component>
      <object_component id="oc-234">
         <name>.text:lcd_putText</name>
         <load_address>0xedd6</load_address>
         <run_address>0xedd6</run_address>
         <size>0x48</size>
         <input_file_ref idref="fl-3"/>
      </object_component>
      <object_component id="oc-2ec">
         <name>.text:sensorMain_init</name>
         <load_address>0xee1e</load_address>
         <run_address>0xee1e</run_address>
         <size>0x48</size>
         <input_file_ref idref="fl-c"/>
      </object_component>
      <object_component id="oc-59f">
         <name>.text:__mspabi_srlll</name>
         <load_address>0xee66</load_address>
         <run_address>0xee66</run_address>
         <size>0x46</size>
         <input_file_ref idref="fl-62"/>
      </object_component>
      <object_component id="oc-360">
         <name>.text:lcd_func_set</name>
         <load_address>0xeeac</load_address>
         <run_address>0xeeac</run_address>
         <size>0x46</size>
         <input_file_ref idref="fl-3"/>
      </object_component>
      <object_component id="oc-452">
         <name>.text:__mspabi_sllll</name>
         <load_address>0xeef2</load_address>
         <run_address>0xeef2</run_address>
         <size>0x44</size>
         <input_file_ref idref="fl-61"/>
      </object_component>
      <object_component id="oc-24d">
         <name>.text:__TI_auto_init_nobinit_nopinit:__TI_auto_init_nobinit_nopinit</name>
         <load_address>0xef36</load_address>
         <run_address>0xef36</run_address>
         <size>0x42</size>
         <input_file_ref idref="fl-41"/>
      </object_component>
      <object_component id="oc-4e9">
         <name>.text:i2c_read</name>
         <load_address>0xef78</load_address>
         <run_address>0xef78</run_address>
         <size>0x3e</size>
         <input_file_ref idref="fl-9"/>
      </object_component>
      <object_component id="oc-440">
         <name>.text:l_asr_const</name>
         <load_address>0xefb6</load_address>
         <run_address>0xefb6</run_address>
         <size>0x3e</size>
         <input_file_ref idref="fl-5b"/>
      </object_component>
      <object_component id="oc-31a">
         <name>.text:l_lsl_const</name>
         <load_address>0xeff4</load_address>
         <run_address>0xeff4</run_address>
         <size>0x3e</size>
         <input_file_ref idref="fl-3e"/>
      </object_component>
      <object_component id="oc-4d3">
         <name>.text:adac_write</name>
         <load_address>0xf032</load_address>
         <run_address>0xf032</run_address>
         <size>0x3c</size>
         <input_file_ref idref="fl-7"/>
      </object_component>
      <object_component id="oc-2c8">
         <name>.text:usonic_read</name>
         <load_address>0xf06e</load_address>
         <run_address>0xf06e</run_address>
         <size>0x3c</size>
         <input_file_ref idref="fl-e"/>
      </object_component>
      <object_component id="oc-291">
         <name>.text:UART_RX</name>
         <load_address>0xf0aa</load_address>
         <run_address>0xf0aa</run_address>
         <size>0x3a</size>
         <input_file_ref idref="fl-4"/>
      </object_component>
      <object_component id="oc-ed">
         <name>.text:USCIAB0RX_ISR</name>
         <load_address>0xf0e4</load_address>
         <run_address>0xf0e4</run_address>
         <size>0x3a</size>
         <input_file_ref idref="fl-5"/>
      </object_component>
      <object_component id="oc-1b8">
         <name>.text:UART_init</name>
         <load_address>0xf11e</load_address>
         <run_address>0xf11e</run_address>
         <size>0x36</size>
         <input_file_ref idref="fl-4"/>
      </object_component>
      <object_component id="oc-21b">
         <name>.text:actuatorMain_init</name>
         <load_address>0xf154</load_address>
         <run_address>0xf154</run_address>
         <size>0x36</size>
         <input_file_ref idref="fl-6"/>
      </object_component>
      <object_component id="oc-1a6">
         <name>.text:initMSP</name>
         <load_address>0xf18a</load_address>
         <run_address>0xf18a</run_address>
         <size>0x36</size>
         <input_file_ref idref="fl-2"/>
      </object_component>
      <object_component id="oc-2fe">
         <name>.text:ldrRead</name>
         <load_address>0xf1c0</load_address>
         <run_address>0xf1c0</run_address>
         <size>0x32</size>
         <input_file_ref idref="fl-c"/>
      </object_component>
      <object_component id="oc-304">
         <name>.text:ntcRead</name>
         <load_address>0xf1f2</load_address>
         <run_address>0xf1f2</run_address>
         <size>0x32</size>
         <input_file_ref idref="fl-c"/>
      </object_component>
      <object_component id="oc-2f8">
         <name>.text:potRead</name>
         <load_address>0xf224</load_address>
         <run_address>0xf224</run_address>
         <size>0x32</size>
         <input_file_ref idref="fl-c"/>
      </object_component>
      <object_component id="oc-e1">
         <name>.text:Port_1</name>
         <load_address>0xf256</load_address>
         <run_address>0xf256</run_address>
         <size>0x2e</size>
         <input_file_ref idref="fl-2"/>
      </object_component>
      <object_component id="oc-e7">
         <name>.text:USCIAB0TX_ISR</name>
         <load_address>0xf284</load_address>
         <run_address>0xf284</run_address>
         <size>0x2e</size>
         <input_file_ref idref="fl-5"/>
      </object_component>
      <object_component id="oc-3e3">
         <name>.text:i2c_write</name>
         <load_address>0xf2b2</load_address>
         <run_address>0xf2b2</run_address>
         <size>0x2e</size>
         <input_file_ref idref="fl-9"/>
      </object_component>
      <object_component id="oc-57c">
         <name>.text:mma8451q_read_two_bytes</name>
         <load_address>0xf2e0</load_address>
         <run_address>0xf2e0</run_address>
         <size>0x2c</size>
         <input_file_ref idref="fl-b"/>
      </object_component>
      <object_component id="oc-202">
         <name>.text</name>
         <load_address>0xf30c</load_address>
         <run_address>0xf30c</run_address>
         <size>0x2c</size>
         <input_file_ref idref="fl-29"/>
      </object_component>
      <object_component id="oc-313">
         <name>.text</name>
         <load_address>0xf338</load_address>
         <run_address>0xf338</run_address>
         <size>0x2c</size>
         <input_file_ref idref="fl-2a"/>
      </object_component>
      <object_component id="oc-b5">
         <name>.text</name>
         <load_address>0xf364</load_address>
         <run_address>0xf364</run_address>
         <size>0x2c</size>
         <input_file_ref idref="fl-3d"/>
      </object_component>
      <object_component id="oc-3cb">
         <name>.text:USCIAB0_InterruptDisable</name>
         <load_address>0xf390</load_address>
         <run_address>0xf390</run_address>
         <size>0x2a</size>
         <input_file_ref idref="fl-5"/>
      </object_component>
      <object_component id="oc-38d">
         <name>.text:lcd_SendByte</name>
         <load_address>0xf3ba</load_address>
         <run_address>0xf3ba</run_address>
         <size>0x2a</size>
         <input_file_ref idref="fl-3"/>
      </object_component>
      <object_component id="oc-1df">
         <name>.text:serialPrint</name>
         <load_address>0xf3e4</load_address>
         <run_address>0xf3e4</run_address>
         <size>0x2a</size>
         <input_file_ref idref="fl-4"/>
      </object_component>
      <object_component id="oc-40f">
         <name>.text:mma8451q_read_byte</name>
         <load_address>0xf40e</load_address>
         <run_address>0xf40e</run_address>
         <size>0x28</size>
         <input_file_ref idref="fl-b"/>
      </object_component>
      <object_component id="oc-29f">
         <name>.text:serialRead</name>
         <load_address>0xf436</load_address>
         <run_address>0xf436</run_address>
         <size>0x28</size>
         <input_file_ref idref="fl-4"/>
      </object_component>
      <object_component id="oc-58c">
         <name>.text</name>
         <load_address>0xf45e</load_address>
         <run_address>0xf45e</run_address>
         <size>0x26</size>
         <input_file_ref idref="fl-5e"/>
      </object_component>
      <object_component id="oc-5af">
         <name>.text:__mpyul</name>
         <load_address>0xf484</load_address>
         <run_address>0xf484</run_address>
         <size>0x22</size>
         <input_file_ref idref="fl-66"/>
      </object_component>
      <object_component id="oc-2c2">
         <name>.text:usonic_init</name>
         <load_address>0xf4a6</load_address>
         <run_address>0xf4a6</run_address>
         <size>0x22</size>
         <input_file_ref idref="fl-e"/>
      </object_component>
      <object_component id="oc-35a">
         <name>.text:lcd_pindir</name>
         <load_address>0xf4c8</load_address>
         <run_address>0xf4c8</run_address>
         <size>0x20</size>
         <input_file_ref idref="fl-3"/>
      </object_component>
      <object_component id="oc-4b2">
         <name>.text:I2C_RX</name>
         <load_address>0xf4e8</load_address>
         <run_address>0xf4e8</run_address>
         <size>0x1e</size>
         <input_file_ref idref="fl-9"/>
      </object_component>
      <object_component id="oc-59a">
         <name>.text:__mpyull</name>
         <load_address>0xf506</load_address>
         <run_address>0xf506</run_address>
         <size>0x1e</size>
         <input_file_ref idref="fl-64"/>
      </object_component>
      <object_component id="oc-10b">
         <name>.text:_c_int00_noargs</name>
         <load_address>0xf524</load_address>
         <run_address>0xf524</run_address>
         <size>0x1c</size>
         <input_file_ref idref="fl-40"/>
      </object_component>
      <object_component id="oc-4da">
         <name>.text:adac_read</name>
         <load_address>0xf540</load_address>
         <run_address>0xf540</run_address>
         <size>0x1a</size>
         <input_file_ref idref="fl-7"/>
      </object_component>
      <object_component id="oc-1be">
         <name>.text:command</name>
         <load_address>0xf55a</load_address>
         <run_address>0xf55a</run_address>
         <size>0x1a</size>
         <input_file_ref idref="fl-2"/>
      </object_component>
      <object_component id="oc-3f1">
         <name>.text:joy_read_B</name>
         <load_address>0xf574</load_address>
         <run_address>0xf574</run_address>
         <size>0x1a</size>
         <input_file_ref idref="fl-a"/>
      </object_component>
      <object_component id="oc-3f7">
         <name>.text:joy_read_X</name>
         <load_address>0xf58e</load_address>
         <run_address>0xf58e</run_address>
         <size>0x1a</size>
         <input_file_ref idref="fl-a"/>
      </object_component>
      <object_component id="oc-3ea">
         <name>.text:joy_read_Y</name>
         <load_address>0xf5a8</load_address>
         <run_address>0xf5a8</run_address>
         <size>0x1a</size>
         <input_file_ref idref="fl-a"/>
      </object_component>
      <object_component id="oc-372">
         <name>.text:lcd_cursorBlink</name>
         <load_address>0xf5c2</load_address>
         <run_address>0xf5c2</run_address>
         <size>0x1a</size>
         <input_file_ref idref="fl-3"/>
      </object_component>
      <object_component id="oc-473">
         <name>.text:lcd_display_ctl</name>
         <load_address>0xf5dc</load_address>
         <run_address>0xf5dc</run_address>
         <size>0x1a</size>
         <input_file_ref idref="fl-3"/>
      </object_component>
      <object_component id="oc-36c">
         <name>.text:lcd_cursorShow</name>
         <load_address>0xf5f6</load_address>
         <run_address>0xf5f6</run_address>
         <size>0x18</size>
         <input_file_ref idref="fl-3"/>
      </object_component>
      <object_component id="oc-1cc">
         <name>.text:strcmp</name>
         <load_address>0xf60e</load_address>
         <run_address>0xf60e</run_address>
         <size>0x18</size>
         <input_file_ref idref="fl-57"/>
      </object_component>
      <object_component id="oc-2b6">
         <name>.text:adac_init</name>
         <load_address>0xf626</load_address>
         <run_address>0xf626</run_address>
         <size>0x16</size>
         <input_file_ref idref="fl-7"/>
      </object_component>
      <object_component id="oc-409">
         <name>.text:mma8451q_write_cmd</name>
         <load_address>0xf63c</load_address>
         <run_address>0xf63c</run_address>
         <size>0x16</size>
         <input_file_ref idref="fl-b"/>
      </object_component>
      <object_component id="oc-1ec">
         <name>.text</name>
         <load_address>0xf652</load_address>
         <run_address>0xf652</run_address>
         <size>0x16</size>
         <input_file_ref idref="fl-2b"/>
      </object_component>
      <object_component id="oc-207">
         <name>.text:serialPrintln</name>
         <load_address>0xf668</load_address>
         <run_address>0xf668</run_address>
         <size>0x16</size>
         <input_file_ref idref="fl-4"/>
      </object_component>
      <object_component id="oc-1ac">
         <name>.text:console_TA1_init</name>
         <load_address>0xf67e</load_address>
         <run_address>0xf67e</run_address>
         <size>0x14</size>
         <input_file_ref idref="fl-2"/>
      </object_component>
      <object_component id="oc-f9">
         <name>.text:decompress:ZI:__TI_zero_init_nomemset:__TI_zero_init_nomemset</name>
         <load_address>0xf692</load_address>
         <run_address>0xf692</run_address>
         <size>0x14</size>
         <input_file_ref idref="fl-42"/>
      </object_component>
      <object_component id="oc-366">
         <name>.text:lcd_enable</name>
         <load_address>0xf6a6</load_address>
         <run_address>0xf6a6</run_address>
         <size>0x14</size>
         <input_file_ref idref="fl-3"/>
      </object_component>
      <object_component id="oc-1d3">
         <name>.text:memset</name>
         <load_address>0xf6ba</load_address>
         <run_address>0xf6ba</run_address>
         <size>0x14</size>
         <input_file_ref idref="fl-56"/>
      </object_component>
      <object_component id="oc-4a3">
         <name>.text</name>
         <load_address>0xf6ce</load_address>
         <run_address>0xf6ce</run_address>
         <size>0x14</size>
         <input_file_ref idref="fl-3f"/>
      </object_component>
      <object_component id="oc-f3">
         <name>.text:TA1CCR0_ISR</name>
         <load_address>0xf6e2</load_address>
         <run_address>0xf6e2</run_address>
         <size>0x12</size>
         <input_file_ref idref="fl-2"/>
      </object_component>
      <object_component id="oc-3a">
         <name>.text:decompress:none:__TI_decompress_none</name>
         <load_address>0xf6f4</load_address>
         <run_address>0xf6f4</run_address>
         <size>0x12</size>
         <input_file_ref idref="fl-47"/>
      </object_component>
      <object_component id="oc-cf">
         <name>.text:memcpy</name>
         <load_address>0xf706</load_address>
         <run_address>0xf706</run_address>
         <size>0x12</size>
         <input_file_ref idref="fl-55"/>
      </object_component>
      <object_component id="oc-285">
         <name>.text:serialWrite</name>
         <load_address>0xf718</load_address>
         <run_address>0xf718</run_address>
         <size>0x12</size>
         <input_file_ref idref="fl-4"/>
      </object_component>
      <object_component id="oc-385">
         <name>.text:str_len</name>
         <load_address>0xf72a</load_address>
         <run_address>0xf72a</run_address>
         <size>0x12</size>
         <input_file_ref idref="fl-3"/>
      </object_component>
      <object_component id="oc-3fe">
         <name>.text:usonic_TA0_init</name>
         <load_address>0xf73c</load_address>
         <run_address>0xf73c</run_address>
         <size>0x12</size>
         <input_file_ref idref="fl-e"/>
      </object_component>
      <object_component id="oc-bf">
         <name>.text</name>
         <load_address>0xf74e</load_address>
         <run_address>0xf74e</run_address>
         <size>0x10</size>
         <input_file_ref idref="fl-2e"/>
      </object_component>
      <object_component id="oc-2a5">
         <name>.text:strcpy</name>
         <load_address>0xf75e</load_address>
         <run_address>0xf75e</run_address>
         <size>0x10</size>
         <input_file_ref idref="fl-58"/>
      </object_component>
      <object_component id="oc-37f">
         <name>.text:lcd_putChar</name>
         <load_address>0xf76e</load_address>
         <run_address>0xf76e</run_address>
         <size>0xe</size>
         <input_file_ref idref="fl-3"/>
      </object_component>
      <object_component id="oc-2ab">
         <name>.text:serialAvailable</name>
         <load_address>0xf77c</load_address>
         <run_address>0xf77c</run_address>
         <size>0xe</size>
         <input_file_ref idref="fl-4"/>
      </object_component>
      <object_component id="oc-1b2">
         <name>.text:serialEchoBack</name>
         <load_address>0xf78a</load_address>
         <run_address>0xf78a</run_address>
         <size>0xe</size>
         <input_file_ref idref="fl-4"/>
      </object_component>
      <object_component id="oc-228">
         <name>.text:strlen</name>
         <load_address>0xf798</load_address>
         <run_address>0xf798</run_address>
         <size>0xe</size>
         <input_file_ref idref="fl-59"/>
      </object_component>
      <object_component id="oc-4f8">
         <name>.text:__mspabi_fltid</name>
         <load_address>0xf7a6</load_address>
         <run_address>0xf7a6</run_address>
         <size>0xc</size>
         <input_file_ref idref="fl-4d"/>
      </object_component>
      <object_component id="oc-378">
         <name>.text:lcd_entry_mode</name>
         <load_address>0xf7b2</load_address>
         <run_address>0xf7b2</run_address>
         <size>0xc</size>
         <input_file_ref idref="fl-3"/>
      </object_component>
      <object_component id="oc-30d">
         <name>.text:abs</name>
         <load_address>0xf7be</load_address>
         <run_address>0xf7be</run_address>
         <size>0xa</size>
         <input_file_ref idref="fl-5a"/>
      </object_component>
      <object_component id="oc-23a">
         <name>.text:lcd_clear</name>
         <load_address>0xf7c8</load_address>
         <run_address>0xf7c8</run_address>
         <size>0xa</size>
         <input_file_ref idref="fl-3"/>
      </object_component>
      <object_component id="oc-4fe">
         <name>.text:mma_get14Y</name>
         <load_address>0xf7d2</load_address>
         <run_address>0xf7d2</run_address>
         <size>0xa</size>
         <input_file_ref idref="fl-b"/>
      </object_component>
      <object_component id="oc-4f2">
         <name>.text:mma_get14Z</name>
         <load_address>0xf7dc</load_address>
         <run_address>0xf7dc</run_address>
         <size>0xa</size>
         <input_file_ref idref="fl-b"/>
      </object_component>
      <object_component id="oc-510">
         <name>.text:mma_get8Y</name>
         <load_address>0xf7e6</load_address>
         <run_address>0xf7e6</run_address>
         <size>0xa</size>
         <input_file_ref idref="fl-b"/>
      </object_component>
      <object_component id="oc-50a">
         <name>.text:mma_get8Z</name>
         <load_address>0xf7f0</load_address>
         <run_address>0xf7f0</run_address>
         <size>0xa</size>
         <input_file_ref idref="fl-b"/>
      </object_component>
      <object_component id="oc-326">
         <name>.text</name>
         <load_address>0xf7fa</load_address>
         <run_address>0xf7fa</run_address>
         <size>0xa</size>
         <input_file_ref idref="fl-31"/>
      </object_component>
      <object_component id="oc-dc">
         <name>.text:_isr:__TI_ISR_TRAP</name>
         <load_address>0xf804</load_address>
         <run_address>0xf804</run_address>
         <size>0x8</size>
         <input_file_ref idref="fl-3c"/>
      </object_component>
      <object_component id="oc-504">
         <name>.text:mma_get14X</name>
         <load_address>0xf80c</load_address>
         <run_address>0xf80c</run_address>
         <size>0x8</size>
         <input_file_ref idref="fl-b"/>
      </object_component>
      <object_component id="oc-516">
         <name>.text:mma_get8X</name>
         <load_address>0xf814</load_address>
         <run_address>0xf814</run_address>
         <size>0x8</size>
         <input_file_ref idref="fl-b"/>
      </object_component>
      <object_component id="oc-2d4">
         <name>.text:mma_getRealX</name>
         <load_address>0xf81c</load_address>
         <run_address>0xf81c</run_address>
         <size>0x8</size>
         <input_file_ref idref="fl-b"/>
      </object_component>
      <object_component id="oc-2da">
         <name>.text:mma_getRealY</name>
         <load_address>0xf824</load_address>
         <run_address>0xf824</run_address>
         <size>0x8</size>
         <input_file_ref idref="fl-b"/>
      </object_component>
      <object_component id="oc-2e0">
         <name>.text:mma_getRealZ</name>
         <load_address>0xf82c</load_address>
         <run_address>0xf82c</run_address>
         <size>0x8</size>
         <input_file_ref idref="fl-b"/>
      </object_component>
      <object_component id="oc-20d">
         <name>.text:serialFlush</name>
         <load_address>0xf834</load_address>
         <run_address>0xf834</run_address>
         <size>0x8</size>
         <input_file_ref idref="fl-4"/>
      </object_component>
      <object_component id="oc-241">
         <name>.text:abort</name>
         <load_address>0xf83c</load_address>
         <run_address>0xf83c</run_address>
         <size>0x6</size>
         <input_file_ref idref="fl-52"/>
      </object_component>
      <object_component id="oc-4c5">
         <name>.text:i2c_busy</name>
         <load_address>0xf842</load_address>
         <run_address>0xf842</run_address>
         <size>0x6</size>
         <input_file_ref idref="fl-9"/>
      </object_component>
      <object_component id="oc-4cb">
         <name>.text:i2c_nack_received</name>
         <load_address>0xf848</load_address>
         <run_address>0xf848</run_address>
         <size>0x6</size>
         <input_file_ref idref="fl-9"/>
      </object_component>
      <object_component id="oc-168">
         <name>.text:_system_pre_init</name>
         <load_address>0xf84e</load_address>
         <run_address>0xf84e</run_address>
         <size>0x4</size>
         <input_file_ref idref="fl-45"/>
      </object_component>
      <object_component id="oc-3a6">
         <name>.text:_system_post_cinit</name>
         <load_address>0xf852</load_address>
         <run_address>0xf852</run_address>
         <size>0x2</size>
         <input_file_ref idref="fl-46"/>
      </object_component>
      <object_component id="oc-5fa">
         <name>.cinit..data.load</name>
         <load_address>0xfb56</load_address>
         <run_address>0xfb56</run_address>
         <size>0x16</size>
      </object_component>
      <object_component id="oc-5f7">
         <name>__TI_handler_table</name>
         <load_address>0xfb6c</load_address>
         <run_address>0xfb6c</run_address>
         <size>0x6</size>
      </object_component>
      <object_component id="oc-5f9">
         <name>.cinit..bss.load</name>
         <load_address>0xfb72</load_address>
         <run_address>0xfb72</run_address>
         <size>0x4</size>
      </object_component>
      <object_component id="oc-5f8">
         <name>__TI_cinit_table</name>
         <load_address>0xfb76</load_address>
         <run_address>0xfb76</run_address>
         <size>0x8</size>
      </object_component>
      <object_component id="oc-1cb">
         <name>.const:.string</name>
         <load_address>0xf854</load_address>
         <run_address>0xf854</run_address>
         <size>0x2a0</size>
         <input_file_ref idref="fl-2"/>
      </object_component>
      <object_component id="oc-34f">
         <name>.const:.string</name>
         <load_address>0xfaf4</load_address>
         <run_address>0xfaf4</run_address>
         <size>0x60</size>
         <input_file_ref idref="fl-6"/>
      </object_component>
      <object_component id="oc-54b">
         <name>.const:.string:$P$T0$1</name>
         <load_address>0xfb54</load_address>
         <run_address>0xfb54</run_address>
         <size>0x2</size>
         <input_file_ref idref="fl-7"/>
      </object_component>
      <object_component id="oc-5b9">
         <name>.binit</name>
         <load_address>0xc000</load_address>
         <run_address>0xc000</run_address>
         <size>0x0</size>
      </object_component>
      <object_component id="oc-40">
         <name>.int00</name>
         <load_address>0xffe0</load_address>
         <run_address>0xffe0</run_address>
         <size>0x2</size>
         <input_file_ref idref="fl-33"/>
      </object_component>
      <object_component id="oc-41">
         <name>.int02</name>
         <load_address>0xffe4</load_address>
         <run_address>0xffe4</run_address>
         <size>0x2</size>
         <input_file_ref idref="fl-2"/>
      </object_component>
      <object_component id="oc-42">
         <name>.int03</name>
         <load_address>0xffe6</load_address>
         <run_address>0xffe6</run_address>
         <size>0x2</size>
         <input_file_ref idref="fl-34"/>
      </object_component>
      <object_component id="oc-43">
         <name>.int05</name>
         <load_address>0xffea</load_address>
         <run_address>0xffea</run_address>
         <size>0x2</size>
         <input_file_ref idref="fl-35"/>
      </object_component>
      <object_component id="oc-44">
         <name>.int06</name>
         <load_address>0xffec</load_address>
         <run_address>0xffec</run_address>
         <size>0x2</size>
         <input_file_ref idref="fl-5"/>
      </object_component>
      <object_component id="oc-45">
         <name>.int07</name>
         <load_address>0xffee</load_address>
         <run_address>0xffee</run_address>
         <size>0x2</size>
         <input_file_ref idref="fl-5"/>
      </object_component>
      <object_component id="oc-46">
         <name>.int08</name>
         <load_address>0xfff0</load_address>
         <run_address>0xfff0</run_address>
         <size>0x2</size>
         <input_file_ref idref="fl-36"/>
      </object_component>
      <object_component id="oc-47">
         <name>.int09</name>
         <load_address>0xfff2</load_address>
         <run_address>0xfff2</run_address>
         <size>0x2</size>
         <input_file_ref idref="fl-37"/>
      </object_component>
      <object_component id="oc-48">
         <name>.int10</name>
         <load_address>0xfff4</load_address>
         <run_address>0xfff4</run_address>
         <size>0x2</size>
         <input_file_ref idref="fl-38"/>
      </object_component>
      <object_component id="oc-49">
         <name>.int11</name>
         <load_address>0xfff6</load_address>
         <run_address>0xfff6</run_address>
         <size>0x2</size>
         <input_file_ref idref="fl-39"/>
      </object_component>
      <object_component id="oc-4a">
         <name>.int12</name>
         <load_address>0xfff8</load_address>
         <run_address>0xfff8</run_address>
         <size>0x2</size>
         <input_file_ref idref="fl-3a"/>
      </object_component>
      <object_component id="oc-4b">
         <name>.int13</name>
         <load_address>0xfffa</load_address>
         <run_address>0xfffa</run_address>
         <size>0x2</size>
         <input_file_ref idref="fl-2"/>
      </object_component>
      <object_component id="oc-4c">
         <name>.int14</name>
         <load_address>0xfffc</load_address>
         <run_address>0xfffc</run_address>
         <size>0x2</size>
         <input_file_ref idref="fl-3b"/>
      </object_component>
      <object_component id="oc-b4">
         <name>.reset</name>
         <load_address>0xfffe</load_address>
         <run_address>0xfffe</run_address>
         <size>0x2</size>
         <input_file_ref idref="fl-40"/>
      </object_component>
      <object_component id="oc-150">
         <name>.debug_info</name>
         <load_address>0x0</load_address>
         <run_address>0x0</run_address>
         <size>0x9b4</size>
         <input_file_ref idref="fl-2"/>
      </object_component>
      <object_component id="oc-15d">
         <name>.debug_info</name>
         <load_address>0x9b4</load_address>
         <run_address>0x9b4</run_address>
         <size>0x1c6</size>
         <input_file_ref idref="fl-2"/>
      </object_component>
      <object_component id="oc-219">
         <name>.debug_info</name>
         <load_address>0xb7a</load_address>
         <run_address>0xb7a</run_address>
         <size>0x114</size>
         <input_file_ref idref="fl-2"/>
      </object_component>
      <object_component id="oc-1da">
         <name>.debug_info</name>
         <load_address>0xc8e</load_address>
         <run_address>0xc8e</run_address>
         <size>0x232</size>
         <input_file_ref idref="fl-2"/>
      </object_component>
      <object_component id="oc-1c5">
         <name>.debug_info</name>
         <load_address>0xec0</load_address>
         <run_address>0xec0</run_address>
         <size>0x19f</size>
         <input_file_ref idref="fl-2"/>
      </object_component>
      <object_component id="oc-1a7">
         <name>.debug_info</name>
         <load_address>0x105f</load_address>
         <run_address>0x105f</run_address>
         <size>0x163</size>
         <input_file_ref idref="fl-2"/>
      </object_component>
      <object_component id="oc-1ad">
         <name>.debug_info</name>
         <load_address>0x11c2</load_address>
         <run_address>0x11c2</run_address>
         <size>0x14f</size>
         <input_file_ref idref="fl-2"/>
      </object_component>
      <object_component id="oc-1bf">
         <name>.debug_info</name>
         <load_address>0x1311</load_address>
         <run_address>0x1311</run_address>
         <size>0x17d</size>
         <input_file_ref idref="fl-2"/>
      </object_component>
      <object_component id="oc-16f">
         <name>.debug_info</name>
         <load_address>0x148e</load_address>
         <run_address>0x148e</run_address>
         <size>0x810</size>
         <input_file_ref idref="fl-2"/>
      </object_component>
      <object_component id="oc-f4">
         <name>.debug_info</name>
         <load_address>0x1c9e</load_address>
         <run_address>0x1c9e</run_address>
         <size>0x146</size>
         <input_file_ref idref="fl-2"/>
      </object_component>
      <object_component id="oc-e2">
         <name>.debug_info</name>
         <load_address>0x1de4</load_address>
         <run_address>0x1de4</run_address>
         <size>0x13c</size>
         <input_file_ref idref="fl-2"/>
      </object_component>
      <object_component id="oc-195">
         <name>.debug_info</name>
         <load_address>0x1f20</load_address>
         <run_address>0x1f20</run_address>
         <size>0x26b</size>
         <input_file_ref idref="fl-2"/>
      </object_component>
      <object_component id="oc-ca">
         <name>.debug_info</name>
         <load_address>0x218b</load_address>
         <run_address>0x218b</run_address>
         <size>0x84</size>
         <input_file_ref idref="fl-2"/>
      </object_component>
      <object_component id="oc-280">
         <name>.debug_info</name>
         <load_address>0x220f</load_address>
         <run_address>0x220f</run_address>
         <size>0x282</size>
         <input_file_ref idref="fl-2"/>
      </object_component>
      <object_component id="oc-142">
         <name>.debug_info</name>
         <load_address>0x2491</load_address>
         <run_address>0x2491</run_address>
         <size>0x2c</size>
         <input_file_ref idref="fl-2"/>
      </object_component>
      <object_component id="oc-19a">
         <name>.debug_info</name>
         <load_address>0x24bd</load_address>
         <run_address>0x24bd</run_address>
         <size>0x35</size>
         <input_file_ref idref="fl-2"/>
      </object_component>
      <object_component id="oc-38c">
         <name>.debug_info</name>
         <load_address>0x24f2</load_address>
         <run_address>0x24f2</run_address>
         <size>0x1f1</size>
         <input_file_ref idref="fl-3"/>
      </object_component>
      <object_component id="oc-471">
         <name>.debug_info</name>
         <load_address>0x26e3</load_address>
         <run_address>0x26e3</run_address>
         <size>0x11a</size>
         <input_file_ref idref="fl-3"/>
      </object_component>
      <object_component id="oc-386">
         <name>.debug_info</name>
         <load_address>0x27fd</load_address>
         <run_address>0x27fd</run_address>
         <size>0x17f</size>
         <input_file_ref idref="fl-3"/>
      </object_component>
      <object_component id="oc-46a">
         <name>.debug_info</name>
         <load_address>0x297c</load_address>
         <run_address>0x297c</run_address>
         <size>0x1a0</size>
         <input_file_ref idref="fl-3"/>
      </object_component>
      <object_component id="oc-38e">
         <name>.debug_info</name>
         <load_address>0x2b1c</load_address>
         <run_address>0x2b1c</run_address>
         <size>0x1e9</size>
         <input_file_ref idref="fl-3"/>
      </object_component>
      <object_component id="oc-380">
         <name>.debug_info</name>
         <load_address>0x2d05</load_address>
         <run_address>0x2d05</run_address>
         <size>0x17c</size>
         <input_file_ref idref="fl-3"/>
      </object_component>
      <object_component id="oc-235">
         <name>.debug_info</name>
         <load_address>0x2e81</load_address>
         <run_address>0x2e81</run_address>
         <size>0x1c1</size>
         <input_file_ref idref="fl-3"/>
      </object_component>
      <object_component id="oc-35b">
         <name>.debug_info</name>
         <load_address>0x3042</load_address>
         <run_address>0x3042</run_address>
         <size>0x16a</size>
         <input_file_ref idref="fl-3"/>
      </object_component>
      <object_component id="oc-361">
         <name>.debug_info</name>
         <load_address>0x31ac</load_address>
         <run_address>0x31ac</run_address>
         <size>0x1b7</size>
         <input_file_ref idref="fl-3"/>
      </object_component>
      <object_component id="oc-474">
         <name>.debug_info</name>
         <load_address>0x3363</load_address>
         <run_address>0x3363</run_address>
         <size>0x19b</size>
         <input_file_ref idref="fl-3"/>
      </object_component>
      <object_component id="oc-367">
         <name>.debug_info</name>
         <load_address>0x34fe</load_address>
         <run_address>0x34fe</run_address>
         <size>0x16f</size>
         <input_file_ref idref="fl-3"/>
      </object_component>
      <object_component id="oc-36d">
         <name>.debug_info</name>
         <load_address>0x366d</load_address>
         <run_address>0x366d</run_address>
         <size>0x184</size>
         <input_file_ref idref="fl-3"/>
      </object_component>
      <object_component id="oc-373">
         <name>.debug_info</name>
         <load_address>0x37f1</load_address>
         <run_address>0x37f1</run_address>
         <size>0x186</size>
         <input_file_ref idref="fl-3"/>
      </object_component>
      <object_component id="oc-23b">
         <name>.debug_info</name>
         <load_address>0x3977</load_address>
         <run_address>0x3977</run_address>
         <size>0x15d</size>
         <input_file_ref idref="fl-3"/>
      </object_component>
      <object_component id="oc-379">
         <name>.debug_info</name>
         <load_address>0x3ad4</load_address>
         <run_address>0x3ad4</run_address>
         <size>0x167</size>
         <input_file_ref idref="fl-3"/>
      </object_component>
      <object_component id="oc-22f">
         <name>.debug_info</name>
         <load_address>0x3c3b</load_address>
         <run_address>0x3c3b</run_address>
         <size>0x1fe</size>
         <input_file_ref idref="fl-3"/>
      </object_component>
      <object_component id="oc-30c">
         <name>.debug_info</name>
         <load_address>0x3e39</load_address>
         <run_address>0x3e39</run_address>
         <size>0x34a</size>
         <input_file_ref idref="fl-4"/>
      </object_component>
      <object_component id="oc-345">
         <name>.debug_info</name>
         <load_address>0x4183</load_address>
         <run_address>0x4183</run_address>
         <size>0x11b</size>
         <input_file_ref idref="fl-4"/>
      </object_component>
      <object_component id="oc-28e">
         <name>.debug_info</name>
         <load_address>0x429e</load_address>
         <run_address>0x429e</run_address>
         <size>0x117</size>
         <input_file_ref idref="fl-4"/>
      </object_component>
      <object_component id="oc-286">
         <name>.debug_info</name>
         <load_address>0x43b5</load_address>
         <run_address>0x43b5</run_address>
         <size>0x16b</size>
         <input_file_ref idref="fl-4"/>
      </object_component>
      <object_component id="oc-2ac">
         <name>.debug_info</name>
         <load_address>0x4520</load_address>
         <run_address>0x4520</run_address>
         <size>0x15d</size>
         <input_file_ref idref="fl-4"/>
      </object_component>
      <object_component id="oc-2a0">
         <name>.debug_info</name>
         <load_address>0x467d</load_address>
         <run_address>0x467d</run_address>
         <size>0x15e</size>
         <input_file_ref idref="fl-4"/>
      </object_component>
      <object_component id="oc-1e1">
         <name>.debug_info</name>
         <load_address>0x47db</load_address>
         <run_address>0x47db</run_address>
         <size>0x193</size>
         <input_file_ref idref="fl-4"/>
      </object_component>
      <object_component id="oc-208">
         <name>.debug_info</name>
         <load_address>0x496e</load_address>
         <run_address>0x496e</run_address>
         <size>0x198</size>
         <input_file_ref idref="fl-4"/>
      </object_component>
      <object_component id="oc-1e8">
         <name>.debug_info</name>
         <load_address>0x4b06</load_address>
         <run_address>0x4b06</run_address>
         <size>0x28e</size>
         <input_file_ref idref="fl-4"/>
      </object_component>
      <object_component id="oc-1fa">
         <name>.debug_info</name>
         <load_address>0x4d94</load_address>
         <run_address>0x4d94</run_address>
         <size>0x30b</size>
         <input_file_ref idref="fl-4"/>
      </object_component>
      <object_component id="oc-20f">
         <name>.debug_info</name>
         <load_address>0x509f</load_address>
         <run_address>0x509f</run_address>
         <size>0x151</size>
         <input_file_ref idref="fl-4"/>
      </object_component>
      <object_component id="oc-1b5">
         <name>.debug_info</name>
         <load_address>0x51f0</load_address>
         <run_address>0x51f0</run_address>
         <size>0x16d</size>
         <input_file_ref idref="fl-4"/>
      </object_component>
      <object_component id="oc-1bb">
         <name>.debug_info</name>
         <load_address>0x535d</load_address>
         <run_address>0x535d</run_address>
         <size>0x16e</size>
         <input_file_ref idref="fl-4"/>
      </object_component>
      <object_component id="oc-294">
         <name>.debug_info</name>
         <load_address>0x54cb</load_address>
         <run_address>0x54cb</run_address>
         <size>0x14c</size>
         <input_file_ref idref="fl-4"/>
      </object_component>
      <object_component id="oc-45e">
         <name>.debug_info</name>
         <load_address>0x5617</load_address>
         <run_address>0x5617</run_address>
         <size>0x86</size>
         <input_file_ref idref="fl-4"/>
      </object_component>
      <object_component id="oc-154">
         <name>.debug_info</name>
         <load_address>0x569d</load_address>
         <run_address>0x569d</run_address>
         <size>0x256</size>
         <input_file_ref idref="fl-5"/>
      </object_component>
      <object_component id="oc-3cd">
         <name>.debug_info</name>
         <load_address>0x58f3</load_address>
         <run_address>0x58f3</run_address>
         <size>0x196</size>
         <input_file_ref idref="fl-5"/>
      </object_component>
      <object_component id="oc-299">
         <name>.debug_info</name>
         <load_address>0x5a89</load_address>
         <run_address>0x5a89</run_address>
         <size>0x332</size>
         <input_file_ref idref="fl-5"/>
      </object_component>
      <object_component id="oc-ea">
         <name>.debug_info</name>
         <load_address>0x5dbb</load_address>
         <run_address>0x5dbb</run_address>
         <size>0x16d</size>
         <input_file_ref idref="fl-5"/>
      </object_component>
      <object_component id="oc-ee">
         <name>.debug_info</name>
         <load_address>0x5f28</load_address>
         <run_address>0x5f28</run_address>
         <size>0x174</size>
         <input_file_ref idref="fl-5"/>
      </object_component>
      <object_component id="oc-357">
         <name>.debug_info</name>
         <load_address>0x609c</load_address>
         <run_address>0x609c</run_address>
         <size>0x1f8</size>
         <input_file_ref idref="fl-6"/>
      </object_component>
      <object_component id="oc-351">
         <name>.debug_info</name>
         <load_address>0x6294</load_address>
         <run_address>0x6294</run_address>
         <size>0x180</size>
         <input_file_ref idref="fl-6"/>
      </object_component>
      <object_component id="oc-223">
         <name>.debug_info</name>
         <load_address>0x6414</load_address>
         <run_address>0x6414</run_address>
         <size>0x372</size>
         <input_file_ref idref="fl-6"/>
      </object_component>
      <object_component id="oc-21c">
         <name>.debug_info</name>
         <load_address>0x6786</load_address>
         <run_address>0x6786</run_address>
         <size>0x175</size>
         <input_file_ref idref="fl-6"/>
      </object_component>
      <object_component id="oc-4c4">
         <name>.debug_info</name>
         <load_address>0x68fb</load_address>
         <run_address>0x68fb</run_address>
         <size>0x218</size>
         <input_file_ref idref="fl-7"/>
      </object_component>
      <object_component id="oc-3e1">
         <name>.debug_info</name>
         <load_address>0x6b13</load_address>
         <run_address>0x6b13</run_address>
         <size>0x113</size>
         <input_file_ref idref="fl-7"/>
      </object_component>
      <object_component id="oc-54c">
         <name>.debug_info</name>
         <load_address>0x6c26</load_address>
         <run_address>0x6c26</run_address>
         <size>0x114</size>
         <input_file_ref idref="fl-7"/>
      </object_component>
      <object_component id="oc-4d6">
         <name>.debug_info</name>
         <load_address>0x6d3a</load_address>
         <run_address>0x6d3a</run_address>
         <size>0x1f1</size>
         <input_file_ref idref="fl-7"/>
[...]
         <value>0xfff6</value>
         <object_component_ref idref="oc-49"/>
      </symbol>
      <symbol id="sm-5a5">
         <name>__TI_int12</name>
         <value>0xfff8</value>
         <object_component_ref idref="oc-4a"/>
      </symbol>
      <symbol id="sm-5a8">
         <name>__TI_int14</name>
         <value>0xfffc</value>
         <object_component_ref idref="oc-4c"/>
      </symbol>
      <symbol id="sm-5b0">
         <name>__TI_ISR_TRAP</name>
         <value>0xf804</value>
         <object_component_ref idref="oc-dc"/>
      </symbol>
      <symbol id="sm-5b8">
         <name>__mspabi_slli</name>
         <value>0xf364</value>
         <object_component_ref idref="oc-b5"/>
      </symbol>
      <symbol id="sm-5b9">
         <name>__mspabi_slli_9</name>
         <value>0xf37c</value>
         <object_component_ref idref="oc-b5"/>
      </symbol>
      <symbol id="sm-5ba">
         <name>__mspabi_slli_8</name>
         <value>0xf37e</value>
         <object_component_ref idref="oc-b5"/>
      </symbol>
      <symbol id="sm-5bb">
         <name>__mspabi_slli_7</name>
         <value>0xf380</value>
         <object_component_ref idref="oc-b5"/>
      </symbol>
      <symbol id="sm-5bc">
         <name>__mspabi_slli_6</name>
         <value>0xf382</value>
         <object_component_ref idref="oc-b5"/>
      </symbol>
      <symbol id="sm-5bd">
         <name>__mspabi_slli_5</name>
         <value>0xf384</value>
         <object_component_ref idref="oc-b5"/>
      </symbol>
      <symbol id="sm-5be">
         <name>__mspabi_slli_4</name>
         <value>0xf386</value>
         <object_component_ref idref="oc-b5"/>
      </symbol>
      <symbol id="sm-5bf">
         <name>__mspabi_slli_3</name>
         <value>0xf388</value>
         <object_component_ref idref="oc-b5"/>
      </symbol>
      <symbol id="sm-5c0">
         <name>__mspabi_slli_2</name>
         <value>0xf38a</value>
         <object_component_ref idref="oc-b5"/>
      </symbol>
      <symbol id="sm-5c1">
         <name>__mspabi_slli_1</name>
         <value>0xf38c</value>
         <object_component_ref idref="oc-b5"/>
      </symbol>
      <symbol id="sm-5c2">
         <name>__mspabi_slli_15</name>
         <value>0xf370</value>
         <object_component_ref idref="oc-b5"/>
      </symbol>
      <symbol id="sm-5c3">
         <name>__mspabi_slli_14</name>
         <value>0xf372</value>
         <object_component_ref idref="oc-b5"/>
      </symbol>
      <symbol id="sm-5c4">
         <name>__mspabi_slli_13</name>
         <value>0xf374</value>
         <object_component_ref idref="oc-b5"/>
      </symbol>
      <symbol id="sm-5c5">
         <name>__mspabi_slli_12</name>
         <value>0xf376</value>
         <object_component_ref idref="oc-b5"/>
      </symbol>
      <symbol id="sm-5c6">
         <name>__mspabi_slli_11</name>
         <value>0xf378</value>
         <object_component_ref idref="oc-b5"/>
      </symbol>
      <symbol id="sm-5c7">
         <name>__mspabi_slli_10</name>
         <value>0xf37a</value>
         <object_component_ref idref="oc-b5"/>
      </symbol>
      <symbol id="sm-5cf">
         <name>__mspabi_slll_9</name>
         <value>0xf00c</value>
         <object_component_ref idref="oc-31a"/>
      </symbol>
      <symbol id="sm-5d0">
         <name>__mspabi_slll_8</name>
         <value>0xf010</value>
         <object_component_ref idref="oc-31a"/>
      </symbol>
      <symbol id="sm-5d1">
         <name>__mspabi_slll_7</name>
         <value>0xf014</value>
         <object_component_ref idref="oc-31a"/>
      </symbol>
      <symbol id="sm-5d2">
         <name>__mspabi_slll_6</name>
         <value>0xf018</value>
         <object_component_ref idref="oc-31a"/>
      </symbol>
      <symbol id="sm-5d3">
         <name>__mspabi_slll_5</name>
         <value>0xf01c</value>
         <object_component_ref idref="oc-31a"/>
      </symbol>
      <symbol id="sm-5d4">
         <name>__mspabi_slll_4</name>
         <value>0xf020</value>
         <object_component_ref idref="oc-31a"/>
      </symbol>
      <symbol id="sm-5d5">
         <name>__mspabi_slll_3</name>
         <value>0xf024</value>
         <object_component_ref idref="oc-31a"/>
      </symbol>
      <symbol id="sm-5d6">
         <name>__mspabi_slll_2</name>
         <value>0xf028</value>
         <object_component_ref idref="oc-31a"/>
      </symbol>
      <symbol id="sm-5d7">
         <name>__mspabi_slll_1</name>
         <value>0xf02c</value>
         <object_component_ref idref="oc-31a"/>
      </symbol>
      <symbol id="sm-5d8">
         <name>__mspabi_slll_15</name>
         <value>0xeff4</value>
         <object_component_ref idref="oc-31a"/>
      </symbol>
      <symbol id="sm-5d9">
         <name>__mspabi_slll_14</name>
         <value>0xeff8</value>
         <object_component_ref idref="oc-31a"/>
      </symbol>
      <symbol id="sm-5da">
         <name>__mspabi_slll_13</name>
         <value>0xeffc</value>
         <object_component_ref idref="oc-31a"/>
      </symbol>
      <symbol id="sm-5db">
         <name>__mspabi_slll_12</name>
         <value>0xf000</value>
         <object_component_ref idref="oc-31a"/>
      </symbol>
      <symbol id="sm-5dc">
         <name>__mspabi_slll_11</name>
         <value>0xf004</value>
         <object_component_ref idref="oc-31a"/>
      </symbol>
      <symbol id="sm-5dd">
         <name>__mspabi_slll_10</name>
         <value>0xf008</value>
         <object_component_ref idref="oc-31a"/>
      </symbol>
      <symbol id="sm-5e7">
         <name>__mspabi_mpyi_sw</name>
         <value>0xf6ce</value>
         <object_component_ref idref="oc-4a3"/>
      </symbol>
      <symbol id="sm-5e8">
         <name>__mspabi_mpyi</name>
         <value>0xf6ce</value>
         <object_component_ref idref="oc-4a3"/>
      </symbol>
      <symbol id="sm-5f8">
         <name>_stack</name>
         <value>0x3b0</value>
         <object_component_ref idref="oc-b1"/>
      </symbol>
      <symbol id="sm-5f9">
         <name>_c_int00_noargs</name>
         <value>0xf524</value>
         <object_component_ref idref="oc-10b"/>
      </symbol>
      <symbol id="sm-5fa">
         <name>_reset_vector</name>
         <value>0xfffe</value>
         <object_component_ref idref="oc-b4"/>
      </symbol>
      <symbol id="sm-61c">
         <name>__TI_auto_init_nobinit_nopinit</name>
         <value>0xef36</value>
         <object_component_ref idref="oc-24d"/>
      </symbol>
      <symbol id="sm-62f">
         <name>__TI_zero_init_nomemset</name>
         <value>0xf692</value>
         <object_component_ref idref="oc-f9"/>
      </symbol>
      <symbol id="sm-63a">
         <name>_system_pre_init</name>
         <value>0xf84e</value>
         <object_component_ref idref="oc-168"/>
      </symbol>
      <symbol id="sm-643">
         <name>_system_post_cinit</name>
         <value>0xf852</value>
         <object_component_ref idref="oc-3a6"/>
      </symbol>
      <symbol id="sm-659">
         <name>__TI_decompress_none</name>
         <value>0xf6f4</value>
         <object_component_ref idref="oc-3a"/>
      </symbol>
      <symbol id="sm-67c">
         <name>__TI_decompress_lzss</name>
         <value>0xe8b6</value>
         <object_component_ref idref="oc-34"/>
      </symbol>
      <symbol id="sm-6b6">
         <name>__mspabi_addd</name>
         <value>0xc000</value>
         <object_component_ref idref="oc-331"/>
      </symbol>
      <symbol id="sm-6d5">
         <name>__mspabi_cmpd</name>
         <value>0xe0ae</value>
         <object_component_ref idref="oc-2e6"/>
      </symbol>
      <symbol id="sm-6eb">
         <name>__mspabi_cvtfd</name>
         <value>0xea9c</value>
         <object_component_ref idref="oc-32b"/>
      </symbol>
      <symbol id="sm-70c">
         <name>__mspabi_divd</name>
         <value>0xd71c</value>
         <object_component_ref idref="oc-51c"/>
      </symbol>
      <symbol id="sm-715">
         <name>__mspabi_fltid</name>
         <value>0xf7a6</value>
         <object_component_ref idref="oc-4f8"/>
      </symbol>
      <symbol id="sm-72c">
         <name>__mspabi_fltlid</name>
         <value>0xe5f6</value>
         <object_component_ref idref="oc-558"/>
      </symbol>
      <symbol id="sm-747">
         <name>__TI_frcdivd</name>
         <value>0xcc68</value>
         <object_component_ref idref="oc-56a"/>
      </symbol>
      <symbol id="sm-76d">
         <name>__mspabi_mpyd</name>
         <value>0xd45c</value>
         <object_component_ref idref="oc-522"/>
      </symbol>
      <symbol id="sm-782">
         <name>__mspabi_cvtdf</name>
         <value>0xe542</value>
         <object_component_ref idref="oc-1f2"/>
      </symbol>
      <symbol id="sm-78c">
         <name>C$$EXIT</name>
         <value>0xf83c</value>
         <object_component_ref idref="oc-241"/>
      </symbol>
      <symbol id="sm-78d">
         <name>abort</name>
         <value>0xf83c</value>
         <object_component_ref idref="oc-241"/>
      </symbol>
      <symbol id="sm-79d">
         <name>memcpy</name>
         <value>0xf706</value>
         <object_component_ref idref="oc-cf"/>
      </symbol>
      <symbol id="sm-7ab">
         <name>memset</name>
         <value>0xf6ba</value>
         <object_component_ref idref="oc-1d3"/>
      </symbol>
      <symbol id="sm-7b9">
         <name>strcmp</name>
         <value>0xf60e</value>
         <object_component_ref idref="oc-1cc"/>
      </symbol>
      <symbol id="sm-7c6">
         <name>strcpy</name>
         <value>0xf75e</value>
         <object_component_ref idref="oc-2a5"/>
      </symbol>
      <symbol id="sm-7d3">
         <name>strlen</name>
         <value>0xf798</value>
         <object_component_ref idref="oc-228"/>
      </symbol>
      <symbol id="sm-7dd">
         <name>abs</name>
         <value>0xf7be</value>
         <object_component_ref idref="oc-30d"/>
      </symbol>
      <symbol id="sm-7e5">
         <name>__mspabi_sral_15</name>
         <value>0xefb6</value>
         <object_component_ref idref="oc-440"/>
      </symbol>
      <symbol id="sm-7e6">
         <name>__mspabi_sral_14</name>
         <value>0xefba</value>
         <object_component_ref idref="oc-440"/>
      </symbol>
      <symbol id="sm-7e7">
         <name>__mspabi_sral_13</name>
         <value>0xefbe</value>
         <object_component_ref idref="oc-440"/>
      </symbol>
      <symbol id="sm-7e8">
         <name>__mspabi_sral_12</name>
         <value>0xefc2</value>
         <object_component_ref idref="oc-440"/>
      </symbol>
      <symbol id="sm-7e9">
         <name>__mspabi_sral_11</name>
         <value>0xefc6</value>
         <object_component_ref idref="oc-440"/>
      </symbol>
      <symbol id="sm-7ea">
         <name>__mspabi_sral_10</name>
         <value>0xefca</value>
         <object_component_ref idref="oc-440"/>
      </symbol>
      <symbol id="sm-7eb">
         <name>__mspabi_sral_8</name>
         <value>0xefd2</value>
         <object_component_ref idref="oc-440"/>
      </symbol>
      <symbol id="sm-7ec">
         <name>__mspabi_sral_9</name>
         <value>0xefce</value>
         <object_component_ref idref="oc-440"/>
      </symbol>
      <symbol id="sm-7ed">
         <name>__mspabi_sral_6</name>
         <value>0xefda</value>
         <object_component_ref idref="oc-440"/>
      </symbol>
      <symbol id="sm-7ee">
         <name>__mspabi_sral_7</name>
         <value>0xefd6</value>
         <object_component_ref idref="oc-440"/>
      </symbol>
      <symbol id="sm-7ef">
         <name>__mspabi_sral_4</name>
         <value>0xefe2</value>
         <object_component_ref idref="oc-440"/>
      </symbol>
      <symbol id="sm-7f0">
         <name>__mspabi_sral_5</name>
         <value>0xefde</value>
         <object_component_ref idref="oc-440"/>
      </symbol>
      <symbol id="sm-7f1">
         <name>__mspabi_sral_2</name>
         <value>0xefea</value>
         <object_component_ref idref="oc-440"/>
      </symbol>
      <symbol id="sm-7f2">
         <name>__mspabi_sral_3</name>
         <value>0xefe6</value>
         <object_component_ref idref="oc-440"/>
      </symbol>
      <symbol id="sm-7f3">
         <name>__mspabi_sral_1</name>
         <value>0xefee</value>
         <object_component_ref idref="oc-440"/>
      </symbol>
      <symbol id="sm-7fb">
         <name>__mspabi_srli_8</name>
         <value>0xed20</value>
         <object_component_ref idref="oc-ba"/>
      </symbol>
      <symbol id="sm-7fc">
         <name>__mspabi_srli_9</name>
         <value>0xed1c</value>
         <object_component_ref idref="oc-ba"/>
      </symbol>
      <symbol id="sm-7fd">
         <name>__mspabi_srli_6</name>
         <value>0xed28</value>
         <object_component_ref idref="oc-ba"/>
      </symbol>
      <symbol id="sm-7fe">
         <name>__mspabi_srli_7</name>
         <value>0xed24</value>
         <object_component_ref idref="oc-ba"/>
      </symbol>
      <symbol id="sm-7ff">
         <name>__mspabi_srli_4</name>
         <value>0xed30</value>
         <object_component_ref idref="oc-ba"/>
      </symbol>
      <symbol id="sm-800">
         <name>__mspabi_srli_5</name>
         <value>0xed2c</value>
         <object_component_ref idref="oc-ba"/>
      </symbol>
      <symbol id="sm-801">
         <name>__mspabi_srli_2</name>
         <value>0xed38</value>
         <object_component_ref idref="oc-ba"/>
      </symbol>
      <symbol id="sm-802">
         <name>__mspabi_srli_3</name>
         <value>0xed34</value>
         <object_component_ref idref="oc-ba"/>
      </symbol>
      <symbol id="sm-803">
         <name>__mspabi_srli_1</name>
         <value>0xed3c</value>
         <object_component_ref idref="oc-ba"/>
      </symbol>
      <symbol id="sm-804">
         <name>__mspabi_srli</name>
         <value>0xecf6</value>
         <object_component_ref idref="oc-ba"/>
      </symbol>
      <symbol id="sm-805">
         <name>__mspabi_srli_15</name>
         <value>0xed04</value>
         <object_component_ref idref="oc-ba"/>
      </symbol>
      <symbol id="sm-806">
         <name>__mspabi_srli_14</name>
         <value>0xed08</value>
         <object_component_ref idref="oc-ba"/>
      </symbol>
      <symbol id="sm-807">
         <name>__mspabi_srli_13</name>
         <value>0xed0c</value>
         <object_component_ref idref="oc-ba"/>
      </symbol>
      <symbol id="sm-808">
         <name>__mspabi_srli_12</name>
         <value>0xed10</value>
         <object_component_ref idref="oc-ba"/>
      </symbol>
      <symbol id="sm-809">
         <name>__mspabi_srli_11</name>
         <value>0xed14</value>
         <object_component_ref idref="oc-ba"/>
      </symbol>
      <symbol id="sm-80a">
         <name>__mspabi_srli_10</name>
         <value>0xed18</value>
         <object_component_ref idref="oc-ba"/>
      </symbol>
      <symbol id="sm-812">
         <name>__mspabi_srll_8</name>
         <value>0xec72</value>
         <object_component_ref idref="oc-584"/>
      </symbol>
      <symbol id="sm-813">
         <name>__mspabi_srll_9</name>
         <value>0xec6c</value>
         <object_component_ref idref="oc-584"/>
      </symbol>
      <symbol id="sm-814">
         <name>__mspabi_srll_6</name>
         <value>0xec7e</value>
         <object_component_ref idref="oc-584"/>
      </symbol>
      <symbol id="sm-815">
         <name>__mspabi_srll_7</name>
         <value>0xec78</value>
         <object_component_ref idref="oc-584"/>
      </symbol>
      <symbol id="sm-816">
         <name>__mspabi_srll_4</name>
         <value>0xec8a</value>
         <object_component_ref idref="oc-584"/>
      </symbol>
      <symbol id="sm-817">
         <name>__mspabi_srll_5</name>
         <value>0xec84</value>
         <object_component_ref idref="oc-584"/>
      </symbol>
      <symbol id="sm-818">
         <name>__mspabi_srll_2</name>
         <value>0xec96</value>
         <object_component_ref idref="oc-584"/>
      </symbol>
      <symbol id="sm-819">
         <name>__mspabi_srll_3</name>
         <value>0xec90</value>
         <object_component_ref idref="oc-584"/>
      </symbol>
      <symbol id="sm-81a">
         <name>__mspabi_srll_1</name>
         <value>0xec9c</value>
         <object_component_ref idref="oc-584"/>
      </symbol>
      <symbol id="sm-81b">
         <name>__mspabi_srll_15</name>
         <value>0xec48</value>
         <object_component_ref idref="oc-584"/>
      </symbol>
      <symbol id="sm-81c">
         <name>__mspabi_srll_14</name>
         <value>0xec4e</value>
         <object_component_ref idref="oc-584"/>
      </symbol>
      <symbol id="sm-81d">
         <name>__mspabi_srll_13</name>
         <value>0xec54</value>
         <object_component_ref idref="oc-584"/>
      </symbol>
      <symbol id="sm-81e">
         <name>__mspabi_srll_12</name>
         <value>0xec5a</value>
         <object_component_ref idref="oc-584"/>
      </symbol>
      <symbol id="sm-81f">
         <name>__mspabi_srll_11</name>
         <value>0xec60</value>
         <object_component_ref idref="oc-584"/>
      </symbol>
      <symbol id="sm-820">
         <name>__mspabi_srll_10</name>
         <value>0xec66</value>
         <object_component_ref idref="oc-584"/>
      </symbol>
      <symbol id="sm-82a">
         <name>__mspabi_mpyl_sw</name>
         <value>0xf45e</value>
         <object_component_ref idref="oc-58c"/>
      </symbol>
      <symbol id="sm-82b">
         <name>__mspabi_mpyl</name>
         <value>0xf45e</value>
         <object_component_ref idref="oc-58c"/>
      </symbol>
      <symbol id="sm-839">
         <name>__mspabi_srall</name>
         <value>0xed42</value>
         <object_component_ref idref="oc-44c"/>
      </symbol>
      <symbol id="sm-846">
         <name>__mspabi_sllll</name>
         <value>0xeef2</value>
         <object_component_ref idref="oc-452"/>
      </symbol>
      <symbol id="sm-853">
         <name>__mspabi_srlll</name>
         <value>0xee66</value>
         <object_component_ref idref="oc-59f"/>
      </symbol>
      <symbol id="sm-85e">
         <name>__TI_frcmpyd</name>
         <value>0xdad0</value>
         <object_component_ref idref="oc-572"/>
      </symbol>
      <symbol id="sm-866">
         <name>__mspabi_mpyull_sw</name>
         <value>0xf506</value>
         <object_component_ref idref="oc-59a"/>
      </symbol>
      <symbol id="sm-867">
         <name>__mspabi_mpyull</name>
         <value>0xf506</value>
         <object_component_ref idref="oc-59a"/>
      </symbol>
      <symbol id="sm-86f">
         <name>__mspabi_mpyll</name>
         <value>0xdebc</value>
         <object_component_ref idref="oc-595"/>
      </symbol>
      <symbol id="sm-870">
         <name>__mspabi_mpyll_sw</name>
         <value>0xdebc</value>
         <object_component_ref idref="oc-595"/>
      </symbol>
      <symbol id="sm-87b">
         <name>__mspabi_mpyul_sw</name>
         <value>0xf484</value>
         <object_component_ref idref="oc-5af"/>
      </symbol>
      <symbol id="sm-87c">
         <name>__mspabi_mpyul</name>
         <value>0xf484</value>
         <object_component_ref idref="oc-5af"/>
      </symbol>
      <symbol id="sm-87f">
         <name>joy_init</name>
         <value>0xf626</value>
      </symbol>
   </symbol_table>
   <title>Link successful</title>
</link_info>
