<?xml version="1.0" encoding="ISO-8859-1" ?>
<link_info>
   <banner>MSP430 Linker PC v21.6.0.LTS</banner>
   <copyright>Copyright (c) 2003-2018 Texas Instruments Incorporated</copyright>
   <link_time>0x62a4fae9</link_time>
   <link_errors>0x0</link_errors>
   <output_file>Exercise_[3]_[Altinordu].out</output_file>
   <entry_point>
      <name>_c_int00_noargs</name>
      <address>0xda76</address>
   </entry_point>
   <input_file_list>
      <input_file id="fl-2">
         <path>.\</path>
         <kind>object</kind>
         <file>main.obj</file>
         <name>main.obj</name>
      </input_file>
      <input_file id="fl-3">
         <path>.\libs\</path>
         <kind>object</kind>
         <file>LCD.obj</file>
         <name>LCD.obj</name>
      </input_file>
      <input_file id="fl-4">
         <path>.\libs\</path>
         <kind>object</kind>
         <file>adac.obj</file>
         <name>adac.obj</name>
      </input_file>
      <input_file id="fl-5">
         <path>.\libs\</path>
         <kind>object</kind>
         <file>i2c.obj</file>
         <name>i2c.obj</name>
      </input_file>
      <input_file id="fl-6">
         <path>.\libs\</path>
         <kind>object</kind>
         <file>mma.obj</file>
         <name>mma.obj</name>
      </input_file>
      <input_file id="fl-7">
         <path>.\libs\</path>
         <kind>object</kind>
         <file>templateEMP.obj</file>
         <name>templateEMP.obj</name>
      </input_file>
      <input_file id="fl-c">
         <kind>object</kind>
         <file>&lt;internal&gt;</file>
         <name>&lt;internal&gt;</name>
      </input_file>
      <input_file id="fl-22">
         <path>C:\ti\ccs1100\ccs\tools\compiler\ti-cgt-msp430_21.6.0.LTS\lib\</path>
         <kind>archive</kind>
         <file>rts430_eabi.lib</file>
         <name>asr16.asm.obj</name>
      </input_file>
      <input_file id="fl-23">
         <path>C:\ti\ccs1100\ccs\tools\compiler\ti-cgt-msp430_21.6.0.LTS\lib\</path>
         <kind>archive</kind>
         <file>rts430_eabi.lib</file>
         <name>div16s.asm.obj</name>
      </input_file>
      <input_file id="fl-24">
         <path>C:\ti\ccs1100\ccs\tools\compiler\ti-cgt-msp430_21.6.0.LTS\lib\</path>
         <kind>archive</kind>
         <file>rts430_eabi.lib</file>
         <name>div16u.asm.obj</name>
      </input_file>
      <input_file id="fl-25">
         <path>C:\ti\ccs1100\ccs\tools\compiler\ti-cgt-msp430_21.6.0.LTS\lib\</path>
         <kind>archive</kind>
         <file>rts430_eabi.lib</file>
         <name>epilog.asm.obj</name>
      </input_file>
      <input_file id="fl-26">
         <path>C:\ti\ccs1100\ccs\tools\compiler\ti-cgt-msp430_21.6.0.LTS\lib\</path>
         <kind>archive</kind>
         <file>rts430_eabi.lib</file>
         <name>int00.asm.obj</name>
      </input_file>
      <input_file id="fl-27">
         <path>C:\ti\ccs1100\ccs\tools\compiler\ti-cgt-msp430_21.6.0.LTS\lib\</path>
         <kind>archive</kind>
         <file>rts430_eabi.lib</file>
         <name>int03.asm.obj</name>
      </input_file>
      <input_file id="fl-28">
         <path>C:\ti\ccs1100\ccs\tools\compiler\ti-cgt-msp430_21.6.0.LTS\lib\</path>
         <kind>archive</kind>
         <file>rts430_eabi.lib</file>
         <name>int05.asm.obj</name>
      </input_file>
      <input_file id="fl-29">
         <path>C:\ti\ccs1100\ccs\tools\compiler\ti-cgt-msp430_21.6.0.LTS\lib\</path>
         <kind>archive</kind>
         <file>rts430_eabi.lib</file>
         <name>int08.asm.obj</name>
      </input_file>
      <input_file id="fl-2a">
         <path>C:\ti\ccs1100\ccs\tools\compiler\ti-cgt-msp430_21.6.0.LTS\lib\</path>
         <kind>archive</kind>
         <file>rts430_eabi.lib</file>
         <name>int09.asm.obj</name>
      </input_file>
      <input_file id="fl-2b">
         <path>C:\ti\ccs1100\ccs\tools\compiler\ti-cgt-msp430_21.6.0.LTS\lib\</path>
         <kind>archive</kind>
         <file>rts430_eabi.lib</file>
         <name>int10.asm.obj</name>
      </input_file>
      <input_file id="fl-2c">
         <path>C:\ti\ccs1100\ccs\tools\compiler\ti-cgt-msp430_21.6.0.LTS\lib\</path>
         <kind>archive</kind>
         <file>rts430_eabi.lib</file>
         <name>int11.asm.obj</name>
      </input_file>
      <input_file id="fl-2d">
         <path>C:\ti\ccs1100\ccs\tools\compiler\ti-cgt-msp430_21.6.0.LTS\lib\</path>
         <kind>archive</kind>
         <file>rts430_eabi.lib</file>
         <name>int12.asm.obj</name>
      </input_file>
      <input_file id="fl-2e">
         <path>C:\ti\ccs1100\ccs\tools\compiler\ti-cgt-msp430_21.6.0.LTS\lib\</path>
         <kind>archive</kind>
         <file>rts430_eabi.lib</file>
         <name>int14.asm.obj</name>
      </input_file>
      <input_file id="fl-2f">
         <path>C:\ti\ccs1100\ccs\tools\compiler\ti-cgt-msp430_21.6.0.LTS\lib\</path>
         <kind>archive</kind>
         <file>rts430_eabi.lib</file>
         <name>isr_trap.asm.obj</name>
      </input_file>
      <input_file id="fl-30">
         <path>C:\ti\ccs1100\ccs\tools\compiler\ti-cgt-msp430_21.6.0.LTS\lib\</path>
         <kind>archive</kind>
         <file>rts430_eabi.lib</file>
         <name>lsl16.asm.obj</name>
      </input_file>
      <input_file id="fl-31">
         <path>C:\ti\ccs1100\ccs\tools\compiler\ti-cgt-msp430_21.6.0.LTS\lib\</path>
         <kind>archive</kind>
         <file>rts430_eabi.lib</file>
         <name>mult16.asm.obj</name>
      </input_file>
      <input_file id="fl-32">
         <path>C:\ti\ccs1100\ccs\tools\compiler\ti-cgt-msp430_21.6.0.LTS\lib\</path>
         <kind>archive</kind>
         <file>rts430_eabi.lib</file>
         <name>boot.c.obj</name>
      </input_file>
      <input_file id="fl-33">
         <path>C:\ti\ccs1100\ccs\tools\compiler\ti-cgt-msp430_21.6.0.LTS\lib\</path>
         <kind>archive</kind>
         <file>rts430_eabi.lib</file>
         <name>autoinit.c.obj</name>
      </input_file>
      <input_file id="fl-34">
         <path>C:\ti\ccs1100\ccs\tools\compiler\ti-cgt-msp430_21.6.0.LTS\lib\</path>
         <kind>archive</kind>
         <file>rts430_eabi.lib</file>
         <name>copy_zero_init.c.obj</name>
      </input_file>
      <input_file id="fl-35">
         <path>C:\ti\ccs1100\ccs\tools\compiler\ti-cgt-msp430_21.6.0.LTS\lib\</path>
         <kind>archive</kind>
         <file>rts430_eabi.lib</file>
         <name>cpy_tbl.c.obj</name>
      </input_file>
      <input_file id="fl-36">
         <path>C:\ti\ccs1100\ccs\tools\compiler\ti-cgt-msp430_21.6.0.LTS\lib\</path>
         <kind>archive</kind>
         <file>rts430_eabi.lib</file>
         <name>mpu_init.c.obj</name>
      </input_file>
      <input_file id="fl-37">
         <path>C:\ti\ccs1100\ccs\tools\compiler\ti-cgt-msp430_21.6.0.LTS\lib\</path>
         <kind>archive</kind>
         <file>rts430_eabi.lib</file>
         <name>pre_init.c.obj</name>
      </input_file>
      <input_file id="fl-38">
         <path>C:\ti\ccs1100\ccs\tools\compiler\ti-cgt-msp430_21.6.0.LTS\lib\</path>
         <kind>archive</kind>
         <file>rts430_eabi.lib</file>
         <name>startup.c.obj</name>
      </input_file>
      <input_file id="fl-39">
         <path>C:\ti\ccs1100\ccs\tools\compiler\ti-cgt-msp430_21.6.0.LTS\lib\</path>
         <kind>archive</kind>
         <file>rts430_eabi.lib</file>
         <name>copy_decompress_none.c.obj</name>
      </input_file>
      <input_file id="fl-3a">
         <path>C:\ti\ccs1100\ccs\tools\compiler\ti-cgt-msp430_21.6.0.LTS\lib\</path>
         <kind>archive</kind>
         <file>rts430_eabi.lib</file>
         <name>copy_decompress_lzss.c.obj</name>
      </input_file>
      <input_file id="fl-3b">
         <path>C:\ti\ccs1100\ccs\tools\compiler\ti-cgt-msp430_21.6.0.LTS\lib\</path>
         <kind>archive</kind>
         <file>rts430_eabi.lib</file>
         <name>divd.c.obj</name>
      </input_file>
      <input_file id="fl-3c">
         <path>C:\ti\ccs1100\ccs\tools\compiler\ti-cgt-msp430_21.6.0.LTS\lib\</path>
         <kind>archive</kind>
         <file>rts430_eabi.lib</file>
         <name>fltid.c.obj</name>
      </input_file>
      <input_file id="fl-3d">
         <path>C:\ti\ccs1100\ccs\tools\compiler\ti-cgt-msp430_21.6.0.LTS\lib\</path>
         <kind>archive</kind>
         <file>rts430_eabi.lib</file>
         <name>fltlid.c.obj</name>
      </input_file>
      <input_file id="fl-3e">
         <path>C:\ti\ccs1100\ccs\tools\compiler\ti-cgt-msp430_21.6.0.LTS\lib\</path>
         <kind>archive</kind>
         <file>rts430_eabi.lib</file>
         <name>frcdivd.c.obj</name>
      </input_file>
      <input_file id="fl-3f">
         <path>C:\ti\ccs1100\ccs\tools\compiler\ti-cgt-msp430_21.6.0.LTS\lib\</path>
         <kind>archive</kind>
         <file>rts430_eabi.lib</file>
         <name>mpyd.c.obj</name>
      </input_file>
      <input_file id="fl-40">
         <path>C:\ti\ccs1100\ccs\tools\compiler\ti-cgt-msp430_21.6.0.LTS\lib\</path>
         <kind>archive</kind>
         <file>rts430_eabi.lib</file>
         <name>exit.c.obj</name>
      </input_file>
      <input_file id="fl-41">
         <path>C:\ti\ccs1100\ccs\tools\compiler\ti-cgt-msp430_21.6.0.LTS\lib\</path>
         <kind>archive</kind>
         <file>rts430_eabi.lib</file>
         <name>_lock.c.obj</name>
      </input_file>
      <input_file id="fl-42">
         <path>C:\ti\ccs1100\ccs\tools\compiler\ti-cgt-msp430_21.6.0.LTS\lib\</path>
         <kind>archive</kind>
         <file>rts430_eabi.lib</file>
         <name>args_main.c.obj</name>
      </input_file>
      <input_file id="fl-43">
         <path>C:\ti\ccs1100\ccs\tools\compiler\ti-cgt-msp430_21.6.0.LTS\lib\</path>
         <kind>archive</kind>
         <file>rts430_eabi.lib</file>
         <name>memcpy.c.obj</name>
      </input_file>
      <input_file id="fl-44">
         <path>C:\ti\ccs1100\ccs\tools\compiler\ti-cgt-msp430_21.6.0.LTS\lib\</path>
         <kind>archive</kind>
         <file>rts430_eabi.lib</file>
         <name>asr32.asm.obj</name>
      </input_file>
      <input_file id="fl-45">
         <path>C:\ti\ccs1100\ccs\tools\compiler\ti-cgt-msp430_21.6.0.LTS\lib\</path>
         <kind>archive</kind>
         <file>rts430_eabi.lib</file>
         <name>lsl32.asm.obj</name>
      </input_file>
      <input_file id="fl-46">
         <path>C:\ti\ccs1100\ccs\tools\compiler\ti-cgt-msp430_21.6.0.LTS\lib\</path>
         <kind>archive</kind>
         <file>rts430_eabi.lib</file>
         <name>lsr16.asm.obj</name>
      </input_file>
      <input_file id="fl-47">
         <path>C:\ti\ccs1100\ccs\tools\compiler\ti-cgt-msp430_21.6.0.LTS\lib\</path>
         <kind>archive</kind>
         <file>rts430_eabi.lib</file>
         <name>lsr32.asm.obj</name>
      </input_file>
      <input_file id="fl-48">
         <path>C:\ti\ccs1100\ccs\tools\compiler\ti-cgt-msp430_21.6.0.LTS\lib\</path>
         <kind>archive</kind>
         <file>rts430_eabi.lib</file>
         <name>mult32.asm.obj</name>
      </input_file>
      <input_file id="fl-49">
         <path>C:\ti\ccs1100\ccs\tools\compiler\ti-cgt-msp430_21.6.0.LTS\lib\</path>
         <kind>archive</kind>
         <file>rts430_eabi.lib</file>
         <name>exit_gvars.c.obj</name>
      </input_file>
      <input_file id="fl-4a">
         <path>C:\ti\ccs1100\ccs\tools\compiler\ti-cgt-msp430_21.6.0.LTS\lib\</path>
         <kind>archive</kind>
         <file>rts430_eabi.lib</file>
         <name>lsr64.c.obj</name>
      </input_file>
      <input_file id="fl-4b">
         <path>C:\ti\ccs1100\ccs\tools\compiler\ti-cgt-msp430_21.6.0.LTS\lib\</path>
         <kind>archive</kind>
         <file>rts430_eabi.lib</file>
         <name>frcmpyd.c.obj</name>
      </input_file>
      <input_file id="fl-4c">
         <path>C:\ti\ccs1100\ccs\tools\compiler\ti-cgt-msp430_21.6.0.LTS\lib\</path>
         <kind>archive</kind>
         <file>rts430_eabi.lib</file>
         <name>mult3264.asm.obj</name>
      </input_file>
      <input_file id="fl-4d">
         <path>C:\ti\ccs1100\ccs\tools\compiler\ti-cgt-msp430_21.6.0.LTS\lib\</path>
         <kind>archive</kind>
         <file>rts430_eabi.lib</file>
         <name>mult64.asm.obj</name>
      </input_file>
      <input_file id="fl-4e">
         <path>C:\ti\ccs1100\ccs\tools\compiler\ti-cgt-msp430_21.6.0.LTS\lib\</path>
         <kind>archive</kind>
         <file>rts430_eabi.lib</file>
         <name>lsl64.c.obj</name>
      </input_file>
      <input_file id="fl-4f">
         <path>C:\ti\ccs1100\ccs\tools\compiler\ti-cgt-msp430_21.6.0.LTS\lib\</path>
         <kind>archive</kind>
         <file>rts430_eabi.lib</file>
         <name>mult1632.asm.obj</name>
      </input_file>
   </input_file_list>
   <object_component_list>
      <object_component id="oc-15e">
         <name>.common:state</name>
         <uninitialized>true</uninitialized>
         <run_address>0x358</run_address>
         <size>0x2</size>
      </object_component>
      <object_component id="oc-161">
         <name>.common:state_mem</name>
         <uninitialized>true</uninitialized>
         <run_address>0x35a</run_address>
         <size>0x2</size>
      </object_component>
      <object_component id="oc-2b2">
         <name>.common:acc</name>
         <uninitialized>true</uninitialized>
         <run_address>0x354</run_address>
         <size>0x2</size>
      </object_component>
      <object_component id="oc-3b1">
         <name>.common:COPY_IDX</name>
         <uninitialized>true</uninitialized>
         <run_address>0x35c</run_address>
         <size>0x1</size>
      </object_component>
      <object_component id="oc-2f0">
         <name>.common:SEND_CMD</name>
         <uninitialized>true</uninitialized>
         <run_address>0x31a</run_address>
         <size>0x2</size>
      </object_component>
      <object_component id="oc-2f8">
         <name>.common:SEND_REG</name>
         <uninitialized>true</uninitialized>
         <run_address>0x31c</run_address>
         <size>0x2</size>
      </object_component>
      <object_component id="oc-23d">
         <name>.common:READ_BYTE</name>
         <uninitialized>true</uninitialized>
         <run_address>0x316</run_address>
         <size>0x2</size>
      </object_component>
      <object_component id="oc-3bf">
         <name>.common:READ_TWO_BYTES</name>
         <uninitialized>true</uninitialized>
         <run_address>0x318</run_address>
         <size>0x2</size>
      </object_component>
      <object_component id="oc-1b7">
         <name>.common:i</name>
         <uninitialized>true</uninitialized>
         <run_address>0x356</run_address>
         <size>0x2</size>
      </object_component>
      <object_component id="oc-296">
         <name>.common:X_ST_ON_2g</name>
         <uninitialized>true</uninitialized>
         <run_address>0x32a</run_address>
         <size>0x2</size>
      </object_component>
      <object_component id="oc-297">
         <name>.common:Y_ST_ON_2g</name>
         <uninitialized>true</uninitialized>
         <run_address>0x33c</run_address>
         <size>0x2</size>
      </object_component>
      <object_component id="oc-298">
         <name>.common:Z_ST_ON_2g</name>
         <uninitialized>true</uninitialized>
         <run_address>0x34e</run_address>
         <size>0x2</size>
      </object_component>
      <object_component id="oc-29c">
         <name>.common:X_ST_ON_4g</name>
         <uninitialized>true</uninitialized>
         <run_address>0x32c</run_address>
         <size>0x2</size>
      </object_component>
      <object_component id="oc-29d">
         <name>.common:Y_ST_ON_4g</name>
         <uninitialized>true</uninitialized>
         <run_address>0x33e</run_address>
         <size>0x2</size>
      </object_component>
      <object_component id="oc-29e">
         <name>.common:Z_ST_ON_4g</name>
         <uninitialized>true</uninitialized>
         <run_address>0x350</run_address>
         <size>0x2</size>
      </object_component>
      <object_component id="oc-2a2">
         <name>.common:X_ST_ON_8g</name>
         <uninitialized>true</uninitialized>
         <run_address>0x32e</run_address>
         <size>0x2</size>
      </object_component>
      <object_component id="oc-2a3">
         <name>.common:Y_ST_ON_8g</name>
         <uninitialized>true</uninitialized>
         <run_address>0x340</run_address>
         <size>0x2</size>
      </object_component>
      <object_component id="oc-2a4">
         <name>.common:Z_ST_ON_8g</name>
         <uninitialized>true</uninitialized>
         <run_address>0x352</run_address>
         <size>0x2</size>
      </object_component>
      <object_component id="oc-287">
         <name>.common:X_ST_OFF_2g</name>
         <uninitialized>true</uninitialized>
         <run_address>0x324</run_address>
         <size>0x2</size>
      </object_component>
      <object_component id="oc-28e">
         <name>.common:Y_ST_OFF_2g</name>
         <uninitialized>true</uninitialized>
         <run_address>0x336</run_address>
         <size>0x2</size>
      </object_component>
      <object_component id="oc-295">
         <name>.common:Z_ST_OFF_2g</name>
         <uninitialized>true</uninitialized>
         <run_address>0x348</run_address>
         <size>0x2</size>
      </object_component>
      <object_component id="oc-299">
         <name>.common:X_ST_OFF_4g</name>
         <uninitialized>true</uninitialized>
         <run_address>0x326</run_address>
         <size>0x2</size>
      </object_component>
      <object_component id="oc-29a">
         <name>.common:Y_ST_OFF_4g</name>
         <uninitialized>true</uninitialized>
         <run_address>0x338</run_address>
         <size>0x2</size>
      </object_component>
      <object_component id="oc-29b">
         <name>.common:Z_ST_OFF_4g</name>
         <uninitialized>true</uninitialized>
         <run_address>0x34a</run_address>
         <size>0x2</size>
      </object_component>
      <object_component id="oc-29f">
         <name>.common:X_ST_OFF_8g</name>
         <uninitialized>true</uninitialized>
         <run_address>0x328</run_address>
         <size>0x2</size>
      </object_component>
      <object_component id="oc-2a0">
         <name>.common:Y_ST_OFF_8g</name>
         <uninitialized>true</uninitialized>
         <run_address>0x33a</run_address>
         <size>0x2</size>
      </object_component>
      <object_component id="oc-2a1">
         <name>.common:Z_ST_OFF_8g</name>
         <uninitialized>true</uninitialized>
         <run_address>0x34c</run_address>
         <size>0x2</size>
      </object_component>
      <object_component id="oc-2a5">
         <name>.common:X_ST_2g</name>
         <uninitialized>true</uninitialized>
         <run_address>0x31e</run_address>
         <size>0x2</size>
      </object_component>
      <object_component id="oc-2a6">
         <name>.common:Y_ST_2g</name>
         <uninitialized>true</uninitialized>
         <run_address>0x330</run_address>
         <size>0x2</size>
      </object_component>
      <object_component id="oc-2a7">
         <name>.common:Z_ST_2g</name>
         <uninitialized>true</uninitialized>
         <run_address>0x342</run_address>
         <size>0x2</size>
      </object_component>
      <object_component id="oc-2a8">
         <name>.common:X_ST_4g</name>
         <uninitialized>true</uninitialized>
         <run_address>0x320</run_address>
         <size>0x2</size>
      </object_component>
      <object_component id="oc-2a9">
         <name>.common:Y_ST_4g</name>
         <uninitialized>true</uninitialized>
         <run_address>0x332</run_address>
         <size>0x2</size>
      </object_component>
      <object_component id="oc-2aa">
         <name>.common:Z_ST_4g</name>
         <uninitialized>true</uninitialized>
         <run_address>0x344</run_address>
         <size>0x2</size>
      </object_component>
      <object_component id="oc-2ab">
         <name>.common:X_ST_8g</name>
         <uninitialized>true</uninitialized>
         <run_address>0x322</run_address>
         <size>0x2</size>
      </object_component>
      <object_component id="oc-2ac">
         <name>.common:Y_ST_8g</name>
         <uninitialized>true</uninitialized>
         <run_address>0x334</run_address>
         <size>0x2</size>
      </object_component>
      <object_component id="oc-2ad">
         <name>.common:Z_ST_8g</name>
         <uninitialized>true</uninitialized>
         <run_address>0x346</run_address>
         <size>0x2</size>
      </object_component>
      <object_component id="oc-14f">
         <name>.data</name>
         <load_address>0x234</load_address>
         <run_address>0x234</run_address>
         <size>0xa</size>
         <input_file_ref idref="fl-2"/>
      </object_component>
      <object_component id="oc-338">
         <name>.data:bubble_up6_r</name>
         <load_address>0x306</load_address>
         <run_address>0x306</run_address>
         <size>0x8</size>
         <input_file_ref idref="fl-2"/>
      </object_component>
      <object_component id="oc-329">
         <name>.data:bubble_up6_l</name>
         <load_address>0x2fe</load_address>
         <run_address>0x2fe</run_address>
         <size>0x8</size>
         <input_file_ref idref="fl-2"/>
      </object_component>
      <object_component id="oc-33e">
         <name>.data:bubble_up5_r</name>
         <load_address>0x2f6</load_address>
         <run_address>0x2f6</run_address>
         <size>0x8</size>
         <input_file_ref idref="fl-2"/>
      </object_component>
      <object_component id="oc-33b">
         <name>.data:bubble_up5_l</name>
         <load_address>0x2ee</load_address>
         <run_address>0x2ee</run_address>
         <size>0x8</size>
         <input_file_ref idref="fl-2"/>
      </object_component>
      <object_component id="oc-344">
         <name>.data:bubble_up4_r</name>
         <load_address>0x2e6</load_address>
         <run_address>0x2e6</run_address>
         <size>0x8</size>
         <input_file_ref idref="fl-2"/>
      </object_component>
      <object_component id="oc-341">
         <name>.data:bubble_up4_l</name>
         <load_address>0x2de</load_address>
         <run_address>0x2de</run_address>
         <size>0x8</size>
         <input_file_ref idref="fl-2"/>
      </object_component>
      <object_component id="oc-34a">
         <name>.data:bubble_up3_r</name>
         <load_address>0x2d6</load_address>
         <run_address>0x2d6</run_address>
         <size>0x8</size>
         <input_file_ref idref="fl-2"/>
      </object_component>
      <object_component id="oc-347">
         <name>.data:bubble_up3_l</name>
         <load_address>0x2ce</load_address>
         <run_address>0x2ce</run_address>
         <size>0x8</size>
         <input_file_ref idref="fl-2"/>
      </object_component>
      <object_component id="oc-350">
         <name>.data:bubble_up2_r</name>
         <load_address>0x2c6</load_address>
         <run_address>0x2c6</run_address>
         <size>0x8</size>
         <input_file_ref idref="fl-2"/>
      </object_component>
      <object_component id="oc-34d">
         <name>.data:bubble_up2_l</name>
         <load_address>0x2be</load_address>
         <run_address>0x2be</run_address>
         <size>0x8</size>
         <input_file_ref idref="fl-2"/>
      </object_component>
      <object_component id="oc-356">
         <name>.data:bubble_up1_r</name>
         <load_address>0x2b6</load_address>
         <run_address>0x2b6</run_address>
         <size>0x8</size>
         <input_file_ref idref="fl-2"/>
      </object_component>
      <object_component id="oc-353">
         <name>.data:bubble_up1_l</name>
         <load_address>0x2ae</load_address>
         <run_address>0x2ae</run_address>
         <size>0x8</size>
         <input_file_ref idref="fl-2"/>
      </object_component>
      <object_component id="oc-35c">
         <name>.data:bubble_mid_r</name>
         <load_address>0x2a6</load_address>
         <run_address>0x2a6</run_address>
         <size>0x8</size>
         <input_file_ref idref="fl-2"/>
      </object_component>
      <object_component id="oc-359">
         <name>.data:bubble_mid_l</name>
         <load_address>0x29e</load_address>
         <run_address>0x29e</run_address>
         <size>0x8</size>
         <input_file_ref idref="fl-2"/>
      </object_component>
      <object_component id="oc-362">
         <name>.data:bubble_down1_r</name>
         <load_address>0x246</load_address>
         <run_address>0x246</run_address>
         <size>0x8</size>
         <input_file_ref idref="fl-2"/>
      </object_component>
      <object_component id="oc-35f">
         <name>.data:bubble_down1_l</name>
         <load_address>0x23e</load_address>
         <run_address>0x23e</run_address>
         <size>0x8</size>
         <input_file_ref idref="fl-2"/>
      </object_component>
      <object_component id="oc-368">
         <name>.data:bubble_down2_r</name>
         <load_address>0x256</load_address>
         <run_address>0x256</run_address>
         <size>0x8</size>
         <input_file_ref idref="fl-2"/>
      </object_component>
      <object_component id="oc-365">
         <name>.data:bubble_down2_l</name>
         <load_address>0x24e</load_address>
         <run_address>0x24e</run_address>
         <size>0x8</size>
         <input_file_ref idref="fl-2"/>
      </object_component>
      <object_component id="oc-36e">
         <name>.data:bubble_down3_r</name>
         <load_address>0x266</load_address>
         <run_address>0x266</run_address>
         <size>0x8</size>
         <input_file_ref idref="fl-2"/>
      </object_component>
      <object_component id="oc-36b">
         <name>.data:bubble_down3_l</name>
         <load_address>0x25e</load_address>
         <run_address>0x25e</run_address>
         <size>0x8</size>
         <input_file_ref idref="fl-2"/>
      </object_component>
      <object_component id="oc-374">
         <name>.data:bubble_down4_r</name>
         <load_address>0x276</load_address>
         <run_address>0x276</run_address>
         <size>0x8</size>
         <input_file_ref idref="fl-2"/>
      </object_component>
      <object_component id="oc-371">
         <name>.data:bubble_down4_l</name>
         <load_address>0x26e</load_address>
         <run_address>0x26e</run_address>
         <size>0x8</size>
         <input_file_ref idref="fl-2"/>
      </object_component>
      <object_component id="oc-37a">
         <name>.data:bubble_down5_r</name>
         <load_address>0x286</load_address>
         <run_address>0x286</run_address>
         <size>0x8</size>
         <input_file_ref idref="fl-2"/>
      </object_component>
      <object_component id="oc-377">
         <name>.data:bubble_down5_l</name>
         <load_address>0x27e</load_address>
         <run_address>0x27e</run_address>
         <size>0x8</size>
         <input_file_ref idref="fl-2"/>
      </object_component>
      <object_component id="oc-380">
         <name>.data:bubble_down6_r</name>
         <load_address>0x296</load_address>
         <run_address>0x296</run_address>
         <size>0x8</size>
         <input_file_ref idref="fl-2"/>
      </object_component>
      <object_component id="oc-37d">
         <name>.data:bubble_down6_l</name>
         <load_address>0x28e</load_address>
         <run_address>0x28e</run_address>
         <size>0x8</size>
         <input_file_ref idref="fl-2"/>
      </object_component>
      <object_component id="oc-309">
         <name>.data</name>
         <load_address>0x233</load_address>
         <run_address>0x233</run_address>
         <size>0x1</size>
         <input_file_ref idref="fl-3"/>
      </object_component>
      <object_component id="oc-153">
         <name>.data</name>
         <load_address>0x30e</load_address>
         <run_address>0x30e</run_address>
         <size>0x7</size>
         <input_file_ref idref="fl-5"/>
      </object_component>
      <object_component id="oc-159">
         <name>.data:RX_BUFF</name>
         <load_address>0x200</load_address>
         <run_address>0x200</run_address>
         <size>0x14</size>
         <input_file_ref idref="fl-5"/>
      </object_component>
      <object_component id="oc-156">
         <name>.data:TX_BUFF</name>
         <load_address>0x214</load_address>
         <run_address>0x214</run_address>
         <size>0x14</size>
         <input_file_ref idref="fl-5"/>
      </object_component>
      <object_component id="oc-22e">
         <name>.data</name>
         <load_address>0x228</load_address>
         <run_address>0x228</run_address>
         <size>0xb</size>
         <input_file_ref idref="fl-6"/>
      </object_component>
      <object_component id="oc-b1">
         <name>.stack</name>
         <uninitialized>true</uninitialized>
         <run_address>0x3b0</run_address>
         <size>0x2</size>
         <input_file_ref idref="fl-32"/>
      </object_component>
      <object_component id="oc-454">
         <name>.stack</name>
         <uninitialized>true</uninitialized>
         <run_address>0x3b0</run_address>
         <size>0x0</size>
      </object_component>
      <object_component id="oc-2b3">
         <name>.text:bubble_state</name>
         <load_address>0xc000</load_address>
         <run_address>0xc000</run_address>
         <size>0x5e4</size>
         <input_file_ref idref="fl-2"/>
      </object_component>
      <object_component id="oc-1c7">
         <name>.text:mma_selftest</name>
         <load_address>0xc5e4</load_address>
         <run_address>0xc5e4</run_address>
         <size>0x42e</size>
         <input_file_ref idref="fl-6"/>
      </object_component>
      <object_component id="oc-1df">
         <name>.text:bubble_treshold</name>
         <load_address>0xca12</load_address>
         <run_address>0xca12</run_address>
         <size>0x3c6</size>
         <input_file_ref idref="fl-2"/>
      </object_component>
      <object_component id="oc-171">
         <name>.text:main</name>
         <load_address>0xcdd8</load_address>
         <run_address>0xcdd8</run_address>
         <size>0x2ee</size>
         <input_file_ref idref="fl-2"/>
      </object_component>
      <object_component id="oc-1d9">
         <name>.text:mma_enableTapInterrupt</name>
         <load_address>0xd0c6</load_address>
         <run_address>0xd0c6</run_address>
         <size>0x134</size>
         <input_file_ref idref="fl-6"/>
      </object_component>
      <object_component id="oc-320">
         <name>.text:mma_get14</name>
         <load_address>0xd1fa</load_address>
         <run_address>0xd1fa</run_address>
         <size>0xbe</size>
         <input_file_ref idref="fl-6"/>
      </object_component>
      <object_component id="oc-e7">
         <name>.text:USCIAB0TX_ISR</name>
         <load_address>0xd2b8</load_address>
         <run_address>0xd2b8</run_address>
         <size>0xa6</size>
         <input_file_ref idref="fl-5"/>
      </object_component>
      <object_component id="oc-1b1">
         <name>.text:lcd_init</name>
         <load_address>0xd35e</load_address>
         <run_address>0xd35e</run_address>
         <size>0x80</size>
         <input_file_ref idref="fl-3"/>
      </object_component>
      <object_component id="oc-34">
         <name>.text:decompress:lzss:__TI_decompress_lzss</name>
         <load_address>0xd3de</load_address>
         <run_address>0xd3de</run_address>
         <size>0x7c</size>
         <input_file_ref idref="fl-3a"/>
      </object_component>
      <object_component id="oc-23e">
         <name>.text:mma_setRange</name>
         <load_address>0xd45a</load_address>
         <run_address>0xd45a</run_address>
         <size>0x76</size>
         <input_file_ref idref="fl-6"/>
      </object_component>
      <object_component id="oc-302">
         <name>.text:lcd_SendNibble</name>
         <load_address>0xd4d0</load_address>
         <run_address>0xd4d0</run_address>
         <size>0x70</size>
         <input_file_ref idref="fl-3"/>
      </object_component>
      <object_component id="oc-1ab">
         <name>.text:mma_init</name>
         <load_address>0xd540</load_address>
         <run_address>0xd540</run_address>
         <size>0x64</size>
         <input_file_ref idref="fl-6"/>
      </object_component>
      <object_component id="oc-1d3">
         <name>.text:configure_gpio</name>
         <load_address>0xd5a4</load_address>
         <run_address>0xd5a4</run_address>
         <size>0x62</size>
         <input_file_ref idref="fl-6"/>
      </object_component>
      <object_component id="oc-2f9">
         <name>.text:i2c_read</name>
         <load_address>0xd606</load_address>
         <run_address>0xd606</run_address>
         <size>0x5e</size>
         <input_file_ref idref="fl-5"/>
      </object_component>
      <object_component id="oc-2f1">
         <name>.text:i2c_write</name>
         <load_address>0xd664</load_address>
         <run_address>0xd664</run_address>
         <size>0x5a</size>
         <input_file_ref idref="fl-5"/>
      </object_component>
      <object_component id="oc-1cd">
         <name>.text:mma_setResolution</name>
         <load_address>0xd6be</load_address>
         <run_address>0xd6be</run_address>
         <size>0x52</size>
         <input_file_ref idref="fl-6"/>
      </object_component>
      <object_component id="oc-f3">
         <name>.text:myTimerISR</name>
         <load_address>0xd710</load_address>
         <run_address>0xd710</run_address>
         <size>0x4c</size>
         <input_file_ref idref="fl-2"/>
      </object_component>
      <object_component id="oc-ba">
         <name>.text</name>
         <load_address>0xd75c</load_address>
         <run_address>0xd75c</run_address>
         <size>0x4c</size>
         <input_file_ref idref="fl-46"/>
      </object_component>
      <object_component id="oc-24b">
         <name>.text:lcd_func_set</name>
         <load_address>0xd7a8</load_address>
         <run_address>0xd7a8</run_address>
         <size>0x46</size>
         <input_file_ref idref="fl-3"/>
      </object_component>
      <object_component id="oc-1f2">
         <name>.text:__TI_auto_init_nobinit_nopinit:__TI_auto_init_nobinit_nopinit</name>
         <load_address>0xd7ee</load_address>
         <run_address>0xd7ee</run_address>
         <size>0x42</size>
         <input_file_ref idref="fl-33"/>
      </object_component>
      <object_component id="oc-228">
         <name>.text:i2c_init</name>
         <load_address>0xd830</load_address>
         <run_address>0xd830</run_address>
         <size>0x3e</size>
         <input_file_ref idref="fl-5"/>
      </object_component>
      <object_component id="oc-1c1">
         <name>.text:lcd_putText</name>
         <load_address>0xd86e</load_address>
         <run_address>0xd86e</run_address>
         <size>0x38</size>
         <input_file_ref idref="fl-3"/>
      </object_component>
      <object_component id="oc-332">
         <name>.text:lcd_cursorSet</name>
         <load_address>0xd8a6</load_address>
         <run_address>0xd8a6</run_address>
         <size>0x32</size>
         <input_file_ref idref="fl-3"/>
      </object_component>
      <object_component id="oc-32c">
         <name>.text:CreateCustomCharacter</name>
         <load_address>0xd8d8</load_address>
         <run_address>0xd8d8</run_address>
         <size>0x30</size>
         <input_file_ref idref="fl-3"/>
      </object_component>
      <object_component id="oc-3b9">
         <name>.text:mma8451q_read_two_bytes</name>
         <load_address>0xd908</load_address>
         <run_address>0xd908</run_address>
         <size>0x2c</size>
         <input_file_ref idref="fl-6"/>
      </object_component>
      <object_component id="oc-316">
         <name>.text</name>
         <load_address>0xd934</load_address>
         <run_address>0xd934</run_address>
         <size>0x2c</size>
         <input_file_ref idref="fl-22"/>
      </object_component>
      <object_component id="oc-3c0">
         <name>.text</name>
         <load_address>0xd960</load_address>
         <run_address>0xd960</run_address>
         <size>0x2c</size>
         <input_file_ref idref="fl-23"/>
      </object_component>
      <object_component id="oc-b5">
         <name>.text</name>
         <load_address>0xd98c</load_address>
         <run_address>0xd98c</run_address>
         <size>0x2c</size>
         <input_file_ref idref="fl-30"/>
      </object_component>
      <object_component id="oc-26c">
         <name>.text:lcd_SendByte</name>
         <load_address>0xd9b8</load_address>
         <run_address>0xd9b8</run_address>
         <size>0x2a</size>
         <input_file_ref idref="fl-3"/>
      </object_component>
      <object_component id="oc-237">
         <name>.text:mma8451q_read_byte</name>
         <load_address>0xd9e2</load_address>
         <run_address>0xd9e2</run_address>
         <size>0x28</size>
         <input_file_ref idref="fl-6"/>
      </object_component>
      <object_component id="oc-ed">
         <name>.text:USCIAB0RX_ISR</name>
         <load_address>0xda0a</load_address>
         <run_address>0xda0a</run_address>
         <size>0x26</size>
         <input_file_ref idref="fl-5"/>
      </object_component>
      <object_component id="oc-1a5">
         <name>.text:initMSP</name>
         <load_address>0xda30</load_address>
         <run_address>0xda30</run_address>
         <size>0x26</size>
         <input_file_ref idref="fl-7"/>
      </object_component>
      <object_component id="oc-245">
         <name>.text:lcd_pindir</name>
         <load_address>0xda56</load_address>
         <run_address>0xda56</run_address>
         <size>0x20</size>
         <input_file_ref idref="fl-3"/>
      </object_component>
      <object_component id="oc-10b">
         <name>.text:_c_int00_noargs</name>
         <load_address>0xda76</load_address>
         <run_address>0xda76</run_address>
         <size>0x1c</size>
         <input_file_ref idref="fl-32"/>
      </object_component>
      <object_component id="oc-e1">
         <name>.text:Port_1</name>
         <load_address>0xda92</load_address>
         <run_address>0xda92</run_address>
         <size>0x1a</size>
         <input_file_ref idref="fl-2"/>
      </object_component>
      <object_component id="oc-25d">
         <name>.text:lcd_cursorBlink</name>
         <load_address>0xdaac</load_address>
         <run_address>0xdaac</run_address>
         <size>0x1a</size>
         <input_file_ref idref="fl-3"/>
      </object_component>
      <object_component id="oc-30c">
         <name>.text:lcd_display_ctl</name>
         <load_address>0xdac6</load_address>
         <run_address>0xdac6</run_address>
         <size>0x1a</size>
         <input_file_ref idref="fl-3"/>
      </object_component>
      <object_component id="oc-257">
         <name>.text:lcd_cursorShow</name>
         <load_address>0xdae0</load_address>
         <run_address>0xdae0</run_address>
         <size>0x18</size>
         <input_file_ref idref="fl-3"/>
      </object_component>
      <object_component id="oc-231">
         <name>.text:mma8451q_write_cmd</name>
         <load_address>0xdaf8</load_address>
         <run_address>0xdaf8</run_address>
         <size>0x16</size>
         <input_file_ref idref="fl-6"/>
      </object_component>
      <object_component id="oc-40a">
         <name>.text</name>
         <load_address>0xdb0e</load_address>
         <run_address>0xdb0e</run_address>
         <size>0x16</size>
         <input_file_ref idref="fl-24"/>
      </object_component>
      <object_component id="oc-f9">
         <name>.text:decompress:ZI:__TI_zero_init_nomemset:__TI_zero_init_nomemset</name>
         <load_address>0xdb24</load_address>
         <run_address>0xdb24</run_address>
         <size>0x14</size>
         <input_file_ref idref="fl-34"/>
      </object_component>
      <object_component id="oc-251">
         <name>.text:lcd_enable</name>
         <load_address>0xdb38</load_address>
         <run_address>0xdb38</run_address>
         <size>0x14</size>
         <input_file_ref idref="fl-3"/>
      </object_component>
      <object_component id="oc-3a">
         <name>.text:decompress:none:__TI_decompress_none</name>
         <load_address>0xdb4c</load_address>
         <run_address>0xdb4c</run_address>
         <size>0x12</size>
         <input_file_ref idref="fl-39"/>
      </object_component>
      <object_component id="oc-cf">
         <name>.text:memcpy</name>
         <load_address>0xdb5e</load_address>
         <run_address>0xdb5e</run_address>
         <size>0x12</size>
         <input_file_ref idref="fl-43"/>
      </object_component>
      <object_component id="oc-279">
         <name>.text:str_len</name>
         <load_address>0xdb70</load_address>
         <run_address>0xdb70</run_address>
         <size>0x12</size>
         <input_file_ref idref="fl-3"/>
      </object_component>
      <object_component id="oc-bf">
         <name>.text</name>
         <load_address>0xdb82</load_address>
         <run_address>0xdb82</run_address>
         <size>0x10</size>
         <input_file_ref idref="fl-25"/>
      </object_component>
      <object_component id="oc-273">
         <name>.text:lcd_putChar</name>
         <load_address>0xdb92</load_address>
         <run_address>0xdb92</run_address>
         <size>0xe</size>
         <input_file_ref idref="fl-3"/>
      </object_component>
      <object_component id="oc-263">
         <name>.text:lcd_entry_mode</name>
         <load_address>0xdba0</load_address>
         <run_address>0xdba0</run_address>
         <size>0xc</size>
         <input_file_ref idref="fl-3"/>
      </object_component>
      <object_component id="oc-1ba">
         <name>.text:lcd_clear</name>
         <load_address>0xdbac</load_address>
         <run_address>0xdbac</run_address>
         <size>0xa</size>
         <input_file_ref idref="fl-3"/>
      </object_component>
      <object_component id="oc-288">
         <name>.text:mma_get14Y</name>
         <load_address>0xdbb6</load_address>
         <run_address>0xdbb6</run_address>
         <size>0xa</size>
         <input_file_ref idref="fl-6"/>
      </object_component>
      <object_component id="oc-28f">
         <name>.text:mma_get14Z</name>
         <load_address>0xdbc0</load_address>
         <run_address>0xdbc0</run_address>
         <size>0xa</size>
         <input_file_ref idref="fl-6"/>
      </object_component>
      <object_component id="oc-dc">
         <name>.text:_isr:__TI_ISR_TRAP</name>
         <load_address>0xdbca</load_address>
         <run_address>0xdbca</run_address>
         <size>0x8</size>
         <input_file_ref idref="fl-2f"/>
      </object_component>
      <object_component id="oc-281">
         <name>.text:mma_get14X</name>
         <load_address>0xdbd2</load_address>
         <run_address>0xdbd2</run_address>
         <size>0x8</size>
         <input_file_ref idref="fl-6"/>
      </object_component>
      <object_component id="oc-1e6">
         <name>.text:abort</name>
         <load_address>0xdbda</load_address>
         <run_address>0xdbda</run_address>
         <size>0x6</size>
         <input_file_ref idref="fl-40"/>
      </object_component>
      <object_component id="oc-16b">
         <name>.text:_system_pre_init</name>
         <load_address>0xdbe0</load_address>
         <run_address>0xdbe0</run_address>
         <size>0x4</size>
         <input_file_ref idref="fl-37"/>
      </object_component>
      <object_component id="oc-2cc">
         <name>.text:_system_post_cinit</name>
         <load_address>0xdbe4</load_address>
         <run_address>0xdbe4</run_address>
         <size>0x2</size>
         <input_file_ref idref="fl-38"/>
      </object_component>
      <object_component id="oc-453">
         <name>.cinit..data.load</name>
         <load_address>0xdc68</load_address>
         <run_address>0xdc68</run_address>
         <size>0x56</size>
      </object_component>
      <object_component id="oc-450">
         <name>__TI_handler_table</name>
         <load_address>0xdcbe</load_address>
         <run_address>0xdcbe</run_address>
         <size>0x6</size>
      </object_component>
      <object_component id="oc-452">
         <name>.cinit..bss.load</name>
         <load_address>0xdcc4</load_address>
         <run_address>0xdcc4</run_address>
         <size>0x4</size>
      </object_component>
      <object_component id="oc-451">
         <name>__TI_cinit_table</name>
         <load_address>0xdcc8</load_address>
         <run_address>0xdcc8</run_address>
         <size>0x8</size>
      </object_component>
      <object_component id="oc-1c0">
         <name>.const:.string</name>
         <load_address>0xdbe6</load_address>
         <run_address>0xdbe6</run_address>
         <size>0x82</size>
         <input_file_ref idref="fl-2"/>
      </object_component>
      <object_component id="oc-412">
         <name>.binit</name>
         <load_address>0xc000</load_address>
         <run_address>0xc000</run_address>
         <size>0x0</size>
      </object_component>
      <object_component id="oc-40">
         <name>.int00</name>
         <load_address>0xffe0</load_address>
         <run_address>0xffe0</run_address>
         <size>0x2</size>
         <input_file_ref idref="fl-26"/>
      </object_component>
      <object_component id="oc-41">
         <name>.int02</name>
         <load_address>0xffe4</load_address>
         <run_address>0xffe4</run_address>
         <size>0x2</size>
         <input_file_ref idref="fl-2"/>
      </object_component>
      <object_component id="oc-42">
         <name>.int03</name>
         <load_address>0xffe6</load_address>
         <run_address>0xffe6</run_address>
         <size>0x2</size>
         <input_file_ref idref="fl-27"/>
      </object_component>
      <object_component id="oc-43">
         <name>.int05</name>
         <load_address>0xffea</load_address>
         <run_address>0xffea</run_address>
         <size>0x2</size>
         <input_file_ref idref="fl-28"/>
      </object_component>
      <object_component id="oc-44">
         <name>.int06</name>
         <load_address>0xffec</load_address>
         <run_address>0xffec</run_address>
         <size>0x2</size>
         <input_file_ref idref="fl-5"/>
      </object_component>
      <object_component id="oc-45">
         <name>.int07</name>
         <load_address>0xffee</load_address>
         <run_address>0xffee</run_address>
         <size>0x2</size>
         <input_file_ref idref="fl-5"/>
      </object_component>
      <object_component id="oc-46">
         <name>.int08</name>
         <load_address>0xfff0</load_address>
         <run_address>0xfff0</run_address>
         <size>0x2</size>
         <input_file_ref idref="fl-29"/>
      </object_component>
      <object_component id="oc-47">
         <name>.int09</name>
         <load_address>0xfff2</load_address>
         <run_address>0xfff2</run_address>
         <size>0x2</size>
         <input_file_ref idref="fl-2a"/>
      </object_component>
      <object_component id="oc-48">
         <name>.int10</name>
         <load_address>0xfff4</load_address>
         <run_address>0xfff4</run_address>
         <size>0x2</size>
         <input_file_ref idref="fl-2b"/>
      </object_component>
      <object_component id="oc-49">
         <name>.int11</name>
         <load_address>0xfff6</load_address>
         <run_address>0xfff6</run_address>
         <size>0x2</size>
         <input_file_ref idref="fl-2c"/>
      </object_component>
      <object_component id="oc-4a">
         <name>.int12</name>
         <load_address>0xfff8</load_address>
         <run_address>0xfff8</run_address>
         <size>0x2</size>
         <input_file_ref idref="fl-2d"/>
      </object_component>
      <object_component id="oc-4b">
         <name>.int13</name>
         <load_address>0xfffa</load_address>
         <run_address>0xfffa</run_address>
         <size>0x2</size>
         <input_file_ref idref="fl-2"/>
      </object_component>
      <object_component id="oc-4c">
         <name>.int14</name>
         <load_address>0xfffc</load_address>
         <run_address>0xfffc</run_address>
         <size>0x2</size>
         <input_file_ref idref="fl-2e"/>
      </object_component>
      <object_component id="oc-b4">
         <name>.reset</name>
         <load_address>0xfffe</load_address>
         <run_address>0xfffe</run_address>
         <size>0x2</size>
         <input_file_ref idref="fl-32"/>
      </object_component>
      <object_component id="oc-15f">
         <name>.debug_info</name>
         <load_address>0x0</load_address>
         <run_address>0x0</run_address>
         <size>0x503</size>
         <input_file_ref idref="fl-2"/>
      </object_component>
      <object_component id="oc-150">
         <name>.debug_info</name>
         <load_address>0x503</load_address>
         <run_address>0x503</run_address>
         <size>0x17a</size>
         <input_file_ref idref="fl-2"/>
      </object_component>
      <object_component id="oc-339">
         <name>.debug_info</name>
         <load_address>0x67d</load_address>
         <run_address>0x67d</run_address>
         <size>0x11c</size>
         <input_file_ref idref="fl-2"/>
      </object_component>
      <object_component id="oc-32a">
         <name>.debug_info</name>
         <load_address>0x799</load_address>
         <run_address>0x799</run_address>
         <size>0x11c</size>
         <input_file_ref idref="fl-2"/>
      </object_component>
      <object_component id="oc-33f">
         <name>.debug_info</name>
         <load_address>0x8b5</load_address>
         <run_address>0x8b5</run_address>
         <size>0x11c</size>
         <input_file_ref idref="fl-2"/>
      </object_component>
      <object_component id="oc-33c">
         <name>.debug_info</name>
         <load_address>0x9d1</load_address>
         <run_address>0x9d1</run_address>
         <size>0x11c</size>
         <input_file_ref idref="fl-2"/>
      </object_component>
      <object_component id="oc-345">
         <name>.debug_info</name>
         <load_address>0xaed</load_address>
         <run_address>0xaed</run_address>
         <size>0x11c</size>
         <input_file_ref idref="fl-2"/>
      </object_component>
      <object_component id="oc-342">
         <name>.debug_info</name>
         <load_address>0xc09</load_address>
         <run_address>0xc09</run_address>
         <size>0x11c</size>
         <input_file_ref idref="fl-2"/>
      </object_component>
      <object_component id="oc-34b">
         <name>.debug_info</name>
         <load_address>0xd25</load_address>
         <run_address>0xd25</run_address>
         <size>0x11c</size>
         <input_file_ref idref="fl-2"/>
      </object_component>
      <object_component id="oc-348">
         <name>.debug_info</name>
         <load_address>0xe41</load_address>
         <run_address>0xe41</run_address>
         <size>0x11c</size>
         <input_file_ref idref="fl-2"/>
      </object_component>
      <object_component id="oc-351">
         <name>.debug_info</name>
         <load_address>0xf5d</load_address>
         <run_address>0xf5d</run_address>
         <size>0x11c</size>
         <input_file_ref idref="fl-2"/>
      </object_component>
      <object_component id="oc-34e">
         <name>.debug_info</name>
         <load_address>0x1079</load_address>
         <run_address>0x1079</run_address>
         <size>0x11c</size>
         <input_file_ref idref="fl-2"/>
      </object_component>
      <object_component id="oc-357">
         <name>.debug_info</name>
         <load_address>0x1195</load_address>
         <run_address>0x1195</run_address>
         <size>0x11c</size>
         <input_file_ref idref="fl-2"/>
      </object_component>
      <object_component id="oc-354">
         <name>.debug_info</name>
         <load_address>0x12b1</load_address>
         <run_address>0x12b1</run_address>
         <size>0x11c</size>
         <input_file_ref idref="fl-2"/>
      </object_component>
      <object_component id="oc-35d">
         <name>.debug_info</name>
         <load_address>0x13cd</load_address>
         <run_address>0x13cd</run_address>
         <size>0x11c</size>
         <input_file_ref idref="fl-2"/>
      </object_component>
      <object_component id="oc-35a">
         <name>.debug_info</name>
         <load_address>0x14e9</load_address>
         <run_address>0x14e9</run_address>
         <size>0x11c</size>
         <input_file_ref idref="fl-2"/>
      </object_component>
      <object_component id="oc-363">
         <name>.debug_info</name>
         <load_address>0x1605</load_address>
         <run_address>0x1605</run_address>
         <size>0x120</size>
         <input_file_ref idref="fl-2"/>
      </object_component>
      <object_component id="oc-360">
         <name>.debug_info</name>
         <load_address>0x1725</load_address>
         <run_address>0x1725</run_address>
         <size>0x120</size>
         <input_file_ref idref="fl-2"/>
      </object_component>
      <object_component id="oc-369">
         <name>.debug_info</name>
         <load_address>0x1845</load_address>
         <run_address>0x1845</run_address>
         <size>0x120</size>
         <input_file_ref idref="fl-2"/>
      </object_component>
      <object_component id="oc-366">
         <name>.debug_info</name>
         <load_address>0x1965</load_address>
         <run_address>0x1965</run_address>
         <size>0x120</size>
         <input_file_ref idref="fl-2"/>
      </object_component>
      <object_component id="oc-36f">
         <name>.debug_info</name>
         <load_address>0x1a85</load_address>
         <run_address>0x1a85</run_address>
         <size>0x120</size>
         <input_file_ref idref="fl-2"/>
      </object_component>
      <object_component id="oc-36c">
         <name>.debug_info</name>
         <load_address>0x1ba5</load_address>
         <run_address>0x1ba5</run_address>
         <size>0x120</size>
         <input_file_ref idref="fl-2"/>
      </object_component>
      <object_component id="oc-375">
         <name>.debug_info</name>
         <load_address>0x1cc5</load_address>
         <run_address>0x1cc5</run_address>
         <size>0x120</size>
         <input_file_ref idref="fl-2"/>
      </object_component>
      <object_component id="oc-372">
         <name>.debug_info</name>
         <load_address>0x1de5</load_address>
         <run_address>0x1de5</run_address>
         <size>0x120</size>
         <input_file_ref idref="fl-2"/>
      </object_component>
      <object_component id="oc-37b">
         <name>.debug_info</name>
         <load_address>0x1f05</load_address>
         <run_address>0x1f05</run_address>
         <size>0x120</size>
         <input_file_ref idref="fl-2"/>
      </object_component>
      <object_component id="oc-378">
         <name>.debug_info</name>
         <load_address>0x2025</load_address>
         <run_address>0x2025</run_address>
         <size>0x120</size>
         <input_file_ref idref="fl-2"/>
      </object_component>
      <object_component id="oc-381">
         <name>.debug_info</name>
         <load_address>0x2145</load_address>
         <run_address>0x2145</run_address>
         <size>0x120</size>
         <input_file_ref idref="fl-2"/>
      </object_component>
      <object_component id="oc-37e">
         <name>.debug_info</name>
         <load_address>0x2265</load_address>
         <run_address>0x2265</run_address>
         <size>0x120</size>
         <input_file_ref idref="fl-2"/>
      </object_component>
      <object_component id="oc-f5">
         <name>.debug_info</name>
         <load_address>0x2385</load_address>
         <run_address>0x2385</run_address>
         <size>0x143</size>
         <input_file_ref idref="fl-2"/>
      </object_component>
      <object_component id="oc-2b5">
         <name>.debug_info</name>
         <load_address>0x24c8</load_address>
         <run_address>0x24c8</run_address>
         <size>0xeeb</size>
         <input_file_ref idref="fl-2"/>
      </object_component>
      <object_component id="oc-1e1">
         <name>.debug_info</name>
         <load_address>0x33b3</load_address>
         <run_address>0x33b3</run_address>
         <size>0x2ed</size>
         <input_file_ref idref="fl-2"/>
      </object_component>
      <object_component id="oc-173">
         <name>.debug_info</name>
         <load_address>0x36a0</load_address>
         <run_address>0x36a0</run_address>
         <size>0x347</size>
         <input_file_ref idref="fl-2"/>
      </object_component>
      <object_component id="oc-e3">
         <name>.debug_info</name>
         <load_address>0x39e7</load_address>
         <run_address>0x39e7</run_address>
         <size>0x13b</size>
         <input_file_ref idref="fl-2"/>
      </object_component>
      <object_component id="oc-ca">
         <name>.debug_info</name>
         <load_address>0x3b22</load_address>
         <run_address>0x3b22</run_address>
         <size>0x84</size>
         <input_file_ref idref="fl-2"/>
      </object_component>
      <object_component id="oc-280">
         <name>.debug_info</name>
         <load_address>0x3ba6</load_address>
         <run_address>0x3ba6</run_address>
         <size>0x1fe</size>
         <input_file_ref idref="fl-3"/>
      </object_component>
      <object_component id="oc-30a">
         <name>.debug_info</name>
         <load_address>0x3da4</load_address>
         <run_address>0x3da4</run_address>
         <size>0x11c</size>
         <input_file_ref idref="fl-3"/>
      </object_component>
      <object_component id="oc-27b">
         <name>.debug_info</name>
         <load_address>0x3ec0</load_address>
         <run_address>0x3ec0</run_address>
         <size>0x181</size>
         <input_file_ref idref="fl-3"/>
      </object_component>
      <object_component id="oc-304">
         <name>.debug_info</name>
         <load_address>0x4041</load_address>
         <run_address>0x4041</run_address>
         <size>0x1a2</size>
         <input_file_ref idref="fl-3"/>
      </object_component>
      <object_component id="oc-26e">
         <name>.debug_info</name>
         <load_address>0x41e3</load_address>
         <run_address>0x41e3</run_address>
         <size>0x1eb</size>
         <input_file_ref idref="fl-3"/>
      </object_component>
      <object_component id="oc-274">
         <name>.debug_info</name>
         <load_address>0x43ce</load_address>
         <run_address>0x43ce</run_address>
         <size>0x17e</size>
         <input_file_ref idref="fl-3"/>
      </object_component>
      <object_component id="oc-1c2">
         <name>.debug_info</name>
         <load_address>0x454c</load_address>
         <run_address>0x454c</run_address>
         <size>0x1b0</size>
         <input_file_ref idref="fl-3"/>
      </object_component>
      <object_component id="oc-248">
         <name>.debug_info</name>
         <load_address>0x46fc</load_address>
         <run_address>0x46fc</run_address>
         <size>0x16c</size>
         <input_file_ref idref="fl-3"/>
      </object_component>
      <object_component id="oc-24d">
         <name>.debug_info</name>
         <load_address>0x4868</load_address>
         <run_address>0x4868</run_address>
         <size>0x1b9</size>
         <input_file_ref idref="fl-3"/>
      </object_component>
      <object_component id="oc-30d">
         <name>.debug_info</name>
         <load_address>0x4a21</load_address>
         <run_address>0x4a21</run_address>
         <size>0x19d</size>
         <input_file_ref idref="fl-3"/>
      </object_component>
      <object_component id="oc-252">
         <name>.debug_info</name>
         <load_address>0x4bbe</load_address>
         <run_address>0x4bbe</run_address>
         <size>0x171</size>
         <input_file_ref idref="fl-3"/>
      </object_component>
      <object_component id="oc-258">
         <name>.debug_info</name>
         <load_address>0x4d2f</load_address>
         <run_address>0x4d2f</run_address>
         <size>0x186</size>
         <input_file_ref idref="fl-3"/>
      </object_component>
      <object_component id="oc-25e">
         <name>.debug_info</name>
         <load_address>0x4eb5</load_address>
         <run_address>0x4eb5</run_address>
         <size>0x188</size>
         <input_file_ref idref="fl-3"/>
      </object_component>
      <object_component id="oc-1bb">
         <name>.debug_info</name>
         <load_address>0x503d</load_address>
         <run_address>0x503d</run_address>
         <size>0x15f</size>
         <input_file_ref idref="fl-3"/>
      </object_component>
      <object_component id="oc-265">
         <name>.debug_info</name>
         <load_address>0x519c</load_address>
         <run_address>0x519c</run_address>
         <size>0x169</size>
         <input_file_ref idref="fl-3"/>
      </object_component>
      <object_component id="oc-1b3">
         <name>.debug_info</name>
         <load_address>0x5305</load_address>
         <run_address>0x5305</run_address>
         <size>0x1d2</size>
         <input_file_ref idref="fl-3"/>
      </object_component>
      <object_component id="oc-333">
         <name>.debug_info</name>
         <load_address>0x54d7</load_address>
         <run_address>0x54d7</run_address>
         <size>0x1a2</size>
         <input_file_ref idref="fl-3"/>
      </object_component>
      <object_component id="oc-32e">
         <name>.debug_info</name>
         <load_address>0x5679</load_address>
         <run_address>0x5679</run_address>
         <size>0x1f7</size>
         <input_file_ref idref="fl-3"/>
      </object_component>
      <object_component id="oc-19c">
         <name>.debug_info</name>
         <load_address>0x5870</load_address>
         <run_address>0x5870</run_address>
         <size>0x3af</size>
         <input_file_ref idref="fl-5"/>
      </object_component>
      <object_component id="oc-154">
         <name>.debug_info</name>
         <load_address>0x5c1f</load_address>
         <run_address>0x5c1f</run_address>
         <size>0x1d8</size>
         <input_file_ref idref="fl-5"/>
      </object_component>
      <object_component id="oc-15a">
         <name>.debug_info</name>
         <load_address>0x5df7</load_address>
         <run_address>0x5df7</run_address>
         <size>0x116</size>
         <input_file_ref idref="fl-5"/>
      </object_component>
      <object_component id="oc-157">
         <name>.debug_info</name>
         <load_address>0x5f0d</load_address>
         <run_address>0x5f0d</run_address>
         <size>0x116</size>
         <input_file_ref idref="fl-5"/>
      </object_component>
      <object_component id="oc-2f2">
         <name>.debug_info</name>
         <load_address>0x6023</load_address>
         <run_address>0x6023</run_address>
         <size>0x1c6</size>
         <input_file_ref idref="fl-5"/>
      </object_component>
      <object_component id="oc-2fb">
         <name>.debug_info</name>
         <load_address>0x61e9</load_address>
         <run_address>0x61e9</run_address>
         <size>0x19e</size>
         <input_file_ref idref="fl-5"/>
      </object_component>
      <object_component id="oc-22b">
         <name>.debug_info</name>
         <load_address>0x6387</load_address>
         <run_address>0x6387</run_address>
         <size>0x16c</size>
         <input_file_ref idref="fl-5"/>
      </object_component>
      <object_component id="oc-e9">
         <name>.debug_info</name>
         <load_address>0x64f3</load_address>
         <run_address>0x64f3</run_address>
         <size>0x16a</size>
         <input_file_ref idref="fl-5"/>
      </object_component>
      <object_component id="oc-ef">
         <name>.debug_info</name>
         <load_address>0x665d</load_address>
         <run_address>0x665d</run_address>
         <size>0x155</size>
         <input_file_ref idref="fl-5"/>
      </object_component>
      <object_component id="oc-1b8">
         <name>.debug_info</name>
         <load_address>0x67b2</load_address>
         <run_address>0x67b2</run_address>
         <size>0x85e</size>
         <input_file_ref idref="fl-6"/>
      </object_component>
      <object_component id="oc-22f">
         <name>.debug_info</name>
         <load_address>0x7010</load_address>
         <run_address>0x7010</run_address>
         <size>0x2de</size>
         <input_file_ref idref="fl-6"/>
      </object_component>
      <object_component id="oc-232">
         <name>.debug_info</name>
         <load_address>0x72ee</load_address>
         <run_address>0x72ee</run_address>
         <size>0x1ae</size>
         <input_file_ref idref="fl-6"/>
      </object_component>
      <object_component id="oc-1ce">
         <name>.debug_info</name>
         <load_address>0x749c</load_address>
         <run_address>0x749c</run_address>
         <size>0x1fb</size>
         <input_file_ref idref="fl-6"/>
      </object_component>
      <object_component id="oc-23f">
         <name>.debug_info</name>
         <load_address>0x7697</load_address>
         <run_address>0x7697</run_address>
         <size>0x1f6</size>
         <input_file_ref idref="fl-6"/>
      </object_component>
      <object_component id="oc-238">
         <name>.debug_info</name>
         <load_address>0x788d</load_address>
         <run_address>0x788d</run_address>
         <size>0x1b2</size>
         <input_file_ref idref="fl-6"/>
      </object_component>
      <object_component id="oc-3ba">
         <name>.debug_info</name>
         <load_address>0x7a3f</load_address>
         <run_address>0x7a3f</run_address>
         <size>0x1bc</size>
         <input_file_ref idref="fl-6"/>
      </object_component>
      <object_component id="oc-321">
         <name>.debug_info</name>
         <load_address>0x7bfb</load_address>
         <run_address>0x7bfb</run_address>
         <size>0x282</size>
         <input_file_ref idref="fl-6"/>
      </object_component>
      <object_component id="oc-282">
         <name>.debug_info</name>
         <load_address>0x7e7d</load_address>
         <run_address>0x7e7d</run_address>
         <size>0x165</size>
         <input_file_ref idref="fl-6"/>
      </object_component>
      <object_component id="oc-289">
         <name>.debug_info</name>
         <load_address>0x7fe2</load_address>
         <run_address>0x7fe2</run_address>
         <size>0x165</size>
         <input_file_ref idref="fl-6"/>
      </object_component>
      <object_component id="oc-290">
         <name>.debug_info</name>
         <load_address>0x8147</load_address>
         <run_address>0x8147</run_address>
         <size>0x165</size>
         <input_file_ref idref="fl-6"/>
      </object_component>
      <object_component id="oc-1c8">
         <name>.debug_info</name>
         <load_address>0x82ac</load_address>
         <run_address>0x82ac</run_address>
         <size>0x4b7</size>
         <input_file_ref idref="fl-6"/>
      </object_component>
      <object_component id="oc-1ac">
         <name>.debug_info</name>
         <load_address>0x8763</load_address>
         <run_address>0x8763</run_address>
         <size>0x1d6</size>
         <input_file_ref idref="fl-6"/>
      </object_component>
      <object_component id="oc-1da">
         <name>.debug_info</name>
         <load_address>0x8939</load_address>
         <run_address>0x8939</run_address>
         <size>0x267</size>
         <input_file_ref idref="fl-6"/>
      </object_component>
      <object_component id="oc-1d4">
         <name>.debug_info</name>
         <load_address>0x8ba0</load_address>
         <run_address>0x8ba0</run_address>
         <size>0x156</size>
         <input_file_ref idref="fl-6"/>
      </object_component>
      <object_component id="oc-1a8">
         <name>.debug_info</name>
         <load_address>0x8cf6</load_address>
         <run_address>0x8cf6</run_address>
         <size>0x163</size>
         <input_file_ref idref="fl-7"/>
      </object_component>
      <object_component id="oc-317">
         <name>.debug_info</name>
         <load_address>0x8e59</load_address>
         <run_address>0x8e59</run_address>
         <size>0x120</size>
         <input_file_ref idref="fl-22"/>
      </object_component>
      <object_component id="oc-3c3">
         <name>.debug_info</name>
         <load_address>0x8f79</load_address>
         <run_address>0x8f79</run_address>
         <size>0x135</size>
         <input_file_ref idref="fl-23"/>
      </object_component>
      <object_component id="oc-40c">
         <name>.debug_info</name>
         <load_address>0x90ae</load_address>
         <run_address>0x90ae</run_address>
         <size>0x121</size>
         <input_file_ref idref="fl-24"/>
      </object_component>
      <object_component id="oc-c2">
         <name>.debug_info</name>
         <load_address>0x91cf</load_address>
         <run_address>0x91cf</run_address>
         <size>0x12e</size>
         <input_file_ref idref="fl-25"/>
      </object_component>
      <object_component id="oc-de">
         <name>.debug_info</name>
         <load_address>0x92fd</load_address>
         <run_address>0x92fd</run_address>
         <size>0x10f</size>
         <input_file_ref idref="fl-2f"/>
      </object_component>
      <object_component id="oc-b7">
         <name>.debug_info</name>
         <load_address>0x940c</load_address>
         <run_address>0x940c</run_address>
         <size>0x120</size>
         <input_file_ref idref="fl-30"/>
      </object_component>
      <object_component id="oc-b2">
         <name>.debug_info</name>
         <load_address>0x952c</load_address>
         <run_address>0x952c</run_address>
         <size>0x100</size>
         <input_file_ref idref="fl-32"/>
      </object_component>
      <object_component id="oc-10c">
         <name>.debug_info</name>
         <load_address>0x962c</load_address>
         <run_address>0x962c</run_address>
         <size>0x17a</size>
         <input_file_ref idref="fl-32"/>
      </object_component>
      <object_component id="oc-2d3">
         <name>.debug_info</name>
         <load_address>0x97a6</load_address>
         <run_address>0x97a6</run_address>
         <size>0x3de</size>
         <input_file_ref idref="fl-33"/>
      </object_component>
      <object_component id="oc-1f6">
         <name>.debug_info</name>
         <load_address>0x9b84</load_address>
         <run_address>0x9b84</run_address>
         <size>0x1e0</size>
         <input_file_ref idref="fl-33"/>
      </object_component>
      <object_component id="oc-39b">
         <name>.debug_info</name>
         <load_address>0x9d64</load_address>
         <run_address>0x9d64</run_address>
         <size>0x39</size>
         <input_file_ref idref="fl-33"/>
      </object_component>
      <object_component id="oc-3ac">
         <name>.debug_info</name>
         <load_address>0x9d9d</load_address>
         <run_address>0x9d9d</run_address>
         <size>0x2c</size>
         <input_file_ref idref="fl-33"/>
      </object_component>
      <object_component id="oc-2de">
         <name>.debug_info</name>
         <load_address>0x9dc9</load_address>
         <run_address>0x9dc9</run_address>
         <size>0x2c</size>
         <input_file_ref idref="fl-33"/>
      </object_component>
      <object_component id="oc-3a0">
         <name>.debug_info</name>
         <load_address>0x9df5</load_address>
         <run_address>0x9df5</run_address>
         <size>0xcd</size>
         <input_file_ref idref="fl-33"/>
      </object_component>
      <object_component id="oc-169">
         <name>.debug_info</name>
         <load_address>0x9ec2</load_address>
         <run_address>0x9ec2</run_address>
         <size>0x175</size>
         <input_file_ref idref="fl-34"/>
      </object_component>
      <object_component id="oc-fb">
         <name>.debug_info</name>
         <load_address>0xa037</load_address>
         <run_address>0xa037</run_address>
         <size>0x1d2</size>
         <input_file_ref idref="fl-34"/>
      </object_component>
      <object_component id="oc-164">
         <name>.debug_info</name>
         <load_address>0xa209</load_address>
         <run_address>0xa209</run_address>
         <size>0x46</size>
         <input_file_ref idref="fl-34"/>
      </object_component>
      <object_component id="oc-142">
         <name>.debug_info</name>
         <load_address>0xa24f</load_address>
         <run_address>0xa24f</run_address>
         <size>0x2c</size>
         <input_file_ref idref="fl-34"/>
      </object_component>
      <object_component id="oc-16c">
         <name>.debug_info</name>
         <load_address>0xa27b</load_address>
         <run_address>0xa27b</run_address>
         <size>0x153</size>
         <input_file_ref idref="fl-37"/>
      </object_component>
      <object_component id="oc-2cf">
         <name>.debug_info</name>
         <load_address>0xa3ce</load_address>
         <run_address>0xa3ce</run_address>
         <size>0x150</size>
         <input_file_ref idref="fl-38"/>
      </object_component>
      <object_component id="oc-db">
         <name>.debug_info</name>
         <load_address>0xa51e</load_address>
         <run_address>0xa51e</run_address>
         <size>0x180</size>
         <input_file_ref idref="fl-39"/>
      </object_component>
      <object_component id="oc-3d">
         <name>.debug_info</name>
         <load_address>0xa69e</load_address>
         <run_address>0xa69e</run_address>
         <size>0x1ea</size>
         <input_file_ref idref="fl-39"/>
      </object_component>
      <object_component id="oc-d6">
         <name>.debug_info</name>
         <load_address>0xa888</load_address>
         <run_address>0xa888</run_address>
         <size>0x46</size>
         <input_file_ref idref="fl-39"/>
      </object_component>
      <object_component id="oc-147">
         <name>.debug_info</name>
         <load_address>0xa8ce</load_address>
         <run_address>0xa8ce</run_address>
         <size>0x2c</size>
         <input_file_ref idref="fl-39"/>
      </object_component>
      <object_component id="oc-13f">
         <name>.debug_info</name>
         <load_address>0xa8fa</load_address>
         <run_address>0xa8fa</run_address>
         <size>0x176</size>
         <input_file_ref idref="fl-3a"/>
      </object_component>
      <object_component id="oc-38">
         <name>.debug_info</name>
         <load_address>0xaa70</load_address>
         <run_address>0xaa70</run_address>
         <size>0x292</size>
         <input_file_ref idref="fl-3a"/>
      </object_component>
      <object_component id="oc-c5">
         <name>.debug_info</name>
         <load_address>0xad02</load_address>
         <run_address>0xad02</run_address>
         <size>0x60</size>
         <input_file_ref idref="fl-3a"/>
      </object_component>
      <object_component id="oc-18d">
         <name>.debug_info</name>
         <load_address>0xad62</load_address>
         <run_address>0xad62</run_address>
         <size>0x46</size>
         <input_file_ref idref="fl-3a"/>
      </object_component>
      <object_component id="oc-13a">
         <name>.debug_info</name>
         <load_address>0xada8</load_address>
         <run_address>0xada8</run_address>
         <size>0x39</size>
         <input_file_ref idref="fl-3a"/>
      </object_component>
      <object_component id="oc-1e7">
         <name>.debug_info</name>
         <load_address>0xade1</load_address>
         <run_address>0xade1</run_address>
         <size>0x122</size>
         <input_file_ref idref="fl-40"/>
      </object_component>
      <object_component id="oc-141">
         <name>.debug_info</name>
         <load_address>0xaf03</load_address>
         <run_address>0xaf03</run_address>
         <size>0x181</size>
         <input_file_ref idref="fl-43"/>
      </object_component>
      <object_component id="oc-d0">
         <name>.debug_info</name>
         <load_address>0xb084</load_address>
         <run_address>0xb084</run_address>
         <size>0x17a</size>
         <input_file_ref idref="fl-43"/>
      </object_component>
      <object_component id="oc-bd">
         <name>.debug_info</name>
         <load_address>0xb1fe</load_address>
         <run_address>0xb1fe</run_address>
         <size>0x120</size>
         <input_file_ref idref="fl-46"/>
      </object_component>
      <object_component id="oc-455">
         <name>.debug_info</name>
         <load_address>0xb31e</load_address>
         <run_address>0xb31e</run_address>
         <size>0xe3</size>
      </object_component>
      <object_component id="oc-1a1">
         <name>.debug_line</name>
         <load_address>0x0</load_address>
         <run_address>0x0</run_address>
         <size>0xa3</size>
         <input_file_ref idref="fl-2"/>
      </object_component>
      <object_component id="oc-197">
         <name>.debug_line</name>
         <load_address>0xa3</load_address>
         <run_address>0xa3</run_address>
         <size>0x2d</size>
         <input_file_ref idref="fl-2"/>
      </object_component>
      <object_component id="oc-3cb">
         <name>.debug_line</name>
         <load_address>0xd0</load_address>
         <run_address>0xd0</run_address>
         <size>0x2d</size>
         <input_file_ref idref="fl-2"/>
      </object_component>
      <object_component id="oc-3c7">
         <name>.debug_line</name>
         <load_address>0xfd</load_address>
         <run_address>0xfd</run_address>
         <size>0x2d</size>
         <input_file_ref idref="fl-2"/>
      </object_component>
      <object_component id="oc-3cf">
         <name>.debug_line</name>
         <load_address>0x12a</load_address>
         <run_address>0x12a</run_address>
         <size>0x2d</size>
         <input_file_ref idref="fl-2"/>
      </object_component>
      <object_component id="oc-3cd">
         <name>.debug_line</name>
         <load_address>0x157</load_address>
         <run_address>0x157</run_address>
         <size>0x2d</size>
[...]
      </symbol>
      <symbol id="sm-3a5">
         <name>Y_ST_ON_4g</name>
         <value>0x33e</value>
      </symbol>
      <symbol id="sm-3a6">
         <name>Z_ST_ON_4g</name>
         <value>0x350</value>
      </symbol>
      <symbol id="sm-3a7">
         <name>X_ST_ON_8g</name>
         <value>0x32e</value>
      </symbol>
      <symbol id="sm-3a8">
         <name>Y_ST_ON_8g</name>
         <value>0x340</value>
      </symbol>
      <symbol id="sm-3a9">
         <name>Z_ST_ON_8g</name>
         <value>0x352</value>
      </symbol>
      <symbol id="sm-3aa">
         <name>X_ST_OFF_2g</name>
         <value>0x324</value>
      </symbol>
      <symbol id="sm-3ab">
         <name>Y_ST_OFF_2g</name>
         <value>0x336</value>
      </symbol>
      <symbol id="sm-3ac">
         <name>Z_ST_OFF_2g</name>
         <value>0x348</value>
      </symbol>
      <symbol id="sm-3ad">
         <name>X_ST_OFF_4g</name>
         <value>0x326</value>
      </symbol>
      <symbol id="sm-3ae">
         <name>Y_ST_OFF_4g</name>
         <value>0x338</value>
      </symbol>
      <symbol id="sm-3af">
         <name>Z_ST_OFF_4g</name>
         <value>0x34a</value>
      </symbol>
      <symbol id="sm-3b0">
         <name>X_ST_OFF_8g</name>
         <value>0x328</value>
      </symbol>
      <symbol id="sm-3b1">
         <name>Y_ST_OFF_8g</name>
         <value>0x33a</value>
      </symbol>
      <symbol id="sm-3b2">
         <name>Z_ST_OFF_8g</name>
         <value>0x34c</value>
      </symbol>
      <symbol id="sm-3b3">
         <name>X_ST_2g</name>
         <value>0x31e</value>
      </symbol>
      <symbol id="sm-3b4">
         <name>Y_ST_2g</name>
         <value>0x330</value>
      </symbol>
      <symbol id="sm-3b5">
         <name>Z_ST_2g</name>
         <value>0x342</value>
      </symbol>
      <symbol id="sm-3b6">
         <name>X_ST_4g</name>
         <value>0x320</value>
      </symbol>
      <symbol id="sm-3b7">
         <name>Y_ST_4g</name>
         <value>0x332</value>
      </symbol>
      <symbol id="sm-3b8">
         <name>Z_ST_4g</name>
         <value>0x344</value>
      </symbol>
      <symbol id="sm-3b9">
         <name>X_ST_8g</name>
         <value>0x322</value>
      </symbol>
      <symbol id="sm-3ba">
         <name>Y_ST_8g</name>
         <value>0x334</value>
      </symbol>
      <symbol id="sm-3bb">
         <name>Z_ST_8g</name>
         <value>0x346</value>
      </symbol>
      <symbol id="sm-3bc">
         <name>configure_gpio</name>
         <value>0xd5a4</value>
         <object_component_ref idref="oc-1d3"/>
      </symbol>
      <symbol id="sm-3bd">
         <name>CMD_PULSE_CFG</name>
         <value>0x22b</value>
         <object_component_ref idref="oc-22e"/>
      </symbol>
      <symbol id="sm-3be">
         <name>CMD_CTRL_REG5</name>
         <value>0x22e</value>
         <object_component_ref idref="oc-22e"/>
      </symbol>
      <symbol id="sm-3bf">
         <name>CMD_CTRL_REG4</name>
         <value>0x22d</value>
         <object_component_ref idref="oc-22e"/>
      </symbol>
      <symbol id="sm-3c0">
         <name>CMD_CTRL_REG1</name>
         <value>0x228</value>
         <object_component_ref idref="oc-22e"/>
      </symbol>
      <symbol id="sm-3c1">
         <name>CMD_CTRL_REG3</name>
         <value>0x22c</value>
         <object_component_ref idref="oc-22e"/>
      </symbol>
      <symbol id="sm-3c2">
         <name>CMD_CTRL_REG2</name>
         <value>0x229</value>
         <object_component_ref idref="oc-22e"/>
      </symbol>
      <symbol id="sm-3c3">
         <name>mma_selftest</name>
         <value>0xc5e4</value>
         <object_component_ref idref="oc-1c7"/>
      </symbol>
      <symbol id="sm-3c4">
         <name>mma8451q_write_cmd</name>
         <value>0xdaf8</value>
         <object_component_ref idref="oc-231"/>
      </symbol>
      <symbol id="sm-3c5">
         <name>mma8451q_read_two_bytes</name>
         <value>0xd908</value>
         <object_component_ref idref="oc-3b9"/>
      </symbol>
      <symbol id="sm-3c6">
         <name>mma_get14Z</name>
         <value>0xdbc0</value>
         <object_component_ref idref="oc-28f"/>
      </symbol>
      <symbol id="sm-3c7">
         <name>mma_get14Y</name>
         <value>0xdbb6</value>
         <object_component_ref idref="oc-288"/>
      </symbol>
      <symbol id="sm-3c8">
         <name>mma_get14X</name>
         <value>0xdbd2</value>
         <object_component_ref idref="oc-281"/>
      </symbol>
      <symbol id="sm-3c9">
         <name>CMD_PULSE_TMLT</name>
         <value>0x231</value>
         <object_component_ref idref="oc-22e"/>
      </symbol>
      <symbol id="sm-3ca">
         <name>mma_setResolution</name>
         <value>0xd6be</value>
         <object_component_ref idref="oc-1cd"/>
      </symbol>
      <symbol id="sm-3cb">
         <name>CMD_XYZ_DATA_CFG</name>
         <value>0x22a</value>
         <object_component_ref idref="oc-22e"/>
      </symbol>
      <symbol id="sm-3cc">
         <name>CMD_PULSE_WIND</name>
         <value>0x232</value>
         <object_component_ref idref="oc-22e"/>
      </symbol>
      <symbol id="sm-3cd">
         <name>mma_enableTapInterrupt</name>
         <value>0xd0c6</value>
         <object_component_ref idref="oc-1d9"/>
      </symbol>
      <symbol id="sm-3ce">
         <name>mma_setRange</name>
         <value>0xd45a</value>
         <object_component_ref idref="oc-23e"/>
      </symbol>
      <symbol id="sm-3cf">
         <name>CMD_PULSE_LTCY</name>
         <value>0x22f</value>
         <object_component_ref idref="oc-22e"/>
      </symbol>
      <symbol id="sm-3d0">
         <name>mma8451q_read_byte</name>
         <value>0xd9e2</value>
         <object_component_ref idref="oc-237"/>
      </symbol>
      <symbol id="sm-3d1">
         <name>mma_get14</name>
         <value>0xd1fa</value>
         <object_component_ref idref="oc-320"/>
      </symbol>
      <symbol id="sm-3d2">
         <name>mma_init</name>
         <value>0xd540</value>
         <object_component_ref idref="oc-1ab"/>
      </symbol>
      <symbol id="sm-3d3">
         <name>CMD_PULSE_THSZ</name>
         <value>0x230</value>
         <object_component_ref idref="oc-22e"/>
      </symbol>
      <symbol id="sm-3de">
         <name>initMSP</name>
         <value>0xda30</value>
         <object_component_ref idref="oc-1a5"/>
      </symbol>
      <symbol id="sm-3e6">
         <name>__mspabi_srai</name>
         <value>0xd934</value>
         <object_component_ref idref="oc-316"/>
      </symbol>
      <symbol id="sm-3e7">
         <name>__mspabi_srai_8</name>
         <value>0xd94e</value>
         <object_component_ref idref="oc-316"/>
      </symbol>
      <symbol id="sm-3e8">
         <name>__mspabi_srai_9</name>
         <value>0xd94c</value>
         <object_component_ref idref="oc-316"/>
      </symbol>
      <symbol id="sm-3e9">
         <name>__mspabi_srai_6</name>
         <value>0xd952</value>
         <object_component_ref idref="oc-316"/>
      </symbol>
      <symbol id="sm-3ea">
         <name>__mspabi_srai_7</name>
         <value>0xd950</value>
         <object_component_ref idref="oc-316"/>
      </symbol>
      <symbol id="sm-3eb">
         <name>__mspabi_srai_4</name>
         <value>0xd956</value>
         <object_component_ref idref="oc-316"/>
      </symbol>
      <symbol id="sm-3ec">
         <name>__mspabi_srai_5</name>
         <value>0xd954</value>
         <object_component_ref idref="oc-316"/>
      </symbol>
      <symbol id="sm-3ed">
         <name>__mspabi_srai_2</name>
         <value>0xd95a</value>
         <object_component_ref idref="oc-316"/>
      </symbol>
      <symbol id="sm-3ee">
         <name>__mspabi_srai_3</name>
         <value>0xd958</value>
         <object_component_ref idref="oc-316"/>
      </symbol>
      <symbol id="sm-3ef">
         <name>__mspabi_srai_1</name>
         <value>0xd95c</value>
         <object_component_ref idref="oc-316"/>
      </symbol>
      <symbol id="sm-3f0">
         <name>__mspabi_srai_15</name>
         <value>0xd940</value>
         <object_component_ref idref="oc-316"/>
      </symbol>
      <symbol id="sm-3f1">
         <name>__mspabi_srai_14</name>
         <value>0xd942</value>
         <object_component_ref idref="oc-316"/>
      </symbol>
      <symbol id="sm-3f2">
         <name>__mspabi_srai_13</name>
         <value>0xd944</value>
         <object_component_ref idref="oc-316"/>
      </symbol>
      <symbol id="sm-3f3">
         <name>__mspabi_srai_12</name>
         <value>0xd946</value>
         <object_component_ref idref="oc-316"/>
      </symbol>
      <symbol id="sm-3f4">
         <name>__mspabi_srai_11</name>
         <value>0xd948</value>
         <object_component_ref idref="oc-316"/>
      </symbol>
      <symbol id="sm-3f5">
         <name>__mspabi_srai_10</name>
         <value>0xd94a</value>
         <object_component_ref idref="oc-316"/>
      </symbol>
      <symbol id="sm-401">
         <name>__mspabi_remi</name>
         <value>0xd960</value>
         <object_component_ref idref="oc-3c0"/>
      </symbol>
      <symbol id="sm-402">
         <name>__mspabi_divi</name>
         <value>0xd960</value>
         <object_component_ref idref="oc-3c0"/>
      </symbol>
      <symbol id="sm-40c">
         <name>__mspabi_remu</name>
         <value>0xdb0e</value>
         <object_component_ref idref="oc-40a"/>
      </symbol>
      <symbol id="sm-40d">
         <name>__mspabi_divu</name>
         <value>0xdb0e</value>
         <object_component_ref idref="oc-40a"/>
      </symbol>
      <symbol id="sm-416">
         <name>__mspabi_func_epilog_2</name>
         <value>0xdb8c</value>
         <object_component_ref idref="oc-bf"/>
      </symbol>
      <symbol id="sm-417">
         <name>__mspabi_func_epilog_3</name>
         <value>0xdb8a</value>
         <object_component_ref idref="oc-bf"/>
      </symbol>
      <symbol id="sm-418">
         <name>__mspabi_func_epilog_1</name>
         <value>0xdb8e</value>
         <object_component_ref idref="oc-bf"/>
      </symbol>
      <symbol id="sm-419">
         <name>__mspabi_func_epilog_6</name>
         <value>0xdb84</value>
         <object_component_ref idref="oc-bf"/>
      </symbol>
      <symbol id="sm-41a">
         <name>__mspabi_func_epilog_7</name>
         <value>0xdb82</value>
         <object_component_ref idref="oc-bf"/>
      </symbol>
      <symbol id="sm-41b">
         <name>__mspabi_func_epilog_4</name>
         <value>0xdb88</value>
         <object_component_ref idref="oc-bf"/>
      </symbol>
      <symbol id="sm-41c">
         <name>__mspabi_func_epilog_5</name>
         <value>0xdb86</value>
         <object_component_ref idref="oc-bf"/>
      </symbol>
      <symbol id="sm-41f">
         <name>__TI_int00</name>
         <value>0xffe0</value>
         <object_component_ref idref="oc-40"/>
      </symbol>
      <symbol id="sm-422">
         <name>__TI_int03</name>
         <value>0xffe6</value>
         <object_component_ref idref="oc-42"/>
      </symbol>
      <symbol id="sm-425">
         <name>__TI_int05</name>
         <value>0xffea</value>
         <object_component_ref idref="oc-43"/>
      </symbol>
      <symbol id="sm-428">
         <name>__TI_int08</name>
         <value>0xfff0</value>
         <object_component_ref idref="oc-46"/>
      </symbol>
      <symbol id="sm-42b">
         <name>__TI_int09</name>
         <value>0xfff2</value>
         <object_component_ref idref="oc-47"/>
      </symbol>
      <symbol id="sm-42e">
         <name>__TI_int10</name>
         <value>0xfff4</value>
         <object_component_ref idref="oc-48"/>
      </symbol>
      <symbol id="sm-431">
         <name>__TI_int11</name>
         <value>0xfff6</value>
         <object_component_ref idref="oc-49"/>
      </symbol>
      <symbol id="sm-434">
         <name>__TI_int12</name>
         <value>0xfff8</value>
         <object_component_ref idref="oc-4a"/>
      </symbol>
      <symbol id="sm-437">
         <name>__TI_int14</name>
         <value>0xfffc</value>
         <object_component_ref idref="oc-4c"/>
      </symbol>
      <symbol id="sm-43f">
         <name>__TI_ISR_TRAP</name>
         <value>0xdbca</value>
         <object_component_ref idref="oc-dc"/>
      </symbol>
      <symbol id="sm-447">
         <name>__mspabi_slli</name>
         <value>0xd98c</value>
         <object_component_ref idref="oc-b5"/>
      </symbol>
      <symbol id="sm-448">
         <name>__mspabi_slli_9</name>
         <value>0xd9a4</value>
         <object_component_ref idref="oc-b5"/>
      </symbol>
      <symbol id="sm-449">
         <name>__mspabi_slli_8</name>
         <value>0xd9a6</value>
         <object_component_ref idref="oc-b5"/>
      </symbol>
      <symbol id="sm-44a">
         <name>__mspabi_slli_7</name>
         <value>0xd9a8</value>
         <object_component_ref idref="oc-b5"/>
      </symbol>
      <symbol id="sm-44b">
         <name>__mspabi_slli_6</name>
         <value>0xd9aa</value>
         <object_component_ref idref="oc-b5"/>
      </symbol>
      <symbol id="sm-44c">
         <name>__mspabi_slli_5</name>
         <value>0xd9ac</value>
         <object_component_ref idref="oc-b5"/>
      </symbol>
      <symbol id="sm-44d">
         <name>__mspabi_slli_4</name>
         <value>0xd9ae</value>
         <object_component_ref idref="oc-b5"/>
      </symbol>
      <symbol id="sm-44e">
         <name>__mspabi_slli_3</name>
         <value>0xd9b0</value>
         <object_component_ref idref="oc-b5"/>
      </symbol>
      <symbol id="sm-44f">
         <name>__mspabi_slli_2</name>
         <value>0xd9b2</value>
         <object_component_ref idref="oc-b5"/>
      </symbol>
      <symbol id="sm-450">
         <name>__mspabi_slli_1</name>
         <value>0xd9b4</value>
         <object_component_ref idref="oc-b5"/>
      </symbol>
      <symbol id="sm-451">
         <name>__mspabi_slli_15</name>
         <value>0xd998</value>
         <object_component_ref idref="oc-b5"/>
      </symbol>
      <symbol id="sm-452">
         <name>__mspabi_slli_14</name>
         <value>0xd99a</value>
         <object_component_ref idref="oc-b5"/>
      </symbol>
      <symbol id="sm-453">
         <name>__mspabi_slli_13</name>
         <value>0xd99c</value>
         <object_component_ref idref="oc-b5"/>
      </symbol>
      <symbol id="sm-454">
         <name>__mspabi_slli_12</name>
         <value>0xd99e</value>
         <object_component_ref idref="oc-b5"/>
      </symbol>
      <symbol id="sm-455">
         <name>__mspabi_slli_11</name>
         <value>0xd9a0</value>
         <object_component_ref idref="oc-b5"/>
      </symbol>
      <symbol id="sm-456">
         <name>__mspabi_slli_10</name>
         <value>0xd9a2</value>
         <object_component_ref idref="oc-b5"/>
      </symbol>
      <symbol id="sm-467">
         <name>_stack</name>
         <value>0x3b0</value>
         <object_component_ref idref="oc-b1"/>
      </symbol>
      <symbol id="sm-468">
         <name>_c_int00_noargs</name>
         <value>0xda76</value>
         <object_component_ref idref="oc-10b"/>
      </symbol>
      <symbol id="sm-469">
         <name>_reset_vector</name>
         <value>0xfffe</value>
         <object_component_ref idref="oc-b4"/>
      </symbol>
      <symbol id="sm-48b">
         <name>__TI_auto_init_nobinit_nopinit</name>
         <value>0xd7ee</value>
         <object_component_ref idref="oc-1f2"/>
      </symbol>
      <symbol id="sm-4a3">
         <name>__TI_zero_init_nomemset</name>
         <value>0xdb24</value>
         <object_component_ref idref="oc-f9"/>
      </symbol>
      <symbol id="sm-4ae">
         <name>_system_pre_init</name>
         <value>0xdbe0</value>
         <object_component_ref idref="oc-16b"/>
      </symbol>
      <symbol id="sm-4b7">
         <name>_system_post_cinit</name>
         <value>0xdbe4</value>
         <object_component_ref idref="oc-2cc"/>
      </symbol>
      <symbol id="sm-4cd">
         <name>__TI_decompress_none</name>
         <value>0xdb4c</value>
         <object_component_ref idref="oc-3a"/>
      </symbol>
      <symbol id="sm-4f0">
         <name>__TI_decompress_lzss</name>
         <value>0xd3de</value>
         <object_component_ref idref="oc-34"/>
      </symbol>
      <symbol id="sm-4ff">
         <name>C$$EXIT</name>
         <value>0xdbda</value>
         <object_component_ref idref="oc-1e6"/>
      </symbol>
      <symbol id="sm-500">
         <name>abort</name>
         <value>0xdbda</value>
         <object_component_ref idref="oc-1e6"/>
      </symbol>
      <symbol id="sm-510">
         <name>memcpy</name>
         <value>0xdb5e</value>
         <object_component_ref idref="oc-cf"/>
      </symbol>
      <symbol id="sm-51a">
         <name>__mspabi_srli_8</name>
         <value>0xd786</value>
         <object_component_ref idref="oc-ba"/>
      </symbol>
      <symbol id="sm-51b">
         <name>__mspabi_srli_9</name>
         <value>0xd782</value>
         <object_component_ref idref="oc-ba"/>
      </symbol>
      <symbol id="sm-51c">
         <name>__mspabi_srli_6</name>
         <value>0xd78e</value>
         <object_component_ref idref="oc-ba"/>
      </symbol>
      <symbol id="sm-51d">
         <name>__mspabi_srli_7</name>
         <value>0xd78a</value>
         <object_component_ref idref="oc-ba"/>
      </symbol>
      <symbol id="sm-51e">
         <name>__mspabi_srli_4</name>
         <value>0xd796</value>
         <object_component_ref idref="oc-ba"/>
      </symbol>
      <symbol id="sm-51f">
         <name>__mspabi_srli_5</name>
         <value>0xd792</value>
         <object_component_ref idref="oc-ba"/>
      </symbol>
      <symbol id="sm-520">
         <name>__mspabi_srli_2</name>
         <value>0xd79e</value>
         <object_component_ref idref="oc-ba"/>
      </symbol>
      <symbol id="sm-521">
         <name>__mspabi_srli_3</name>
         <value>0xd79a</value>
         <object_component_ref idref="oc-ba"/>
      </symbol>
      <symbol id="sm-522">
         <name>__mspabi_srli_1</name>
         <value>0xd7a2</value>
         <object_component_ref idref="oc-ba"/>
      </symbol>
      <symbol id="sm-523">
         <name>__mspabi_srli</name>
         <value>0xd75c</value>
         <object_component_ref idref="oc-ba"/>
      </symbol>
      <symbol id="sm-524">
         <name>__mspabi_srli_15</name>
         <value>0xd76a</value>
         <object_component_ref idref="oc-ba"/>
      </symbol>
      <symbol id="sm-525">
         <name>__mspabi_srli_14</name>
         <value>0xd76e</value>
         <object_component_ref idref="oc-ba"/>
      </symbol>
      <symbol id="sm-526">
         <name>__mspabi_srli_13</name>
         <value>0xd772</value>
         <object_component_ref idref="oc-ba"/>
      </symbol>
      <symbol id="sm-527">
         <name>__mspabi_srli_12</name>
         <value>0xd776</value>
         <object_component_ref idref="oc-ba"/>
      </symbol>
      <symbol id="sm-528">
         <name>__mspabi_srli_11</name>
         <value>0xd77a</value>
         <object_component_ref idref="oc-ba"/>
      </symbol>
      <symbol id="sm-529">
         <name>__mspabi_srli_10</name>
         <value>0xd77e</value>
         <object_component_ref idref="oc-ba"/>
      </symbol>
   </symbol_table>
   <title>Link successful</title>
</link_info>
