******************************************************************************
                  MSP430 Linker PC v21.6.0                     
******************************************************************************
>> Linked Sat Jun 11 22:28:25 2022

OUTPUT FILE NAME:   <Exercise_[3]_[Altinordu].out>
ENTRY POINT SYMBOL: "_c_int00_noargs"  address: 0000da76


MEMORY CONFIGURATION

         name            origin    length      used     unused   attr    fill
----------------------  --------  ---------  --------  --------  ----  --------
  SFR                   00000000   00000010  00000000  00000010  RWIX
  PERIPHERALS_8BIT      00000010   000000f0  00000000  000000f0  RWIX
  PERIPHERALS_16BIT     00000100   00000100  00000000  00000100  RWIX
  RAM                   00000200   00000200  000001ac  00000054  RWIX
  INFOD                 00001000   00000040  00000000  00000040  RWIX
  INFOC                 00001040   00000040  00000000  00000040  RWIX
  INFOB                 00001080   00000040  00000000  00000040  RWIX
  INFOA                 000010c0   00000040  00000000  00000040  RWIX
  FLASH                 0000c000   00003fde  00001cd0  0000230e  RWIX
  BSLSIGNATURE          0000ffde   00000002  00000002  00000000  RWIX  ffff 
  INT00                 0000ffe0   00000002  00000002  00000000  RWIX
  INT01                 0000ffe2   00000002  00000000  00000002  RWIX
  INT02                 0000ffe4   00000002  00000002  00000000  RWIX
  INT03                 0000ffe6   00000002  00000002  00000000  RWIX
  INT04                 0000ffe8   00000002  00000000  00000002  RWIX
  INT05                 0000ffea   00000002  00000002  00000000  RWIX
  INT06                 0000ffec   00000002  00000002  00000000  RWIX
  INT07                 0000ffee   00000002  00000002  00000000  RWIX
  INT08                 0000fff0   00000002  00000002  00000000  RWIX
  INT09                 0000fff2   00000002  00000002  00000000  RWIX
  INT10                 0000fff4   00000002  00000002  00000000  RWIX
  INT11                 0000fff6   00000002  00000002  00000000  RWIX
  INT12                 0000fff8   00000002  00000002  00000000  RWIX
  INT13                 0000fffa   00000002  00000002  00000000  RWIX
  INT14                 0000fffc   00000002  00000002  00000000  RWIX
  RESET                 0000fffe   00000002  00000002  00000000  RWIX


SECTION ALLOCATION MAP

 output                                  attributes/
section   page    origin      length       input sections
--------  ----  ----------  ----------   ----------------
.data      0    00000200    00000115     UNINITIALIZED
                  00000200    00000014     i2c.obj (.data:RX_BUFF)
                  00000214    00000014     i2c.obj (.data:TX_BUFF)
                  00000228    0000000b     mma.obj (.data)
                  00000233    00000001     LCD.obj (.data)
                  00000234    0000000a     main.obj (.data)
                  0000023e    00000008     main.obj (.data:bubble_down1_l)
                  00000246    00000008     main.obj (.data:bubble_down1_r)
                  0000024e    00000008     main.obj (.data:bubble_down2_l)
                  00000256    00000008     main.obj (.data:bubble_down2_r)
                  0000025e    00000008     main.obj (.data:bubble_down3_l)
                  00000266    00000008     main.obj (.data:bubble_down3_r)
                  0000026e    00000008     main.obj (.data:bubble_down4_l)
                  00000276    00000008     main.obj (.data:bubble_down4_r)
                  0000027e    00000008     main.obj (.data:bubble_down5_l)
                  00000286    00000008     main.obj (.data:bubble_down5_r)
                  0000028e    00000008     main.obj (.data:bubble_down6_l)
                  00000296    00000008     main.obj (.data:bubble_down6_r)
                  0000029e    00000008     main.obj (.data:bubble_mid_l)
                  000002a6    00000008     main.obj (.data:bubble_mid_r)
                  000002ae    00000008     main.obj (.data:bubble_up1_l)
                  000002b6    00000008     main.obj (.data:bubble_up1_r)
                  000002be    00000008     main.obj (.data:bubble_up2_l)
                  000002c6    00000008     main.obj (.data:bubble_up2_r)
                  000002ce    00000008     main.obj (.data:bubble_up3_l)
                  000002d6    00000008     main.obj (.data:bubble_up3_r)
                  000002de    00000008     main.obj (.data:bubble_up4_l)
                  000002e6    00000008     main.obj (.data:bubble_up4_r)
                  000002ee    00000008     main.obj (.data:bubble_up5_l)
                  000002f6    00000008     main.obj (.data:bubble_up5_r)
                  000002fe    00000008     main.obj (.data:bubble_up6_l)
                  00000306    00000008     main.obj (.data:bubble_up6_r)
                  0000030e    00000007     i2c.obj (.data)

.bss       0    00000316    00000047     UNINITIALIZED
                  00000316    00000002     (.common:READ_BYTE)
                  00000318    00000002     (.common:READ_TWO_BYTES)
                  0000031a    00000002     (.common:SEND_CMD)
                  0000031c    00000002     (.common:SEND_REG)
                  0000031e    00000002     (.common:X_ST_2g)
                  00000320    00000002     (.common:X_ST_4g)
                  00000322    00000002     (.common:X_ST_8g)
                  00000324    00000002     (.common:X_ST_OFF_2g)
                  00000326    00000002     (.common:X_ST_OFF_4g)
                  00000328    00000002     (.common:X_ST_OFF_8g)
                  0000032a    00000002     (.common:X_ST_ON_2g)
                  0000032c    00000002     (.common:X_ST_ON_4g)
                  0000032e    00000002     (.common:X_ST_ON_8g)
                  00000330    00000002     (.common:Y_ST_2g)
                  00000332    00000002     (.common:Y_ST_4g)
                  00000334    00000002     (.common:Y_ST_8g)
                  00000336    00000002     (.common:Y_ST_OFF_2g)
                  00000338    00000002     (.common:Y_ST_OFF_4g)
                  0000033a    00000002     (.common:Y_ST_OFF_8g)
                  0000033c    00000002     (.common:Y_ST_ON_2g)
                  0000033e    00000002     (.common:Y_ST_ON_4g)
                  00000340    00000002     (.common:Y_ST_ON_8g)
                  00000342    00000002     (.common:Z_ST_2g)
                  00000344    00000002     (.common:Z_ST_4g)
                  00000346    00000002     (.common:Z_ST_8g)
                  00000348    00000002     (.common:Z_ST_OFF_2g)
                  0000034a    00000002     (.common:Z_ST_OFF_4g)
                  0000034c    00000002     (.common:Z_ST_OFF_8g)
                  0000034e    00000002     (.common:Z_ST_ON_2g)
                  00000350    00000002     (.common:Z_ST_ON_4g)
                  00000352    00000002     (.common:Z_ST_ON_8g)
                  00000354    00000002     (.common:acc)
                  00000356    00000002     (.common:i)
                  00000358    00000002     (.common:state)
                  0000035a    00000002     (.common:state_mem)
                  0000035c    00000001     (.common:COPY_IDX)

.stack     0    000003b0    00000050     UNINITIALIZED
                  000003b0    00000002     rts430_eabi.lib : boot.c.obj (.stack)
                  000003b2    0000004e     --HOLE--

.text      0    0000c000    00001be6     
                  0000c000    000005e4     main.obj (.text:bubble_state)
                  0000c5e4    0000042e     mma.obj (.text:mma_selftest)
                  0000ca12    000003c6     main.obj (.text:bubble_treshold)
                  0000cdd8    000002ee     main.obj (.text:main)
                  0000d0c6    00000134     mma.obj (.text:mma_enableTapInterrupt)
                  0000d1fa    000000be     mma.obj (.text:mma_get14)
                  0000d2b8    000000a6     i2c.obj (.text:USCIAB0TX_ISR)
                  0000d35e    00000080     LCD.obj (.text:lcd_init)
                  0000d3de    0000007c     rts430_eabi.lib : copy_decompress_lzss.c.obj (.text:decompress:lzss:__TI_decompress_lzss)
                  0000d45a    00000076     mma.obj (.text:mma_setRange)
                  0000d4d0    00000070     LCD.obj (.text:lcd_SendNibble)
                  0000d540    00000064     mma.obj (.text:mma_init)
                  0000d5a4    00000062     mma.obj (.text:configure_gpio)
                  0000d606    0000005e     i2c.obj (.text:i2c_read)
                  0000d664    0000005a     i2c.obj (.text:i2c_write)
                  0000d6be    00000052     mma.obj (.text:mma_setResolution)
                  0000d710    0000004c     main.obj (.text:myTimerISR)
                  0000d75c    0000004c     rts430_eabi.lib : lsr16.asm.obj (.text)
                  0000d7a8    00000046     LCD.obj (.text:lcd_func_set)
                  0000d7ee    00000042     rts430_eabi.lib : autoinit.c.obj (.text:__TI_auto_init_nobinit_nopinit:__TI_auto_init_nobinit_nopinit)
                  0000d830    0000003e     i2c.obj (.text:i2c_init)
                  0000d86e    00000038     LCD.obj (.text:lcd_putText)
                  0000d8a6    00000032     LCD.obj (.text:lcd_cursorSet)
                  0000d8d8    00000030     LCD.obj (.text:CreateCustomCharacter)
                  0000d908    0000002c     mma.obj (.text:mma8451q_read_two_bytes)
                  0000d934    0000002c     rts430_eabi.lib : asr16.asm.obj (.text)
                  0000d960    0000002c                     : div16s.asm.obj (.text)
                  0000d98c    0000002c                     : lsl16.asm.obj (.text)
                  0000d9b8    0000002a     LCD.obj (.text:lcd_SendByte)
                  0000d9e2    00000028     mma.obj (.text:mma8451q_read_byte)
                  0000da0a    00000026     i2c.obj (.text:USCIAB0RX_ISR)
                  0000da30    00000026     templateEMP.obj (.text:initMSP)
                  0000da56    00000020     LCD.obj (.text:lcd_pindir)
                  0000da76    0000001c     rts430_eabi.lib : boot.c.obj (.text:_c_int00_noargs)
                  0000da92    0000001a     main.obj (.text:Port_1)
                  0000daac    0000001a     LCD.obj (.text:lcd_cursorBlink)
                  0000dac6    0000001a     LCD.obj (.text:lcd_display_ctl)
                  0000dae0    00000018     LCD.obj (.text:lcd_cursorShow)
                  0000daf8    00000016     mma.obj (.text:mma8451q_write_cmd)
                  0000db0e    00000016     rts430_eabi.lib : div16u.asm.obj (.text)
                  0000db24    00000014                     : copy_zero_init.c.obj (.text:decompress:ZI:__TI_zero_init_nomemset:__TI_zero_init_nomemset)
                  0000db38    00000014     LCD.obj (.text:lcd_enable)
                  0000db4c    00000012     rts430_eabi.lib : copy_decompress_none.c.obj (.text:decompress:none:__TI_decompress_none)
                  0000db5e    00000012                     : memcpy.c.obj (.text:memcpy)
                  0000db70    00000012     LCD.obj (.text:str_len)
                  0000db82    00000010     rts430_eabi.lib : epilog.asm.obj (.text)
                  0000db92    0000000e     LCD.obj (.text:lcd_putChar)
                  0000dba0    0000000c     LCD.obj (.text:lcd_entry_mode)
                  0000dbac    0000000a     LCD.obj (.text:lcd_clear)
                  0000dbb6    0000000a     mma.obj (.text:mma_get14Y)
                  0000dbc0    0000000a     mma.obj (.text:mma_get14Z)
                  0000dbca    00000008     rts430_eabi.lib : isr_trap.asm.obj (.text:_isr:__TI_ISR_TRAP)
                  0000dbd2    00000008     mma.obj (.text:mma_get14X)
                  0000dbda    00000006     rts430_eabi.lib : exit.c.obj (.text:abort)
                  0000dbe0    00000004                     : pre_init.c.obj (.text:_system_pre_init)
                  0000dbe4    00000002                     : startup.c.obj (.text:_system_post_cinit)

.const     0    0000dbe6    00000082     
                  0000dbe6    00000082     main.obj (.const:.string)

.cinit     0    0000dc68    00000068     
                  0000dc68    00000056     (.cinit..data.load) [load image, compression = lzss]
                  0000dcbe    00000006     (__TI_handler_table)
                  0000dcc4    00000004     (.cinit..bss.load) [load image, compression = zero_init]
                  0000dcc8    00000008     (__TI_cinit_table)

.binit     0    0000c000    00000000     

.init_array 
*          0    0000c000    00000000     UNINITIALIZED

TRAPINT    0    0000ffe0    00000002     
                  0000ffe0    00000002     rts430_eabi.lib : int00.asm.obj (.int00)

PORT1      0    0000ffe4    00000002     
                  0000ffe4    00000002     main.obj (.int02)

PORT2      0    0000ffe6    00000002     
                  0000ffe6    00000002     rts430_eabi.lib : int03.asm.obj (.int03)

ADC10      0    0000ffea    00000002     
                  0000ffea    00000002     rts430_eabi.lib : int05.asm.obj (.int05)

USCIAB0TX 
*          0    0000ffec    00000002     
                  0000ffec    00000002     i2c.obj (.int06)

USCIAB0RX 
*          0    0000ffee    00000002     
                  0000ffee    00000002     i2c.obj (.int07)

TIMER0_A1 
*          0    0000fff0    00000002     
                  0000fff0    00000002     rts430_eabi.lib : int08.asm.obj (.int08)

TIMER0_A0 
*          0    0000fff2    00000002     
                  0000fff2    00000002     rts430_eabi.lib : int09.asm.obj (.int09)

WDT        0    0000fff4    00000002     
                  0000fff4    00000002     rts430_eabi.lib : int10.asm.obj (.int10)

COMPARATORA 
*          0    0000fff6    00000002     
                  0000fff6    00000002     rts430_eabi.lib : int11.asm.obj (.int11)

TIMER1_A1 
*          0    0000fff8    00000002     
                  0000fff8    00000002     rts430_eabi.lib : int12.asm.obj (.int12)

TIMER1_A0 
*          0    0000fffa    00000002     
                  0000fffa    00000002     main.obj (.int13)

NMI        0    0000fffc    00000002     
                  0000fffc    00000002     rts430_eabi.lib : int14.asm.obj (.int14)

.reset     0    0000fffe    00000002     
                  0000fffe    00000002     rts430_eabi.lib : boot.c.obj (.reset)

$fill000   0    0000ffde    00000002     
                  0000ffde    00000002     --HOLE-- [fill = ffff]

MODULE SUMMARY

       Module                       code   ro data   rw data
       ------                       ----   -------   -------
    .\
       main.obj                     3326   134       224    
    +--+----------------------------+------+---------+---------+
       Total:                       3326   134       224    
                                                            
    .\libs\
       mma.obj                      2100   0         75     
       LCD.obj                      688    0         1      
       i2c.obj                      450    4         48     
       templateEMP.obj              38     0         0      
    +--+----------------------------+------+---------+---------+
       Total:                       3276   4         124    
                                                            
    C:\ti\ccs1100\ccs\tools\compiler\ti-cgt-msp430_21.6.0.LTS\lib\rts430_eabi.lib
       copy_decompress_lzss.c.obj   124    0         0      
       lsr16.asm.obj                76     0         0      
       autoinit.c.obj               66     0         0      
       asr16.asm.obj                44     0         0      
       div16s.asm.obj               44     0         0      
       lsl16.asm.obj                44     0         0      
       boot.c.obj                   28     2         0      
       div16u.asm.obj               22     0         0      
       copy_zero_init.c.obj         20     0         0      
       copy_decompress_none.c.obj   18     0         0      
       memcpy.c.obj                 18     0         0      
       epilog.asm.obj               16     0         0      
       isr_trap.asm.obj             8      0         0      
       exit.c.obj                   6      0         0      
       pre_init.c.obj               4      0         0      
       int00.asm.obj                0      2         0      
       int03.asm.obj                0      2         0      
       int05.asm.obj                0      2         0      
       int08.asm.obj                0      2         0      
       int09.asm.obj                0      2         0      
       int10.asm.obj                0      2         0      
       int11.asm.obj                0      2         0      
       int12.asm.obj                0      2         0      
       int14.asm.obj                0      2         0      
       startup.c.obj                2      0         0      
    +--+----------------------------+------+---------+---------+
       Total:                       540    20        0      
                                                            
       Stack:                       0      0         80     
       Linker Generated:            0      104       0      
    +--+----------------------------+------+---------+---------+
       Grand Total:                 7142   262       428    


LINKER GENERATED COPY TABLES

__TI_cinit_table @ 0000dcc8 records: 2, size/record: 4, table size: 8
	.data: load addr=0000dc68, load size=00000056 bytes, run addr=00000200, run size=00000115 bytes, compression=lzss
	.bss: load addr=0000dcc4, load size=00000004 bytes, run addr=00000316, run size=00000047 bytes, compression=zero_init


LINKER GENERATED HANDLER TABLE

__TI_handler_table @ 0000dcbe records: 3, size/record: 2, table size: 6
	index: 0, handler: __TI_zero_init
	index: 1, handler: __TI_decompress_lzss
	index: 2, handler: __TI_decompress_none


GLOBAL SYMBOLS: SORTED ALPHABETICALLY BY Name 

address   name                          
-------   ----                          
0000004a  ADC10AE0                      
000001b0  ADC10CTL0                     
000001b2  ADC10CTL1                     
00000048  ADC10DTC0                     
00000049  ADC10DTC1                     
000001b4  ADC10MEM                      
000001bc  ADC10SA                       
00000057  BCSCTL1                       
00000058  BCSCTL2                       
00000053  BCSCTL3                       
0000dbda  C$$EXIT                       
00000059  CACTL1                        
0000005a  CACTL2                        
000010fb  CALBC1_12MHZ                  
000010f9  CALBC1_16MHZ                  
000010ff  CALBC1_1MHZ                   
000010fd  CALBC1_8MHZ                   
000010fa  CALDCO_12MHZ                  
000010f8  CALDCO_16MHZ                  
000010fe  CALDCO_1MHZ                   
000010fc  CALDCO_8MHZ                   
0000005b  CAPD                          
00000228  CMD_CTRL_REG1                 
00000229  CMD_CTRL_REG2                 
0000022c  CMD_CTRL_REG3                 
0000022d  CMD_CTRL_REG4                 
0000022e  CMD_CTRL_REG5                 
0000022b  CMD_PULSE_CFG                 
0000022f  CMD_PULSE_LTCY                
00000230  CMD_PULSE_THSZ                
00000231  CMD_PULSE_TMLT                
00000232  CMD_PULSE_WIND                
0000022a  CMD_XYZ_DATA_CFG              
0000035c  COPY_IDX                      
0000d8d8  CreateCustomCharacter         
00000056  DCOCTL                        
00000128  FCTL1                         
0000012a  FCTL2                         
0000012c  FCTL3                         
00000000  IE1                           
00000001  IE2                           
00000002  IFG1                          
00000003  IFG2                          
00000314  NACK                          
00000022  P1DIR                         
00000025  P1IE                          
00000024  P1IES                         
00000023  P1IFG                         
00000020  P1IN                          
00000021  P1OUT                         
00000027  P1REN                         
00000026  P1SEL                         
00000041  P1SEL2                        
0000002a  P2DIR                         
0000002d  P2IE                          
0000002c  P2IES                         
0000002b  P2IFG                         
00000028  P2IN                          
00000029  P2OUT                         
0000002f  P2REN                         
0000002e  P2SEL                         
00000042  P2SEL2                        
0000001a  P3DIR                         
00000018  P3IN                          
00000019  P3OUT                         
00000010  P3REN                         
0000001b  P3SEL                         
00000043  P3SEL2                        
0000da92  Port_1                        
00000316  READ_BYTE                     
00000318  READ_TWO_BYTES                
00000200  RX_BUFF                       
00000310  RX_IDX                        
0000030f  RX_LENGTH                     
0000031a  SEND_CMD                      
0000031c  SEND_REG                      
00000313  STP                           
00000172  TA0CCR0                       
00000174  TA0CCR1                       
00000176  TA0CCR2                       
00000162  TA0CCTL0                      
00000164  TA0CCTL1                      
00000166  TA0CCTL2                      
00000160  TA0CTL                        
0000012e  TA0IV                         
00000170  TA0R                          
00000192  TA1CCR0                       
00000194  TA1CCR1                       
00000196  TA1CCR2                       
00000182  TA1CCTL0                      
00000184  TA1CCTL1                      
00000186  TA1CCTL2                      
00000180  TA1CTL                        
0000011e  TA1IV                         
00000190  TA1R                          
000010db  TLV_ADC10_1_LEN               
000010da  TLV_ADC10_1_TAG               
000010c0  TLV_CHECKSUM                  
000010f7  TLV_DCO_30_LEN                
000010f6  TLV_DCO_30_TAG                
00000214  TX_BUFF                       
00000312  TX_IDX                        
00000311  TX_LENGTH                     
0000005d  UCA0ABCTL                     
00000062  UCA0BR0                       
00000063  UCA0BR1                       
00000060  UCA0CTL0                      
00000061  UCA0CTL1                      
0000005f  UCA0IRRCTL                    
0000005e  UCA0IRTCTL                    
00000064  UCA0MCTL                      
00000066  UCA0RXBUF                     
00000065  UCA0STAT                      
00000067  UCA0TXBUF                     
0000006a  UCB0BR0                       
0000006b  UCB0BR1                       
00000068  UCB0CTL0                      
00000069  UCB0CTL1                      
0000006c  UCB0I2CIE                     
00000118  UCB0I2COA                     
0000011a  UCB0I2CSA                     
0000006e  UCB0RXBUF                     
0000006d  UCB0STAT                      
0000006f  UCB0TXBUF                     
0000da0a  USCIAB0RX_ISR                 
0000d2b8  USCIAB0TX_ISR                 
00000120  WDTCTL                        
0000031e  X_ST_2g                       
00000320  X_ST_4g                       
00000322  X_ST_8g                       
00000324  X_ST_OFF_2g                   
00000326  X_ST_OFF_4g                   
00000328  X_ST_OFF_8g                   
0000032a  X_ST_ON_2g                    
0000032c  X_ST_ON_4g                    
0000032e  X_ST_ON_8g                    
00000330  Y_ST_2g                       
00000332  Y_ST_4g                       
00000334  Y_ST_8g                       
00000336  Y_ST_OFF_2g                   
00000338  Y_ST_OFF_4g                   
0000033a  Y_ST_OFF_8g                   
0000033c  Y_ST_ON_2g                    
0000033e  Y_ST_ON_4g                    
00000340  Y_ST_ON_8g                    
00000342  Z_ST_2g                       
00000344  Z_ST_4g                       
00000346  Z_ST_8g                       
00000348  Z_ST_OFF_2g                   
0000034a  Z_ST_OFF_4g                   
0000034c  Z_ST_OFF_8g                   
0000034e  Z_ST_ON_2g                    
00000350  Z_ST_ON_4g                    
00000352  Z_ST_ON_8g                    
00000400  __STACK_END                   
00000050  __STACK_SIZE                  
0000dcc8  __TI_CINIT_Base               
0000dcd0  __TI_CINIT_Limit              
0000dcd0  __TI_CINIT_Warm               
0000dcbe  __TI_Handler_Table_Base       
0000dcc4  __TI_Handler_Table_Limit      
0000dbca  __TI_ISR_TRAP                 
0000d7ee  __TI_auto_init_nobinit_nopinit
0000d3de  __TI_decompress_lzss          
0000db4c  __TI_decompress_none          
0000ffe0  __TI_int00                    
0000ffe4  __TI_int02                    
0000ffe6  __TI_int03                    
0000ffea  __TI_int05                    
0000ffec  __TI_int06                    
0000ffee  __TI_int07                    
0000fff0  __TI_int08                    
0000fff2  __TI_int09                    
0000fff4  __TI_int10                    
0000fff6  __TI_int11                    
0000fff8  __TI_int12                    
0000fffa  __TI_int13                    
0000fffc  __TI_int14                    
ffffffff  __TI_pprof_out_hndl           
ffffffff  __TI_prof_data_size           
ffffffff  __TI_prof_data_start          
0000db24  __TI_zero_init_nomemset       
ffffffff  __c_args__                    
0000d960  __mspabi_divi                 
0000db0e  __mspabi_divu                 
0000db8e  __mspabi_func_epilog_1        
0000db8c  __mspabi_func_epilog_2        
0000db8a  __mspabi_func_epilog_3        
0000db88  __mspabi_func_epilog_4        
0000db86  __mspabi_func_epilog_5        
0000db84  __mspabi_func_epilog_6        
0000db82  __mspabi_func_epilog_7        
0000d960  __mspabi_remi                 
0000db0e  __mspabi_remu                 
0000d98c  __mspabi_slli                 
0000d9b4  __mspabi_slli_1               
0000d9a2  __mspabi_slli_10              
0000d9a0  __mspabi_slli_11              
0000d99e  __mspabi_slli_12              
0000d99c  __mspabi_slli_13              
0000d99a  __mspabi_slli_14              
0000d998  __mspabi_slli_15              
0000d9b2  __mspabi_slli_2               
0000d9b0  __mspabi_slli_3               
0000d9ae  __mspabi_slli_4               
0000d9ac  __mspabi_slli_5               
0000d9aa  __mspabi_slli_6               
0000d9a8  __mspabi_slli_7               
0000d9a6  __mspabi_slli_8               
0000d9a4  __mspabi_slli_9               
0000d934  __mspabi_srai                 
0000d95c  __mspabi_srai_1               
0000d94a  __mspabi_srai_10              
0000d948  __mspabi_srai_11              
0000d946  __mspabi_srai_12              
0000d944  __mspabi_srai_13              
0000d942  __mspabi_srai_14              
0000d940  __mspabi_srai_15              
0000d95a  __mspabi_srai_2               
0000d958  __mspabi_srai_3               
0000d956  __mspabi_srai_4               
0000d954  __mspabi_srai_5               
0000d952  __mspabi_srai_6               
0000d950  __mspabi_srai_7               
0000d94e  __mspabi_srai_8               
0000d94c  __mspabi_srai_9               
0000d75c  __mspabi_srli                 
0000d7a2  __mspabi_srli_1               
0000d77e  __mspabi_srli_10              
0000d77a  __mspabi_srli_11              
0000d776  __mspabi_srli_12              
0000d772  __mspabi_srli_13              
0000d76e  __mspabi_srli_14              
0000d76a  __mspabi_srli_15              
0000d79e  __mspabi_srli_2               
0000d79a  __mspabi_srli_3               
0000d796  __mspabi_srli_4               
0000d792  __mspabi_srli_5               
0000d78e  __mspabi_srli_6               
0000d78a  __mspabi_srli_7               
0000d786  __mspabi_srli_8               
0000d782  __mspabi_srli_9               
0000da76  _c_int00_noargs               
0000fffe  _reset_vector                 
000003b0  _stack                        
0000dbe4  _system_post_cinit            
0000dbe0  _system_pre_init              
0000dbda  abort                         
00000354  acc                           
0000023e  bubble_down1_l                
00000246  bubble_down1_r                
0000024e  bubble_down2_l                
00000256  bubble_down2_r                
0000025e  bubble_down3_l                
00000266  bubble_down3_r                
0000026e  bubble_down4_l                
00000276  bubble_down4_r                
0000027e  bubble_down5_l                
00000286  bubble_down5_r                
0000028e  bubble_down6_l                
00000296  bubble_down6_r                
0000029e  bubble_mid_l                  
000002a6  bubble_mid_r                  
0000c000  bubble_state                  
0000ca12  bubble_treshold               
000002ae  bubble_up1_l                  
000002b6  bubble_up1_r                  
000002be  bubble_up2_l                  
000002c6  bubble_up2_r                  
000002ce  bubble_up3_l                  
000002d6  bubble_up3_r                  
000002de  bubble_up4_l                  
000002e6  bubble_up4_r                  
000002ee  bubble_up5_l                  
000002f6  bubble_up5_r                  
000002fe  bubble_up6_l                  
00000306  bubble_up6_r                  
0000d5a4  configure_gpio                
00000236  count                         
00000233  disp_state                    
00000234  error                         
0000023c  first                         
00000356  i                             
0000d830  i2c_init                      
0000d606  i2c_read                      
0000d664  i2c_write                     
0000da30  initMSP                       
00000238  inter                         
0000d9b8  lcd_SendByte                  
0000d4d0  lcd_SendNibble                
0000dbac  lcd_clear                     
0000daac  lcd_cursorBlink               
0000d8a6  lcd_cursorSet                 
0000dae0  lcd_cursorShow                
0000dac6  lcd_display_ctl               
0000db38  lcd_enable                    
0000dba0  lcd_entry_mode                
0000d7a8  lcd_func_set                  
0000d35e  lcd_init                      
0000da56  lcd_pindir                    
0000db92  lcd_putChar                   
0000d86e  lcd_putText                   
0000cdd8  main                          
0000db5e  memcpy                        
0000d9e2  mma8451q_read_byte            
0000d908  mma8451q_read_two_bytes       
0000daf8  mma8451q_write_cmd            
0000d0c6  mma_enableTapInterrupt        
0000d1fa  mma_get14                     
0000dbd2  mma_get14X                    
0000dbb6  mma_get14Y                    
0000dbc0  mma_get14Z                    
0000d540  mma_init                      
0000c5e4  mma_selftest                  
0000d45a  mma_setRange                  
0000d6be  mma_setResolution             
0000d710  myTimerISR                    
0000023a  sleep                         
00000358  state                         
0000035a  state_mem                     
0000db70  str_len                       
0000030e  transferFinished              


GLOBAL SYMBOLS: SORTED BY Symbol Address 

address   name                          
-------   ----                          
00000000  IE1                           
00000001  IE2                           
00000002  IFG1                          
00000003  IFG2                          
00000010  P3REN                         
00000018  P3IN                          
00000019  P3OUT                         
0000001a  P3DIR                         
0000001b  P3SEL                         
00000020  P1IN                          
00000021  P1OUT                         
00000022  P1DIR                         
00000023  P1IFG                         
00000024  P1IES                         
00000025  P1IE                          
00000026  P1SEL                         
00000027  P1REN                         
00000028  P2IN                          
00000029  P2OUT                         
0000002a  P2DIR                         
0000002b  P2IFG                         
0000002c  P2IES                         
0000002d  P2IE                          
0000002e  P2SEL                         
0000002f  P2REN                         
00000041  P1SEL2                        
00000042  P2SEL2                        
00000043  P3SEL2                        
00000048  ADC10DTC0                     
00000049  ADC10DTC1                     
0000004a  ADC10AE0                      
00000050  __STACK_SIZE                  
00000053  BCSCTL3                       
00000056  DCOCTL                        
00000057  BCSCTL1                       
00000058  BCSCTL2                       
00000059  CACTL1                        
0000005a  CACTL2                        
0000005b  CAPD                          
0000005d  UCA0ABCTL                     
0000005e  UCA0IRTCTL                    
0000005f  UCA0IRRCTL                    
00000060  UCA0CTL0                      
00000061  UCA0CTL1                      
00000062  UCA0BR0                       
00000063  UCA0BR1                       
00000064  UCA0MCTL                      
00000065  UCA0STAT                      
00000066  UCA0RXBUF                     
00000067  UCA0TXBUF                     
00000068  UCB0CTL0                      
00000069  UCB0CTL1                      
0000006a  UCB0BR0                       
0000006b  UCB0BR1                       
0000006c  UCB0I2CIE                     
0000006d  UCB0STAT                      
0000006e  UCB0RXBUF                     
0000006f  UCB0TXBUF                     
00000118  UCB0I2COA                     
0000011a  UCB0I2CSA                     
0000011e  TA1IV                         
00000120  WDTCTL                        
00000128  FCTL1                         
0000012a  FCTL2                         
0000012c  FCTL3                         
0000012e  TA0IV                         
00000160  TA0CTL                        
00000162  TA0CCTL0                      
00000164  TA0CCTL1                      
00000166  TA0CCTL2                      
00000170  TA0R                          
00000172  TA0CCR0                       
00000174  TA0CCR1                       
00000176  TA0CCR2                       
00000180  TA1CTL                        
00000182  TA1CCTL0                      
00000184  TA1CCTL1                      
00000186  TA1CCTL2                      
00000190  TA1R                          
00000192  TA1CCR0                       
00000194  TA1CCR1                       
00000196  TA1CCR2                       
000001b0  ADC10CTL0                     
000001b2  ADC10CTL1                     
000001b4  ADC10MEM                      
000001bc  ADC10SA                       
00000200  RX_BUFF                       
00000214  TX_BUFF                       
00000228  CMD_CTRL_REG1                 
00000229  CMD_CTRL_REG2                 
0000022a  CMD_XYZ_DATA_CFG              
0000022b  CMD_PULSE_CFG                 
0000022c  CMD_CTRL_REG3                 
0000022d  CMD_CTRL_REG4                 
0000022e  CMD_CTRL_REG5                 
0000022f  CMD_PULSE_LTCY                
00000230  CMD_PULSE_THSZ                
00000231  CMD_PULSE_TMLT                
00000232  CMD_PULSE_WIND                
00000233  disp_state                    
00000234  error                         
00000236  count                         
00000238  inter                         
0000023a  sleep                         
0000023c  first                         
0000023e  bubble_down1_l                
00000246  bubble_down1_r                
0000024e  bubble_down2_l                
00000256  bubble_down2_r                
0000025e  bubble_down3_l                
00000266  bubble_down3_r                
0000026e  bubble_down4_l                
00000276  bubble_down4_r                
0000027e  bubble_down5_l                
00000286  bubble_down5_r                
0000028e  bubble_down6_l                
00000296  bubble_down6_r                
0000029e  bubble_mid_l                  
000002a6  bubble_mid_r                  
000002ae  bubble_up1_l                  
000002b6  bubble_up1_r                  
000002be  bubble_up2_l                  
000002c6  bubble_up2_r                  
000002ce  bubble_up3_l                  
000002d6  bubble_up3_r                  
000002de  bubble_up4_l                  
000002e6  bubble_up4_r                  
000002ee  bubble_up5_l                  
000002f6  bubble_up5_r                  
000002fe  bubble_up6_l                  
00000306  bubble_up6_r                  
0000030e  transferFinished              
0000030f  RX_LENGTH                     
00000310  RX_IDX                        
00000311  TX_LENGTH                     
00000312  TX_IDX                        
00000313  STP                           
00000314  NACK                          
00000316  READ_BYTE                     
00000318  READ_TWO_BYTES                
0000031a  SEND_CMD                      
0000031c  SEND_REG                      
0000031e  X_ST_2g                       
00000320  X_ST_4g                       
00000322  X_ST_8g                       
00000324  X_ST_OFF_2g                   
00000326  X_ST_OFF_4g                   
00000328  X_ST_OFF_8g                   
0000032a  X_ST_ON_2g                    
0000032c  X_ST_ON_4g                    
0000032e  X_ST_ON_8g                    
00000330  Y_ST_2g                       
00000332  Y_ST_4g                       
00000334  Y_ST_8g                       
00000336  Y_ST_OFF_2g                   
00000338  Y_ST_OFF_4g                   
0000033a  Y_ST_OFF_8g                   
0000033c  Y_ST_ON_2g                    
0000033e  Y_ST_ON_4g                    
00000340  Y_ST_ON_8g                    
00000342  Z_ST_2g                       
00000344  Z_ST_4g                       
00000346  Z_ST_8g                       
00000348  Z_ST_OFF_2g                   
0000034a  Z_ST_OFF_4g                   
0000034c  Z_ST_OFF_8g                   
0000034e  Z_ST_ON_2g                    
00000350  Z_ST_ON_4g                    
00000352  Z_ST_ON_8g                    
00000354  acc                           
00000356  i                             
00000358  state                         
0000035a  state_mem                     
0000035c  COPY_IDX                      
000003b0  _stack                        
00000400  __STACK_END                   
000010c0  TLV_CHECKSUM                  
000010da  TLV_ADC10_1_TAG               
000010db  TLV_ADC10_1_LEN               
000010f6  TLV_DCO_30_TAG                
000010f7  TLV_DCO_30_LEN                
000010f8  CALDCO_16MHZ                  
000010f9  CALBC1_16MHZ                  
000010fa  CALDCO_12MHZ                  
000010fb  CALBC1_12MHZ                  
000010fc  CALDCO_8MHZ                   
000010fd  CALBC1_8MHZ                   
000010fe  CALDCO_1MHZ                   
000010ff  CALBC1_1MHZ                   
0000c000  bubble_state                  
0000c5e4  mma_selftest                  
0000ca12  bubble_treshold               
0000cdd8  main                          
0000d0c6  mma_enableTapInterrupt        
0000d1fa  mma_get14                     
0000d2b8  USCIAB0TX_ISR                 
0000d35e  lcd_init                      
0000d3de  __TI_decompress_lzss          
0000d45a  mma_setRange                  
0000d4d0  lcd_SendNibble                
0000d540  mma_init                      
0000d5a4  configure_gpio                
0000d606  i2c_read                      
0000d664  i2c_write                     
0000d6be  mma_setResolution             
0000d710  myTimerISR                    
0000d75c  __mspabi_srli                 
0000d76a  __mspabi_srli_15              
0000d76e  __mspabi_srli_14              
0000d772  __mspabi_srli_13              
0000d776  __mspabi_srli_12              
0000d77a  __mspabi_srli_11              
0000d77e  __mspabi_srli_10              
0000d782  __mspabi_srli_9               
0000d786  __mspabi_srli_8               
0000d78a  __mspabi_srli_7               
0000d78e  __mspabi_srli_6               
0000d792  __mspabi_srli_5               
0000d796  __mspabi_srli_4               
0000d79a  __mspabi_srli_3               
0000d79e  __mspabi_srli_2               
0000d7a2  __mspabi_srli_1               
0000d7a8  lcd_func_set                  
0000d7ee  __TI_auto_init_nobinit_nopinit
0000d830  i2c_init                      
0000d86e  lcd_putText                   
0000d8a6  lcd_cursorSet                 
0000d8d8  CreateCustomCharacter         
0000d908  mma8451q_read_two_bytes       
0000d934  __mspabi_srai                 
0000d940  __mspabi_srai_15              
0000d942  __mspabi_srai_14              
0000d944  __mspabi_srai_13              
0000d946  __mspabi_srai_12              
0000d948  __mspabi_srai_11              
0000d94a  __mspabi_srai_10              
0000d94c  __mspabi_srai_9               
0000d94e  __mspabi_srai_8               
0000d950  __mspabi_srai_7               
0000d952  __mspabi_srai_6               
0000d954  __mspabi_srai_5               
0000d956  __mspabi_srai_4               
0000d958  __mspabi_srai_3               
0000d95a  __mspabi_srai_2               
0000d95c  __mspabi_srai_1               
0000d960  __mspabi_divi                 
0000d960  __mspabi_remi                 
0000d98c  __mspabi_slli                 
0000d998  __mspabi_slli_15              
0000d99a  __mspabi_slli_14              
0000d99c  __mspabi_slli_13              
0000d99e  __mspabi_slli_12              
0000d9a0  __mspabi_slli_11              
0000d9a2  __mspabi_slli_10              
0000d9a4  __mspabi_slli_9               
0000d9a6  __mspabi_slli_8               
0000d9a8  __mspabi_slli_7               
0000d9aa  __mspabi_slli_6               
0000d9ac  __mspabi_slli_5               
0000d9ae  __mspabi_slli_4               
0000d9b0  __mspabi_slli_3               
0000d9b2  __mspabi_slli_2               
0000d9b4  __mspabi_slli_1               
0000d9b8  lcd_SendByte                  
0000d9e2  mma8451q_read_byte            
0000da0a  USCIAB0RX_ISR                 
0000da30  initMSP                       
0000da56  lcd_pindir                    
0000da76  _c_int00_noargs               
0000da92  Port_1                        
0000daac  lcd_cursorBlink               
0000dac6  lcd_display_ctl               
0000dae0  lcd_cursorShow                
0000daf8  mma8451q_write_cmd            
0000db0e  __mspabi_divu                 
0000db0e  __mspabi_remu                 
0000db24  __TI_zero_init_nomemset       
0000db38  lcd_enable                    
0000db4c  __TI_decompress_none          
0000db5e  memcpy                        
0000db70  str_len                       
0000db82  __mspabi_func_epilog_7        
0000db84  __mspabi_func_epilog_6        
0000db86  __mspabi_func_epilog_5        
0000db88  __mspabi_func_epilog_4        
0000db8a  __mspabi_func_epilog_3        
0000db8c  __mspabi_func_epilog_2        
0000db8e  __mspabi_func_epilog_1        
0000db92  lcd_putChar                   
0000dba0  lcd_entry_mode                
0000dbac  lcd_clear                     
0000dbb6  mma_get14Y                    
0000dbc0  mma_get14Z                    
0000dbca  __TI_ISR_TRAP                 
0000dbd2  mma_get14X                    
0000dbda  C$$EXIT                       
0000dbda  abort                         
0000dbe0  _system_pre_init              
0000dbe4  _system_post_cinit            
0000dcbe  __TI_Handler_Table_Base       
0000dcc4  __TI_Handler_Table_Limit      
0000dcc8  __TI_CINIT_Base               
0000dcd0  __TI_CINIT_Limit              
0000dcd0  __TI_CINIT_Warm               
0000ffe0  __TI_int00                    
0000ffe4  __TI_int02                    
0000ffe6  __TI_int03                    
0000ffea  __TI_int05                    
0000ffec  __TI_int06                    
0000ffee  __TI_int07                    
0000fff0  __TI_int08                    
0000fff2  __TI_int09                    
0000fff4  __TI_int10                    
0000fff6  __TI_int11                    
0000fff8  __TI_int12                    
0000fffa  __TI_int13                    
0000fffc  __TI_int14                    
0000fffe  _reset_vector                 
ffffffff  __TI_pprof_out_hndl           
ffffffff  __TI_prof_data_size           
ffffffff  __TI_prof_data_start          
ffffffff  __c_args__                    

[322 symbols]
